Component: ARM Compiler 5.06 update 6 (build 750) Tool: armlink [4d35ed]

==============================================================================

Section Cross References

    startup_stm32f100xb.o(RESET) refers to startup_stm32f100xb.o(STACK) for __initial_sp
    startup_stm32f100xb.o(RESET) refers to startup_stm32f100xb.o(.text) for Reset_Handler
    startup_stm32f100xb.o(RESET) refers to stm32f1xx_it.o(i.NMI_Handler) for NMI_Handler
    startup_stm32f100xb.o(RESET) refers to stm32f1xx_it.o(i.HardFault_Handler) for HardFault_Handler
    startup_stm32f100xb.o(RESET) refers to stm32f1xx_it.o(i.MemManage_Handler) for MemManage_Handler
    startup_stm32f100xb.o(RESET) refers to stm32f1xx_it.o(i.BusFault_Handler) for BusFault_Handler
    startup_stm32f100xb.o(RESET) refers to stm32f1xx_it.o(i.UsageFault_Handler) for UsageFault_Handler
    startup_stm32f100xb.o(RESET) refers to stm32f1xx_it.o(i.SVC_Handler) for SVC_Handler
    startup_stm32f100xb.o(RESET) refers to stm32f1xx_it.o(i.DebugMon_Handler) for DebugMon_Handler
    startup_stm32f100xb.o(RESET) refers to stm32f1xx_it.o(i.PendSV_Handler) for PendSV_Handler
    startup_stm32f100xb.o(RESET) refers to stm32f1xx_it.o(i.SysTick_Handler) for SysTick_Handler
    startup_stm32f100xb.o(RESET) refers to stm32f1xx_it.o(i.DMA1_Channel1_IRQHandler) for DMA1_Channel1_IRQHandler
    startup_stm32f100xb.o(RESET) refers to stm32f1xx_it.o(i.DMA1_Channel4_IRQHandler) for DMA1_Channel4_IRQHandler
    startup_stm32f100xb.o(RESET) refers to stm32f1xx_it.o(i.DMA1_Channel5_IRQHandler) for DMA1_Channel5_IRQHandler
    startup_stm32f100xb.o(RESET) refers to stm32f1xx_it.o(i.ADC1_IRQHandler) for ADC1_IRQHandler
    startup_stm32f100xb.o(RESET) refers to stm32f1xx_it.o(i.I2C1_EV_IRQHandler) for I2C1_EV_IRQHandler
    startup_stm32f100xb.o(RESET) refers to stm32f1xx_it.o(i.I2C1_ER_IRQHandler) for I2C1_ER_IRQHandler
    startup_stm32f100xb.o(RESET) refers to stm32f1xx_it.o(i.USART1_IRQHandler) for USART1_IRQHandler
    startup_stm32f100xb.o(.text) refers to system_stm32f1xx.o(i.SystemInit) for SystemInit
    startup_stm32f100xb.o(.text) refers to entry.o(.ARM.Collect$$$$00000000) for __main
    main.o(i.HAL_UART_RxCpltCallback) refers to stm32f1xx_hal_uart.o(i.HAL_UART_Transmit) for HAL_UART_Transmit
    main.o(i.HAL_UART_RxCpltCallback) refers to main.o(.data) for .data
    main.o(i.HAL_UART_RxCpltCallback) refers to usart.o(.bss) for huart1
    main.o(i.SystemClock_Config) refers to memseta.o(.text) for __aeabi_memclr4
    main.o(i.SystemClock_Config) refers to stm32f1xx_hal_rcc.o(i.HAL_RCC_OscConfig) for HAL_RCC_OscConfig
    main.o(i.SystemClock_Config) refers to stm32f1xx_hal_rcc.o(i.HAL_RCC_ClockConfig) for HAL_RCC_ClockConfig
    main.o(i.SystemClock_Config) refers to stm32f1xx_hal_rcc_ex.o(i.HAL_RCCEx_PeriphCLKConfig) for HAL_RCCEx_PeriphCLKConfig
    main.o(i.main) refers to stm32f1xx_hal.o(i.HAL_Init) for HAL_Init
    main.o(i.main) refers to delay.o(i.Delay_Init) for Delay_Init
    main.o(i.main) refers to main.o(i.SystemClock_Config) for SystemClock_Config
    main.o(i.main) refers to gpio.o(i.MX_GPIO_Init) for MX_GPIO_Init
    main.o(i.main) refers to dma.o(i.MX_DMA_Init) for MX_DMA_Init
    main.o(i.main) refers to spi.o(i.MX_SPI1_Init) for MX_SPI1_Init
    main.o(i.main) refers to adc.o(i.MX_ADC1_Init) for MX_ADC1_Init
    main.o(i.main) refers to usart.o(i.MX_USART1_UART_Init) for MX_USART1_UART_Init
    main.o(i.main) refers to i2c.o(i.MX_I2C1_Init) for MX_I2C1_Init
    main.o(i.main) refers to tim.o(i.MX_TIM2_Init) for MX_TIM2_Init
    main.o(i.main) refers to stm32f1xx_hal_uart.o(i.HAL_UART_Receive_DMA) for HAL_UART_Receive_DMA
    main.o(i.main) refers to printfa.o(i.__0printf) for __2printf
    main.o(i.main) refers to oled12864.o(i.SSD1306_Init) for SSD1306_Init
    main.o(i.main) refers to dht11.o(i.DHT11_Init) for DHT11_Init
    main.o(i.main) refers to stm32f1xx_hal_adc_ex.o(i.HAL_ADCEx_Calibration_Start) for HAL_ADCEx_Calibration_Start
    main.o(i.main) refers to stm32f1xx_hal_spi.o(i.HAL_SPI_Init) for HAL_SPI_Init
    main.o(i.main) refers to nrf24l01.o(i.NRF24L01_Init) for NRF24L01_Init
    main.o(i.main) refers to oled12864.o(i.SSD1306_GotoXY) for SSD1306_GotoXY
    main.o(i.main) refers to oled12864.o(i.OLED_ShowText) for OLED_ShowText
    main.o(i.main) refers to oled12864.o(i.SSD1306_UpdateScreen) for SSD1306_UpdateScreen
    main.o(i.main) refers to nrf24l01.o(i.NRF24L01_RxPacket) for NRF24L01_RxPacket
    main.o(i.main) refers to oled12864.o(i.SSD1306_Puts) for SSD1306_Puts
    main.o(i.main) refers to dht11.o(i.DHT11_Read_Data_Float) for DHT11_Read_Data_Float
    main.o(i.main) refers to delay.o(i.Delay_ms) for Delay_ms
    main.o(i.main) refers to f2d.o(.text) for __aeabi_f2d
    main.o(i.main) refers to ffixui.o(.text) for __aeabi_f2uiz
    main.o(i.main) refers to ffltui.o(.text) for __aeabi_ui2f
    main.o(i.main) refers to fadd.o(.text) for __aeabi_frsub
    main.o(i.main) refers to dmul.o(.text) for __aeabi_dmul
[...]
    ..\\Drivers\\Devices\\src\\delay.c       0x00000000   Number         0  delay.o ABSOLUTE
    ..\\Drivers\\Devices\\src\\dht11.c       0x00000000   Number         0  dht11.o ABSOLUTE
    ..\\Drivers\\Devices\\src\\fonts.c       0x00000000   Number         0  fonts.o ABSOLUTE
    ..\\Drivers\\Devices\\src\\nrf24l01.c    0x00000000   Number         0  nrf24l01.o ABSOLUTE
    ..\\Drivers\\Devices\\src\\oled12864.c   0x00000000   Number         0  oled12864.o ABSOLUTE
    cdrcmple.s                               0x00000000   Number         0  cdrcmple.o ABSOLUTE
    dc.s                                     0x00000000   Number         0  dc.o ABSOLUTE
    handlers.s                               0x00000000   Number         0  handlers.o ABSOLUTE
    init.s                                   0x00000000   Number         0  init.o ABSOLUTE
    startup_stm32f100xb.s                    0x00000000   Number         0  startup_stm32f100xb.o ABSOLUTE
    RESET                                    0x08000000   Section      288  startup_stm32f100xb.o(RESET)
    .ARM.Collect$$$$00000000                 0x08000120   Section        0  entry.o(.ARM.Collect$$$$00000000)
    .ARM.Collect$$$$00000001                 0x08000120   Section        4  entry2.o(.ARM.Collect$$$$00000001)
    .ARM.Collect$$$$00000004                 0x08000124   Section        4  entry5.o(.ARM.Collect$$$$00000004)
    .ARM.Collect$$$$00000008                 0x08000128   Section        0  entry7b.o(.ARM.Collect$$$$00000008)
    .ARM.Collect$$$$0000000A                 0x08000128   Section        0  entry8b.o(.ARM.Collect$$$$0000000A)
    .ARM.Collect$$$$0000000B                 0x08000128   Section        8  entry9a.o(.ARM.Collect$$$$0000000B)
    .ARM.Collect$$$$0000000D                 0x08000130   Section        0  entry10a.o(.ARM.Collect$$$$0000000D)
    .ARM.Collect$$$$0000000F                 0x08000130   Section        0  entry11a.o(.ARM.Collect$$$$0000000F)
    .ARM.Collect$$$$00002712                 0x08000130   Section        4  entry2.o(.ARM.Collect$$$$00002712)
    __lit__00000000                          0x08000130   Data           4  entry2.o(.ARM.Collect$$$$00002712)
    .text                                    0x08000134   Section       36  startup_stm32f100xb.o(.text)
    .text                                    0x08000158   Section        0  llushr.o(.text)
    .text                                    0x08000178   Section        0  memseta.o(.text)
    .text                                    0x0800019c   Section        0  fadd.o(.text)
    .text                                    0x0800024c   Section        0  dadd.o(.text)
    .text                                    0x0800039a   Section        0  dmul.o(.text)
    .text                                    0x0800047e   Section        0  ddiv.o(.text)
    .text                                    0x0800055c   Section        0  ffltui.o(.text)
    .text                                    0x08000566   Section        0  dfltui.o(.text)
    .text                                    0x08000580   Section        0  ffixui.o(.text)
    .text                                    0x080005a8   Section        0  dfixui.o(.text)
    .text                                    0x080005da   Section        0  f2d.o(.text)
    .text                                    0x08000600   Section        0  d2f.o(.text)
    .text                                    0x08000638   Section        0  uidiv.o(.text)
    .text                                    0x08000664   Section        0  uldiv.o(.text)
    .text                                    0x080006c6   Section        0  llshl.o(.text)
    .text                                    0x080006e4   Section        0  llsshr.o(.text)
    .text                                    0x08000708   Section        0  fepilogue.o(.text)
    .text                                    0x08000708   Section        0  iusefp.o(.text)
    .text                                    0x08000776   Section        0  depilogue.o(.text)
    .text                                    0x08000830   Section        0  dfixul.o(.text)
    .text                                    0x08000860   Section       48  cdrcmple.o(.text)
    .text                                    0x08000890   Section       36  init.o(.text)
    .text                                    0x080008b4   Section        0  __dczerorl2.o(.text)
    i.ADC1_IRQHandler                        0x0800090c   Section        0  stm32f1xx_it.o(i.ADC1_IRQHandler)
    i.ADC_ConversionStop_Disable             0x08000918   Section        0  stm32f1xx_hal_adc.o(i.ADC_ConversionStop_Disable)
    i.ADC_Enable                             0x08000964   Section        0  stm32f1xx_hal_adc.o(i.ADC_Enable)
    i.BusFault_Handler                       0x080009d4   Section        0  stm32f1xx_it.o(i.BusFault_Handler)
    i.DHT11_Check                            0x080009d8   Section        0  dht11.o(i.DHT11_Check)
    i.DHT11_Init                             0x08000a3c   Section        0  dht11.o(i.DHT11_Init)
    i.DHT11_Read_Bit                         0x08000aa0   Section        0  dht11.o(i.DHT11_Read_Bit)
    i.DHT11_Read_Byte                        0x08000aec   Section        0  dht11.o(i.DHT11_Read_Byte)
    i.DHT11_Read_Data_Float                  0x08000b08   Section        0  dht11.o(i.DHT11_Read_Data_Float)
    i.DHT11_Rst                              0x08000b9c   Section        0  dht11.o(i.DHT11_Rst)
    i.DMA1_Channel1_IRQHandler               0x08000bd8   Section        0  stm32f1xx_it.o(i.DMA1_Channel1_IRQHandler)
    i.DMA1_Channel4_IRQHandler               0x08000be4   Section        0  stm32f1xx_it.o(i.DMA1_Channel4_IRQHandler)
    i.DMA1_Channel5_IRQHandler               0x08000bf0   Section        0  stm32f1xx_it.o(i.DMA1_Channel5_IRQHandler)
    i.DMA_SetConfig                          0x08000bfc   Section        0  stm32f1xx_hal_dma.o(i.DMA_SetConfig)
    DMA_SetConfig                            0x08000bfd   Thumb Code    42  stm32f1xx_hal_dma.o(i.DMA_SetConfig)
    i.DebugMon_Handler                       0x08000c26   Section        0  stm32f1xx_it.o(i.DebugMon_Handler)
    i.Delay_Init                             0x08000c28   Section        0  delay.o(i.Delay_Init)
    i.Delay_ms                               0x08000c60   Section        0  delay.o(i.Delay_ms)
    i.Delay_us                               0x08000c90   Section        0  delay.o(i.Delay_us)
    i.Error_Handler                          0x08000cc0   Section        0  main.o(i.Error_Handler)
    i.HAL_ADCEx_Calibration_Start            0x08000cc4   Section        0  stm32f1xx_hal_adc_ex.o(i.HAL_ADCEx_Calibration_Start)
    i.HAL_ADCEx_InjectedConvCpltCallback     0x08000d8c   Section        0  stm32f1xx_hal_adc_ex.o(i.HAL_ADCEx_InjectedConvCpltCallback)
    i.HAL_ADC_ConfigChannel                  0x08000d90   Section        0  stm32f1xx_hal_adc.o(i.HAL_ADC_ConfigChannel)
    i.HAL_ADC_ConvCpltCallback               0x08000e8c   Section        0  stm32f1xx_hal_adc.o(i.HAL_ADC_ConvCpltCallback)
    i.HAL_ADC_IRQHandler                     0x08000e8e   Section        0  stm32f1xx_hal_adc.o(i.HAL_ADC_IRQHandler)
    i.HAL_ADC_Init                           0x08000f74   Section        0  stm32f1xx_hal_adc.o(i.HAL_ADC_Init)
    i.HAL_ADC_LevelOutOfWindowCallback       0x08001090   Section        0  stm32f1xx_hal_adc.o(i.HAL_ADC_LevelOutOfWindowCallback)
    i.HAL_ADC_MspInit                        0x08001094   Section        0  adc.o(i.HAL_ADC_MspInit)
    i.HAL_DMA_Abort_IT                       0x08001134   Section        0  stm32f1xx_hal_dma.o(i.HAL_DMA_Abort_IT)
    i.HAL_DMA_GetState                       0x080011cc   Section        0  stm32f1xx_hal_dma.o(i.HAL_DMA_GetState)
    i.HAL_DMA_IRQHandler                     0x080011d4   Section        0  stm32f1xx_hal_dma.o(i.HAL_DMA_IRQHandler)
    i.HAL_DMA_Init                           0x08001328   Section        0  stm32f1xx_hal_dma.o(i.HAL_DMA_Init)
    i.HAL_DMA_Start_IT                       0x08001384   Section        0  stm32f1xx_hal_dma.o(i.HAL_DMA_Start_IT)
    i.HAL_GPIO_Init                          0x080013f4   Section        0  stm32f1xx_hal_gpio.o(i.HAL_GPIO_Init)
    i.HAL_GPIO_WritePin                      0x080015d4   Section        0  stm32f1xx_hal_gpio.o(i.HAL_GPIO_WritePin)
    i.HAL_GetTick                            0x080015e0   Section        0  stm32f1xx_hal.o(i.HAL_GetTick)
    i.HAL_I2C_AbortCpltCallback              0x080015ec   Section        0  stm32f1xx_hal_i2c.o(i.HAL_I2C_AbortCpltCallback)
    i.HAL_I2C_AddrCallback                   0x080015ee   Section        0  stm32f1xx_hal_i2c.o(i.HAL_I2C_AddrCallback)
    i.HAL_I2C_ER_IRQHandler                  0x080015f0   Section        0  stm32f1xx_hal_i2c.o(i.HAL_I2C_ER_IRQHandler)
    i.HAL_I2C_EV_IRQHandler                  0x080016b4   Section        0  stm32f1xx_hal_i2c.o(i.HAL_I2C_EV_IRQHandler)
    i.HAL_I2C_ErrorCallback                  0x0800190e   Section        0  stm32f1xx_hal_i2c.o(i.HAL_I2C_ErrorCallback)
    i.HAL_I2C_Init                           0x08001910   Section        0  stm32f1xx_hal_i2c.o(i.HAL_I2C_Init)
    i.HAL_I2C_ListenCpltCallback             0x08001a84   Section        0  stm32f1xx_hal_i2c.o(i.HAL_I2C_ListenCpltCallback)
    i.HAL_I2C_MasterRxCpltCallback           0x08001a86   Section        0  stm32f1xx_hal_i2c.o(i.HAL_I2C_MasterRxCpltCallback)
    i.HAL_I2C_MasterTxCpltCallback           0x08001a88   Section        0  stm32f1xx_hal_i2c.o(i.HAL_I2C_MasterTxCpltCallback)
    i.HAL_I2C_Master_Transmit                0x08001a8c   Section        0  stm32f1xx_hal_i2c.o(i.HAL_I2C_Master_Transmit)
    i.HAL_I2C_MemRxCpltCallback              0x08001bb8   Section        0  stm32f1xx_hal_i2c.o(i.HAL_I2C_MemRxCpltCallback)
    i.HAL_I2C_MemTxCpltCallback              0x08001bba   Section        0  stm32f1xx_hal_i2c.o(i.HAL_I2C_MemTxCpltCallback)
    i.HAL_I2C_MspInit                        0x08001bbc   Section        0  i2c.o(i.HAL_I2C_MspInit)
    i.HAL_I2C_SlaveRxCpltCallback            0x08001c38   Section        0  stm32f1xx_hal_i2c.o(i.HAL_I2C_SlaveRxCpltCallback)
    i.HAL_I2C_SlaveTxCpltCallback            0x08001c3a   Section        0  stm32f1xx_hal_i2c.o(i.HAL_I2C_SlaveTxCpltCallback)
    i.HAL_IncTick                            0x08001c3c   Section        0  stm32f1xx_hal.o(i.HAL_IncTick)
    i.HAL_Init                               0x08001c4c   Section        0  stm32f1xx_hal.o(i.HAL_Init)
    i.HAL_InitTick                           0x08001c64   Section        0  stm32f1xx_hal.o(i.HAL_InitTick)
    i.HAL_MspInit                            0x08001ca4   Section        0  stm32f1xx_hal_msp.o(i.HAL_MspInit)
    i.HAL_NVIC_EnableIRQ                     0x08001ce0   Section        0  stm32f1xx_hal_cortex.o(i.HAL_NVIC_EnableIRQ)
    i.HAL_NVIC_SetPriority                   0x08001cfc   Section        0  stm32f1xx_hal_cortex.o(i.HAL_NVIC_SetPriority)
    i.HAL_NVIC_SetPriorityGrouping           0x08001d3c   Section        0  stm32f1xx_hal_cortex.o(i.HAL_NVIC_SetPriorityGrouping)
    i.HAL_RCCEx_GetPeriphCLKFreq             0x08001d60   Section        0  stm32f1xx_hal_rcc_ex.o(i.HAL_RCCEx_GetPeriphCLKFreq)
    i.HAL_RCCEx_PeriphCLKConfig              0x08001dbc   Section        0  stm32f1xx_hal_rcc_ex.o(i.HAL_RCCEx_PeriphCLKConfig)
    i.HAL_RCC_ClockConfig                    0x08001e98   Section        0  stm32f1xx_hal_rcc.o(i.HAL_RCC_ClockConfig)
    i.HAL_RCC_GetPCLK1Freq                   0x08001f80   Section        0  stm32f1xx_hal_rcc.o(i.HAL_RCC_GetPCLK1Freq)
    i.HAL_RCC_GetPCLK2Freq                   0x08001fa0   Section        0  stm32f1xx_hal_rcc.o(i.HAL_RCC_GetPCLK2Freq)
    i.HAL_RCC_GetSysClockFreq                0x08001fc0   Section        0  stm32f1xx_hal_rcc.o(i.HAL_RCC_GetSysClockFreq)
    i.HAL_RCC_OscConfig                      0x0800203c   Section        0  stm32f1xx_hal_rcc.o(i.HAL_RCC_OscConfig)
    i.HAL_SPI_Init                           0x0800235c   Section        0  stm32f1xx_hal_spi.o(i.HAL_SPI_Init)
    i.HAL_SPI_MspInit                        0x080023d0   Section        0  spi.o(i.HAL_SPI_MspInit)
    i.HAL_SPI_TransmitReceive                0x08002440   Section        0  stm32f1xx_hal_spi.o(i.HAL_SPI_TransmitReceive)
    i.HAL_SYSTICK_CLKSourceConfig            0x08002622   Section        0  stm32f1xx_hal_cortex.o(i.HAL_SYSTICK_CLKSourceConfig)
    i.HAL_SYSTICK_Config                     0x0800263a   Section        0  stm32f1xx_hal_cortex.o(i.HAL_SYSTICK_Config)
    i.HAL_TIMEx_MasterConfigSynchronization  0x08002662   Section        0  stm32f1xx_hal_tim_ex.o(i.HAL_TIMEx_MasterConfigSynchronization)
    i.HAL_TIM_Encoder_Init                   0x080026a4   Section        0  stm32f1xx_hal_tim.o(i.HAL_TIM_Encoder_Init)
    i.HAL_TIM_Encoder_MspInit                0x0800273c   Section        0  tim.o(i.HAL_TIM_Encoder_MspInit)
    i.HAL_UART_ErrorCallback                 0x080027c8   Section        0  stm32f1xx_hal_uart.o(i.HAL_UART_ErrorCallback)
    i.HAL_UART_IRQHandler                    0x080027cc   Section        0  stm32f1xx_hal_uart.o(i.HAL_UART_IRQHandler)
    i.HAL_UART_Init                          0x080028dc   Section        0  stm32f1xx_hal_uart.o(i.HAL_UART_Init)
    i.HAL_UART_MspInit                       0x08002940   Section        0  usart.o(i.HAL_UART_MspInit)
    i.HAL_UART_Receive_DMA                   0x08002a1c   Section        0  stm32f1xx_hal_uart.o(i.HAL_UART_Receive_DMA)
    i.HAL_UART_RxCpltCallback                0x08002ab4   Section        0  main.o(i.HAL_UART_RxCpltCallback)
    i.HAL_UART_RxHalfCpltCallback            0x08002ac8   Section        0  stm32f1xx_hal_uart.o(i.HAL_UART_RxHalfCpltCallback)
    i.HAL_UART_Transmit                      0x08002aca   Section        0  stm32f1xx_hal_uart.o(i.HAL_UART_Transmit)
    i.HAL_UART_TxCpltCallback                0x08002b84   Section        0  stm32f1xx_hal_uart.o(i.HAL_UART_TxCpltCallback)
    i.HardFault_Handler                      0x08002b86   Section        0  stm32f1xx_it.o(i.HardFault_Handler)
    i.I2C1_ER_IRQHandler                     0x08002b88   Section        0  stm32f1xx_it.o(i.I2C1_ER_IRQHandler)
    i.I2C1_EV_IRQHandler                     0x08002b94   Section        0  stm32f1xx_it.o(i.I2C1_EV_IRQHandler)
    i.I2C_DMAAbort                           0x08002ba0   Section        0  stm32f1xx_hal_i2c.o(i.I2C_DMAAbort)
    I2C_DMAAbort                             0x08002ba1   Thumb Code   126  stm32f1xx_hal_i2c.o(i.I2C_DMAAbort)
    i.I2C_ITError                            0x08002c20   Section        0  stm32f1xx_hal_i2c.o(i.I2C_ITError)
    I2C_ITError                              0x08002c21   Thumb Code   312  stm32f1xx_hal_i2c.o(i.I2C_ITError)
    i.I2C_IsAcknowledgeFailed                0x08002d60   Section        0  stm32f1xx_hal_i2c.o(i.I2C_IsAcknowledgeFailed)
    I2C_IsAcknowledgeFailed                  0x08002d61   Thumb Code    46  stm32f1xx_hal_i2c.o(i.I2C_IsAcknowledgeFailed)
    i.I2C_MasterReceive_BTF                  0x08002d8e   Section        0  stm32f1xx_hal_i2c.o(i.I2C_MasterReceive_BTF)
    I2C_MasterReceive_BTF                    0x08002d8f   Thumb Code   210  stm32f1xx_hal_i2c.o(i.I2C_MasterReceive_BTF)
    i.I2C_MasterReceive_RXNE                 0x08002e60   Section        0  stm32f1xx_hal_i2c.o(i.I2C_MasterReceive_RXNE)
    I2C_MasterReceive_RXNE                   0x08002e61   Thumb Code   146  stm32f1xx_hal_i2c.o(i.I2C_MasterReceive_RXNE)
    i.I2C_MasterRequestWrite                 0x08002ef4   Section        0  stm32f1xx_hal_i2c.o(i.I2C_MasterRequestWrite)
    I2C_MasterRequestWrite                   0x08002ef5   Thumb Code   132  stm32f1xx_hal_i2c.o(i.I2C_MasterRequestWrite)
    i.I2C_MasterTransmit_BTF                 0x08002f7c   Section        0  stm32f1xx_hal_i2c.o(i.I2C_MasterTransmit_BTF)
    I2C_MasterTransmit_BTF                   0x08002f7d   Thumb Code   130  stm32f1xx_hal_i2c.o(i.I2C_MasterTransmit_BTF)
    i.I2C_MasterTransmit_TXE                 0x08003000   Section        0  stm32f1xx_hal_i2c.o(i.I2C_MasterTransmit_TXE)
    I2C_MasterTransmit_TXE                   0x08003001   Thumb Code   260  stm32f1xx_hal_i2c.o(i.I2C_MasterTransmit_TXE)
    i.I2C_Master_ADDR                        0x08003104   Section        0  stm32f1xx_hal_i2c.o(i.I2C_Master_ADDR)
    I2C_Master_ADDR                          0x08003105   Thumb Code   340  stm32f1xx_hal_i2c.o(i.I2C_Master_ADDR)
    i.I2C_Master_SB                          0x0800325c   Section        0  stm32f1xx_hal_i2c.o(i.I2C_Master_SB)
    I2C_Master_SB                            0x0800325d   Thumb Code   142  stm32f1xx_hal_i2c.o(i.I2C_Master_SB)
    i.I2C_Slave_AF                           0x080032ec   Section        0  stm32f1xx_hal_i2c.o(i.I2C_Slave_AF)
    I2C_Slave_AF                             0x080032ed   Thumb Code   126  stm32f1xx_hal_i2c.o(i.I2C_Slave_AF)
    i.I2C_Slave_STOPF                        0x08003370   Section        0  stm32f1xx_hal_i2c.o(i.I2C_Slave_STOPF)
    I2C_Slave_STOPF                          0x08003371   Thumb Code   338  stm32f1xx_hal_i2c.o(i.I2C_Slave_STOPF)
    i.I2C_WaitOnBTFFlagUntilTimeout          0x080034cc   Section        0  stm32f1xx_hal_i2c.o(i.I2C_WaitOnBTFFlagUntilTimeout)
    I2C_WaitOnBTFFlagUntilTimeout            0x080034cd   Thumb Code    76  stm32f1xx_hal_i2c.o(i.I2C_WaitOnBTFFlagUntilTimeout)
    i.I2C_WaitOnFlagUntilTimeout             0x08003518   Section        0  stm32f1xx_hal_i2c.o(i.I2C_WaitOnFlagUntilTimeout)
    I2C_WaitOnFlagUntilTimeout               0x08003519   Thumb Code   104  stm32f1xx_hal_i2c.o(i.I2C_WaitOnFlagUntilTimeout)
    i.I2C_WaitOnMasterAddressFlagUntilTimeout 0x08003580   Section        0  stm32f1xx_hal_i2c.o(i.I2C_WaitOnMasterAddressFlagUntilTimeout)
    I2C_WaitOnMasterAddressFlagUntilTimeout  0x08003581   Thumb Code   150  stm32f1xx_hal_i2c.o(i.I2C_WaitOnMasterAddressFlagUntilTimeout)
    i.I2C_WaitOnTXEFlagUntilTimeout          0x08003616   Section        0  stm32f1xx_hal_i2c.o(i.I2C_WaitOnTXEFlagUntilTimeout)
    I2C_WaitOnTXEFlagUntilTimeout            0x08003617   Thumb Code    76  stm32f1xx_hal_i2c.o(i.I2C_WaitOnTXEFlagUntilTimeout)
    i.MX_ADC1_Init                           0x08003664   Section        0  adc.o(i.MX_ADC1_Init)
    i.MX_DMA_Init                            0x080036dc   Section        0  dma.o(i.MX_DMA_Init)
    i.MX_GPIO_Init                           0x08003728   Section        0  gpio.o(i.MX_GPIO_Init)
    i.MX_I2C1_Init                           0x08003840   Section        0  i2c.o(i.MX_I2C1_Init)
    i.MX_SPI1_Init                           0x08003880   Section        0  spi.o(i.MX_SPI1_Init)
    i.MX_TIM2_Init                           0x080038c8   Section        0  tim.o(i.MX_TIM2_Init)
    i.MX_USART1_UART_Init                    0x08003934   Section        0  usart.o(i.MX_USART1_UART_Init)
    i.MemManage_Handler                      0x0800396c   Section        0  stm32f1xx_it.o(i.MemManage_Handler)
    i.NMI_Handler                            0x0800396e   Section        0  stm32f1xx_it.o(i.NMI_Handler)
    i.NRF24L01_Check                         0x08003970   Section        0  nrf24l01.o(i.NRF24L01_Check)
    i.NRF24L01_Init                          0x08003a0c   Section        0  nrf24l01.o(i.NRF24L01_Init)
    i.NRF24L01_Read_Buf                      0x08003aa8   Section        0  nrf24l01.o(i.NRF24L01_Read_Buf)
    i.NRF24L01_Read_Reg                      0x08003af0   Section        0  nrf24l01.o(i.NRF24L01_Read_Reg)
    i.NRF24L01_RxPacket                      0x08003b1c   Section        0  nrf24l01.o(i.NRF24L01_RxPacket)
    i.NRF24L01_TxPacket                      0x08003b50   Section        0  nrf24l01.o(i.NRF24L01_TxPacket)
    i.NRF24L01_Write_Buf                     0x08003bac   Section        0  nrf24l01.o(i.NRF24L01_Write_Buf)
    i.NRF24L01_Write_Reg                     0x08003bf4   Section        0  nrf24l01.o(i.NRF24L01_Write_Reg)
    i.OLED_ShowText                          0x08003c28   Section        0  oled12864.o(i.OLED_ShowText)
    i.OLED_Show_16x16HZ                      0x08003c84   Section        0  oled12864.o(i.OLED_Show_16x16HZ)
    i.PendSV_Handler                         0x08003dac   Section        0  stm32f1xx_it.o(i.PendSV_Handler)
    i.RX_Mode                                0x08003db0   Section        0  nrf24l01.o(i.RX_Mode)
    i.SPI_EndRxTxTransaction                 0x08003e08   Section        0  stm32f1xx_hal_spi.o(i.SPI_EndRxTxTransaction)
    SPI_EndRxTxTransaction                   0x08003e09   Thumb Code    32  stm32f1xx_hal_spi.o(i.SPI_EndRxTxTransaction)
    i.SPI_WaitFlagStateUntilTimeout          0x08003e28   Section        0  stm32f1xx_hal_spi.o(i.SPI_WaitFlagStateUntilTimeout)
    SPI_WaitFlagStateUntilTimeout            0x08003e29   Thumb Code   148  stm32f1xx_hal_spi.o(i.SPI_WaitFlagStateUntilTimeout)
    i.SPIx_ReadWriteByte                     0x08003ebc   Section        0  nrf24l01.o(i.SPIx_ReadWriteByte)
    i.SSD1306_DrawPixel                      0x08003edc   Section        0  oled12864.o(i.SSD1306_DrawPixel)
    i.SSD1306_Fill                           0x08003f1c   Section        0  oled12864.o(i.SSD1306_Fill)
    i.SSD1306_GotoXY                         0x08003f34   Section        0  oled12864.o(i.SSD1306_GotoXY)
    i.SSD1306_Init                           0x08003f40   Section        0  oled12864.o(i.SSD1306_Init)
    i.SSD1306_Putc                           0x08004048   Section        0  oled12864.o(i.SSD1306_Putc)
    i.SSD1306_Puts                           0x08004128   Section        0  oled12864.o(i.SSD1306_Puts)
    i.SSD1306_UpdateScreen                   0x08004154   Section        0  oled12864.o(i.SSD1306_UpdateScreen)
    i.SSD1306_Write                          0x08004190   Section        0  oled12864.o(i.SSD1306_Write)
    i.SSD306_Write_DATA                      0x080041bc   Section        0  oled12864.o(i.SSD306_Write_DATA)
    i.SVC_Handler                            0x0800420c   Section        0  stm32f1xx_it.o(i.SVC_Handler)
    i.SysTick_Handler                        0x0800420e   Section        0  stm32f1xx_it.o(i.SysTick_Handler)
    i.SystemClock_Config                     0x08004212   Section        0  main.o(i.SystemClock_Config)
    i.SystemInit                             0x0800426c   Section        0  system_stm32f1xx.o(i.SystemInit)
    i.TIM_Base_SetConfig                     0x080042b8   Section        0  stm32f1xx_hal_tim.o(i.TIM_Base_SetConfig)
    i.TX_Mode                                0x08004350   Section        0  nrf24l01.o(i.TX_Mode)
    i.UART_DMAAbortOnError                   0x080043b4   Section        0  stm32f1xx_hal_uart.o(i.UART_DMAAbortOnError)
    UART_DMAAbortOnError                     0x080043b5   Thumb Code    16  stm32f1xx_hal_uart.o(i.UART_DMAAbortOnError)
    i.UART_DMAError                          0x080043c4   Section        0  stm32f1xx_hal_uart.o(i.UART_DMAError)
    UART_DMAError                            0x080043c5   Thumb Code    74  stm32f1xx_hal_uart.o(i.UART_DMAError)
    i.UART_DMAReceiveCplt                    0x0800440e   Section        0  stm32f1xx_hal_uart.o(i.UART_DMAReceiveCplt)
    UART_DMAReceiveCplt                      0x0800440f   Thumb Code    60  stm32f1xx_hal_uart.o(i.UART_DMAReceiveCplt)
    i.UART_DMARxHalfCplt                     0x0800444a   Section        0  stm32f1xx_hal_uart.o(i.UART_DMARxHalfCplt)
    UART_DMARxHalfCplt                       0x0800444b   Thumb Code    10  stm32f1xx_hal_uart.o(i.UART_DMARxHalfCplt)
    i.UART_EndRxTransfer                     0x08004454   Section        0  stm32f1xx_hal_uart.o(i.UART_EndRxTransfer)
    UART_EndRxTransfer                       0x08004455   Thumb Code    28  stm32f1xx_hal_uart.o(i.UART_EndRxTransfer)
    i.UART_EndTxTransfer                     0x08004470   Section        0  stm32f1xx_hal_uart.o(i.UART_EndTxTransfer)
    UART_EndTxTransfer                       0x08004471   Thumb Code    18  stm32f1xx_hal_uart.o(i.UART_EndTxTransfer)
    i.UART_Receive_IT                        0x08004482   Section        0  stm32f1xx_hal_uart.o(i.UART_Receive_IT)
    UART_Receive_IT                          0x08004483   Thumb Code   150  stm32f1xx_hal_uart.o(i.UART_Receive_IT)
    i.UART_SetConfig                         0x08004518   Section        0  stm32f1xx_hal_uart.o(i.UART_SetConfig)
    UART_SetConfig                           0x08004519   Thumb Code   300  stm32f1xx_hal_uart.o(i.UART_SetConfig)
    i.UART_Transmit_IT                       0x08004648   Section        0  stm32f1xx_hal_uart.o(i.UART_Transmit_IT)
    UART_Transmit_IT                         0x08004649   Thumb Code    98  stm32f1xx_hal_uart.o(i.UART_Transmit_IT)
    i.UART_WaitOnFlagUntilTimeout            0x080046aa   Section        0  stm32f1xx_hal_uart.o(i.UART_WaitOnFlagUntilTimeout)
    UART_WaitOnFlagUntilTimeout              0x080046ab   Thumb Code   100  stm32f1xx_hal_uart.o(i.UART_WaitOnFlagUntilTimeout)
    i.USART1_IRQHandler                      0x08004710   Section        0  stm32f1xx_it.o(i.USART1_IRQHandler)
    i.UsageFault_Handler                     0x0800471c   Section        0  stm32f1xx_it.o(i.UsageFault_Handler)
    i.__0printf                              0x08004720   Section        0  printfa.o(i.__0printf)
    i.__0sprintf                             0x08004740   Section        0  printfa.o(i.__0sprintf)
    i.__NVIC_SetPriority                     0x08004768   Section        0  stm32f1xx_hal_cortex.o(i.__NVIC_SetPriority)
    __NVIC_SetPriority                       0x08004769   Thumb Code    32  stm32f1xx_hal_cortex.o(i.__NVIC_SetPriority)
    i.__scatterload_copy                     0x08004788   Section       14  handlers.o(i.__scatterload_copy)
    i.__scatterload_null                     0x08004796   Section        2  handlers.o(i.__scatterload_null)
    i.__scatterload_zeroinit                 0x08004798   Section       14  handlers.o(i.__scatterload_zeroinit)
    i._fp_digits                             0x080047a8   Section        0  printfa.o(i._fp_digits)
    _fp_digits                               0x080047a9   Thumb Code   366  printfa.o(i._fp_digits)
    i._printf_core                           0x0800492c   Section        0  printfa.o(i._printf_core)
    _printf_core                             0x0800492d   Thumb Code  1744  printfa.o(i._printf_core)
    i._printf_post_padding                   0x08005008   Section        0  printfa.o(i._printf_post_padding)
    _printf_post_padding                     0x08005009   Thumb Code    36  printfa.o(i._printf_post_padding)
    i._printf_pre_padding                    0x0800502c   Section        0  printfa.o(i._printf_pre_padding)
    _printf_pre_padding                      0x0800502d   Thumb Code    46  printfa.o(i._printf_pre_padding)
    i._sputc                                 0x0800505a   Section        0  printfa.o(i._sputc)
    _sputc                                   0x0800505b   Thumb Code    10  printfa.o(i._sputc)
    i.fputc                                  0x08005064   Section        0  usart.o(i.fputc)
    i.free                                   0x0800507c   Section        0  malloc.o(i.free)
    i.main                                   0x080050cc   Section        0  main.o(i.main)
    i.malloc                                 0x08005404   Section        0  malloc.o(i.malloc)
    .constdata                               0x08005470   Section       16  system_stm32f1xx.o(.constdata)
    .constdata                               0x08005480   Section        8  system_stm32f1xx.o(.constdata)
    .constdata                               0x08005488   Section       10  nrf24l01.o(.constdata)
    .constdata                               0x08005492   Section     1520  fonts.o(.constdata)
    .data                                    0x20000000   Section        2  main.o(.data)
    .data                                    0x20000004   Section       12  stm32f1xx_hal.o(.data)
    .data                                    0x20000010   Section        4  system_stm32f1xx.o(.data)
    .data                                    0x20000014   Section        4  delay.o(.data)
    D_us                                     0x20000014   Data           1  delay.o(.data)
    D_ms                                     0x20000016   Data           2  delay.o(.data)
    .data                                    0x20000018   Section        6  oled12864.o(.data)
    SSD1306                                  0x20000018   Data           6  oled12864.o(.data)
    .data                                    0x20000020   Section        8  fonts.o(.data)
    .data                                    0x20000028   Section      875  fonts.o(.data)
    .data                                    0x20000394   Section        4  stdout.o(.data)
    .data                                    0x20000398   Section        4  mvars.o(.data)
    .data                                    0x2000039c   Section        4  mvars.o(.data)
    .bss                                     0x200003a0   Section      116  adc.o(.bss)
    .bss                                     0x20000414   Section       84  i2c.o(.bss)
    .bss                                     0x20000468   Section       88  spi.o(.bss)
    .bss                                     0x200004c0   Section       64  tim.o(.bss)
    .bss                                     0x20000500   Section      200  usart.o(.bss)
    .bss                                     0x200005c8   Section     1024  oled12864.o(.bss)
    SSD1306_Buffer                           0x200005c8   Data        1024  oled12864.o(.bss)
    HEAP                                     0x200009c8   Section      512  startup_stm32f100xb.o(HEAP)
    STACK                                    0x20000bc8   Section     1024  startup_stm32f100xb.o(STACK)

    Global Symbols

    Symbol Name                              Value     Ov Type        Size  Object(Section)

    BuildAttributes$$THM_ISAv4$P$D$K$B$S$PE$A:L22UL41UL21$X:L11$S22US41US21$IEEE1$IW$USESV6$~STKCKD$USESV7$~SHL$OTIME$ROPI$EBA8$MICROLIB$REQ8$PRES8$EABIv2 0x00000000   Number         0  anon$$obj.o ABSOLUTE
    __ARM_use_no_argv                        0x00000000   Number         0  main.o ABSOLUTE
    _printf_a                                0x00000000   Number         0  stubs.o ABSOLUTE
    _printf_c                                0x00000000   Number         0  stubs.o ABSOLUTE
    _printf_charcount                        0x00000000   Number         0  stubs.o ABSOLUTE
    _printf_d                                0x00000000   Number         0  stubs.o ABSOLUTE
    _printf_e                                0x00000000   Number         0  stubs.o ABSOLUTE
    _printf_f                                0x00000000   Number         0  stubs.o ABSOLUTE
    _printf_flags                            0x00000000   Number         0  stubs.o ABSOLUTE
    _printf_fp_dec                           0x00000000   Number         0  stubs.o ABSOLUTE
    _printf_fp_hex                           0x00000000   Number         0  stubs.o ABSOLUTE
    _printf_g                                0x00000000   Number         0  stubs.o ABSOLUTE
    _printf_i                                0x00000000   Number         0  stubs.o ABSOLUTE
    _printf_int_dec                          0x00000000   Number         0  stubs.o ABSOLUTE
    _printf_l                                0x00000000   Number         0  stubs.o ABSOLUTE
    _printf_lc                               0x00000000   Number         0  stubs.o ABSOLUTE
    _printf_ll                               0x00000000   Number         0  stubs.o ABSOLUTE
    _printf_lld                              0x00000000   Number         0  stubs.o ABSOLUTE
    _printf_lli                              0x00000000   Number         0  stubs.o ABSOLUTE
    _printf_llo                              0x00000000   Number         0  stubs.o ABSOLUTE
    _printf_llu                              0x00000000   Number         0  stubs.o ABSOLUTE
    _printf_llx                              0x00000000   Number         0  stubs.o ABSOLUTE
    _printf_longlong_dec                     0x00000000   Number         0  stubs.o ABSOLUTE
    _printf_longlong_hex                     0x00000000   Number         0  stubs.o ABSOLUTE
    _printf_longlong_oct                     0x00000000   Number         0  stubs.o ABSOLUTE
    _printf_ls                               0x00000000   Number         0  stubs.o ABSOLUTE
    _printf_mbtowc                           0x00000000   Number         0  stubs.o ABSOLUTE
    _printf_n                                0x00000000   Number         0  stubs.o ABSOLUTE
    _printf_o                                0x00000000   Number         0  stubs.o ABSOLUTE
    _printf_p                                0x00000000   Number         0  stubs.o ABSOLUTE
    _printf_percent                          0x00000000   Number         0  stubs.o ABSOLUTE
    _printf_pre_padding                      0x00000000   Number         0  stubs.o ABSOLUTE
    _printf_return_value                     0x00000000   Number         0  stubs.o ABSOLUTE
    _printf_s                                0x00000000   Number         0  stubs.o ABSOLUTE
    _printf_sizespec                         0x00000000   Number         0  stubs.o ABSOLUTE
    _printf_str                              0x00000000   Number         0  stubs.o ABSOLUTE
    _printf_truncate_signed                  0x00000000   Number         0  stubs.o ABSOLUTE
    _printf_truncate_unsigned                0x00000000   Number         0  stubs.o ABSOLUTE
    _printf_u                                0x00000000   Number         0  stubs.o ABSOLUTE
    _printf_wc                               0x00000000   Number         0  stubs.o ABSOLUTE
    _printf_wctomb                           0x00000000   Number         0  stubs.o ABSOLUTE
    _printf_widthprec                        0x00000000   Number         0  stubs.o ABSOLUTE
    _printf_x                                0x00000000   Number         0  stubs.o ABSOLUTE
    __cpp_initialize__aeabi_                  - Undefined Weak Reference
    __cxa_finalize                            - Undefined Weak Reference
    _clock_init                               - Undefined Weak Reference
    _microlib_exit                            - Undefined Weak Reference
    __Vectors_Size                           0x00000120   Number         0  startup_stm32f100xb.o ABSOLUTE
    __Vectors                                0x08000000   Data           4  startup_stm32f100xb.o(RESET)
    __Vectors_End                            0x08000120   Data           0  startup_stm32f100xb.o(RESET)
    __main                                   0x08000121   Thumb Code     0  entry.o(.ARM.Collect$$$$00000000)
    _main_stk                                0x08000121   Thumb Code     0  entry2.o(.ARM.Collect$$$$00000001)
    _main_scatterload                        0x08000125   Thumb Code     0  entry5.o(.ARM.Collect$$$$00000004)
    __main_after_scatterload                 0x08000129   Thumb Code     0  entry5.o(.ARM.Collect$$$$00000004)
    _main_clock                              0x08000129   Thumb Code     0  entry7b.o(.ARM.Collect$$$$00000008)
    _main_cpp_init                           0x08000129   Thumb Code     0  entry8b.o(.ARM.Collect$$$$0000000A)
    _main_init                               0x08000129   Thumb Code     0  entry9a.o(.ARM.Collect$$$$0000000B)
    __rt_final_cpp                           0x08000131   Thumb Code     0  entry10a.o(.ARM.Collect$$$$0000000D)
    __rt_final_exit                          0x08000131   Thumb Code     0  entry11a.o(.ARM.Collect$$$$0000000F)
    Reset_Handler                            0x08000135   Thumb Code     8  startup_stm32f100xb.o(.text)
    CEC_IRQHandler                           0x0800014f   Thumb Code     0  startup_stm32f100xb.o(.text)
    DMA1_Channel2_IRQHandler                 0x0800014f   Thumb Code     0  startup_stm32f100xb.o(.text)
    DMA1_Channel3_IRQHandler                 0x0800014f   Thumb Code     0  startup_stm32f100xb.o(.text)
    DMA1_Channel6_IRQHandler                 0x0800014f   Thumb Code     0  startup_stm32f100xb.o(.text)
    DMA1_Channel7_IRQHandler                 0x0800014f   Thumb Code     0  startup_stm32f100xb.o(.text)
    EXTI0_IRQHandler                         0x0800014f   Thumb Code     0  startup_stm32f100xb.o(.text)
    EXTI15_10_IRQHandler                     0x0800014f   Thumb Code     0  startup_stm32f100xb.o(.text)
    EXTI1_IRQHandler                         0x0800014f   Thumb Code     0  startup_stm32f100xb.o(.text)
    EXTI2_IRQHandler                         0x0800014f   Thumb Code     0  startup_stm32f100xb.o(.text)
    EXTI3_IRQHandler                         0x0800014f   Thumb Code     0  startup_stm32f100xb.o(.text)
    EXTI4_IRQHandler                         0x0800014f   Thumb Code     0  startup_stm32f100xb.o(.text)
    EXTI9_5_IRQHandler                       0x0800014f   Thumb Code     0  startup_stm32f100xb.o(.text)
    FLASH_IRQHandler                         0x0800014f   Thumb Code     0  startup_stm32f100xb.o(.text)
    I2C2_ER_IRQHandler                       0x0800014f   Thumb Code     0  startup_stm32f100xb.o(.text)
    I2C2_EV_IRQHandler                       0x0800014f   Thumb Code     0  startup_stm32f100xb.o(.text)
    PVD_IRQHandler                           0x0800014f   Thumb Code     0  startup_stm32f100xb.o(.text)
    RCC_IRQHandler                           0x0800014f   Thumb Code     0  startup_stm32f100xb.o(.text)
    RTC_Alarm_IRQHandler                     0x0800014f   Thumb Code     0  startup_stm32f100xb.o(.text)
    RTC_IRQHandler                           0x0800014f   Thumb Code     0  startup_stm32f100xb.o(.text)
    SPI1_IRQHandler                          0x0800014f   Thumb Code     0  startup_stm32f100xb.o(.text)
    SPI2_IRQHandler                          0x0800014f   Thumb Code     0  startup_stm32f100xb.o(.text)
    TAMPER_IRQHandler                        0x0800014f   Thumb Code     0  startup_stm32f100xb.o(.text)
    TIM1_BRK_TIM15_IRQHandler                0x0800014f   Thumb Code     0  startup_stm32f100xb.o(.text)
    TIM1_CC_IRQHandler                       0x0800014f   Thumb Code     0  startup_stm32f100xb.o(.text)
    TIM1_TRG_COM_TIM17_IRQHandler            0x0800014f   Thumb Code     0  startup_stm32f100xb.o(.text)
    TIM1_UP_TIM16_IRQHandler                 0x0800014f   Thumb Code     0  startup_stm32f100xb.o(.text)
    TIM2_IRQHandler                          0x0800014f   Thumb Code     0  startup_stm32f100xb.o(.text)
    TIM3_IRQHandler                          0x0800014f   Thumb Code     0  startup_stm32f100xb.o(.text)
    TIM4_IRQHandler                          0x0800014f   Thumb Code     0  startup_stm32f100xb.o(.text)
    TIM6_DAC_IRQHandler                      0x0800014f   Thumb Code     0  startup_stm32f100xb.o(.text)
    TIM7_IRQHandler                          0x0800014f   Thumb Code     0  startup_stm32f100xb.o(.text)
    USART2_IRQHandler                        0x0800014f   Thumb Code     0  startup_stm32f100xb.o(.text)
    USART3_IRQHandler                        0x0800014f   Thumb Code     0  startup_stm32f100xb.o(.text)
    WWDG_IRQHandler                          0x0800014f   Thumb Code     0  startup_stm32f100xb.o(.text)
    __aeabi_llsr                             0x08000159   Thumb Code    32  llushr.o(.text)
    _ll_ushift_r                             0x08000159   Thumb Code     0  llushr.o(.text)
    __aeabi_memset                           0x08000179   Thumb Code    14  memseta.o(.text)
    __aeabi_memset4                          0x08000179   Thumb Code     0  memseta.o(.text)
    __aeabi_memset8                          0x08000179   Thumb Code     0  memseta.o(.text)
    __aeabi_memclr                           0x08000187   Thumb Code     4  memseta.o(.text)
    __aeabi_memclr4                          0x08000187   Thumb Code     0  memseta.o(.text)
    __aeabi_memclr8                          0x08000187   Thumb Code     0  memseta.o(.text)
    _memset$wrapper                          0x0800018b   Thumb Code    18  memseta.o(.text)
    __aeabi_fadd                             0x0800019d   Thumb Code   164  fadd.o(.text)
    __aeabi_fsub                             0x08000241   Thumb Code     6  fadd.o(.text)
    __aeabi_frsub                            0x08000247   Thumb Code     6  fadd.o(.text)
    __aeabi_dadd                             0x0800024d   Thumb Code   322  dadd.o(.text)
    __aeabi_dsub                             0x0800038f   Thumb Code     6  dadd.o(.text)
    __aeabi_drsub                            0x08000395   Thumb Code     6  dadd.o(.text)
    __aeabi_dmul                             0x0800039b   Thumb Code   228  dmul.o(.text)
    __aeabi_ddiv                             0x0800047f   Thumb Code   222  ddiv.o(.text)
    __aeabi_ui2f                             0x0800055d   Thumb Code    10  ffltui.o(.text)
    __aeabi_ui2d                             0x08000567   Thumb Code    26  dfltui.o(.text)
    __aeabi_f2uiz                            0x08000581   Thumb Code    40  ffixui.o(.text)
    __aeabi_d2uiz                            0x080005a9   Thumb Code    50  dfixui.o(.text)
    __aeabi_f2d                              0x080005db   Thumb Code    38  f2d.o(.text)
    __aeabi_d2f                              0x08000601   Thumb Code    56  d2f.o(.text)
    __aeabi_uidiv                            0x08000639   Thumb Code     0  uidiv.o(.text)
    __aeabi_uidivmod                         0x08000639   Thumb Code    44  uidiv.o(.text)
    __aeabi_uldivmod                         0x08000665   Thumb Code    98  uldiv.o(.text)
    __aeabi_llsl                             0x080006c7   Thumb Code    30  llshl.o(.text)
    _ll_shift_l                              0x080006c7   Thumb Code     0  llshl.o(.text)
    __aeabi_lasr                             0x080006e5   Thumb Code    36  llsshr.o(.text)
    _ll_sshift_r                             0x080006e5   Thumb Code     0  llsshr.o(.text)
    __I$use$fp                               0x08000709   Thumb Code     0  iusefp.o(.text)
    _float_round                             0x08000709   Thumb Code    18  fepilogue.o(.text)
    _float_epilogue                          0x0800071b   Thumb Code    92  fepilogue.o(.text)
    _double_round                            0x08000777   Thumb Code    30  depilogue.o(.text)
    _double_epilogue                         0x08000795   Thumb Code   156  depilogue.o(.text)
    __aeabi_d2ulz                            0x08000831   Thumb Code    48  dfixul.o(.text)
    __aeabi_cdrcmple                         0x08000861   Thumb Code    48  cdrcmple.o(.text)
    __scatterload                            0x08000891   Thumb Code    28  init.o(.text)
    __scatterload_rt2                        0x08000891   Thumb Code     0  init.o(.text)
    __decompress                             0x080008b5   Thumb Code     0  __dczerorl2.o(.text)
    __decompress1                            0x080008b5   Thumb Code    86  __dczerorl2.o(.text)
    ADC1_IRQHandler                          0x0800090d   Thumb Code     6  stm32f1xx_it.o(i.ADC1_IRQHandler)
    ADC_ConversionStop_Disable               0x08000919   Thumb Code    76  stm32f1xx_hal_adc.o(i.ADC_ConversionStop_Disable)
    ADC_Enable                               0x08000965   Thumb Code   104  stm32f1xx_hal_adc.o(i.ADC_Enable)
    BusFault_Handler                         0x080009d5   Thumb Code     2  stm32f1xx_it.o(i.BusFault_Handler)
    DHT11_Check                              0x080009d9   Thumb Code    90  dht11.o(i.DHT11_Check)
    DHT11_Init                               0x08000a3d   Thumb Code    28  dht11.o(i.DHT11_Init)
    DHT11_Read_Bit                           0x08000aa1   Thumb Code    70  dht11.o(i.DHT11_Read_Bit)
    DHT11_Read_Byte                          0x08000aed   Thumb Code    26  dht11.o(i.DHT11_Read_Byte)
    DHT11_Read_Data_Float                    0x08000b09   Thumb Code   144  dht11.o(i.DHT11_Read_Data_Float)
    DHT11_Rst                                0x08000b9d   Thumb Code    52  dht11.o(i.DHT11_Rst)
    DMA1_Channel1_IRQHandler                 0x08000bd9   Thumb Code     6  stm32f1xx_it.o(i.DMA1_Channel1_IRQHandler)
    DMA1_Channel4_IRQHandler                 0x08000be5   Thumb Code     6  stm32f1xx_it.o(i.DMA1_Channel4_IRQHandler)
    DMA1_Channel5_IRQHandler                 0x08000bf1   Thumb Code     6  stm32f1xx_it.o(i.DMA1_Channel5_IRQHandler)
    DebugMon_Handler                         0x08000c27   Thumb Code     2  stm32f1xx_it.o(i.DebugMon_Handler)
    Delay_Init                               0x08000c29   Thumb Code    44  delay.o(i.Delay_Init)
    Delay_ms                                 0x08000c61   Thumb Code    42  delay.o(i.Delay_ms)
    Delay_us                                 0x08000c91   Thumb Code    42  delay.o(i.Delay_us)
    Error_Handler                            0x08000cc1   Thumb Code     2  main.o(i.Error_Handler)
    HAL_ADCEx_Calibration_Start              0x08000cc5   Thumb Code   194  stm32f1xx_hal_adc_ex.o(i.HAL_ADCEx_Calibration_Start)
    HAL_ADCEx_InjectedConvCpltCallback       0x08000d8d   Thumb Code     2  stm32f1xx_hal_adc_ex.o(i.HAL_ADCEx_InjectedConvCpltCallback)
    HAL_ADC_ConfigChannel                    0x08000d91   Thumb Code   240  stm32f1xx_hal_adc.o(i.HAL_ADC_ConfigChannel)
    HAL_ADC_ConvCpltCallback                 0x08000e8d   Thumb Code     2  stm32f1xx_hal_adc.o(i.HAL_ADC_ConvCpltCallback)
    HAL_ADC_IRQHandler                       0x08000e8f   Thumb Code   230  stm32f1xx_hal_adc.o(i.HAL_ADC_IRQHandler)
    HAL_ADC_Init                             0x08000f75   Thumb Code   272  stm32f1xx_hal_adc.o(i.HAL_ADC_Init)
    HAL_ADC_LevelOutOfWindowCallback         0x08001091   Thumb Code     2  stm32f1xx_hal_adc.o(i.HAL_ADC_LevelOutOfWindowCallback)
    HAL_ADC_MspInit                          0x08001095   Thumb Code   138  adc.o(i.HAL_ADC_MspInit)
    HAL_DMA_Abort_IT                         0x08001135   Thumb Code   148  stm32f1xx_hal_dma.o(i.HAL_DMA_Abort_IT)
    HAL_DMA_GetState                         0x080011cd   Thumb Code     6  stm32f1xx_hal_dma.o(i.HAL_DMA_GetState)
    HAL_DMA_IRQHandler                       0x080011d5   Thumb Code   316  stm32f1xx_hal_dma.o(i.HAL_DMA_IRQHandler)
    HAL_DMA_Init                             0x08001329   Thumb Code    84  stm32f1xx_hal_dma.o(i.HAL_DMA_Init)
    HAL_DMA_Start_IT                         0x08001385   Thumb Code   112  stm32f1xx_hal_dma.o(i.HAL_DMA_Start_IT)
    HAL_GPIO_Init                            0x080013f5   Thumb Code   446  stm32f1xx_hal_gpio.o(i.HAL_GPIO_Init)
    HAL_GPIO_WritePin                        0x080015d5   Thumb Code    10  stm32f1xx_hal_gpio.o(i.HAL_GPIO_WritePin)
    HAL_GetTick                              0x080015e1   Thumb Code     6  stm32f1xx_hal.o(i.HAL_GetTick)
    HAL_I2C_AbortCpltCallback                0x080015ed   Thumb Code     2  stm32f1xx_hal_i2c.o(i.HAL_I2C_AbortCpltCallback)
    HAL_I2C_AddrCallback                     0x080015ef   Thumb Code     2  stm32f1xx_hal_i2c.o(i.HAL_I2C_AddrCallback)
    HAL_I2C_ER_IRQHandler                    0x080015f1   Thumb Code   196  stm32f1xx_hal_i2c.o(i.HAL_I2C_ER_IRQHandler)
    HAL_I2C_EV_IRQHandler                    0x080016b5   Thumb Code   602  stm32f1xx_hal_i2c.o(i.HAL_I2C_EV_IRQHandler)
    HAL_I2C_ErrorCallback                    0x0800190f   Thumb Code     2  stm32f1xx_hal_i2c.o(i.HAL_I2C_ErrorCallback)
    HAL_I2C_Init                             0x08001911   Thumb Code   356  stm32f1xx_hal_i2c.o(i.HAL_I2C_Init)
    HAL_I2C_ListenCpltCallback               0x08001a85   Thumb Code     2  stm32f1xx_hal_i2c.o(i.HAL_I2C_ListenCpltCallback)
    HAL_I2C_MasterRxCpltCallback             0x08001a87   Thumb Code     2  stm32f1xx_hal_i2c.o(i.HAL_I2C_MasterRxCpltCallback)
    HAL_I2C_MasterTxCpltCallback             0x08001a89   Thumb Code     2  stm32f1xx_hal_i2c.o(i.HAL_I2C_MasterTxCpltCallback)
    HAL_I2C_Master_Transmit                  0x08001a8d   Thumb Code   290  stm32f1xx_hal_i2c.o(i.HAL_I2C_Master_Transmit)
    HAL_I2C_MemRxCpltCallback                0x08001bb9   Thumb Code     2  stm32f1xx_hal_i2c.o(i.HAL_I2C_MemRxCpltCallback)
    HAL_I2C_MemTxCpltCallback                0x08001bbb   Thumb Code     2  stm32f1xx_hal_i2c.o(i.HAL_I2C_MemTxCpltCallback)
    HAL_I2C_MspInit                          0x08001bbd   Thumb Code   112  i2c.o(i.HAL_I2C_MspInit)
    HAL_I2C_SlaveRxCpltCallback              0x08001c39   Thumb Code     2  stm32f1xx_hal_i2c.o(i.HAL_I2C_SlaveRxCpltCallback)
    HAL_I2C_SlaveTxCpltCallback              0x08001c3b   Thumb Code     2  stm32f1xx_hal_i2c.o(i.HAL_I2C_SlaveTxCpltCallback)
    HAL_IncTick                              0x08001c3d   Thumb Code    12  stm32f1xx_hal.o(i.HAL_IncTick)
    HAL_Init                                 0x08001c4d   Thumb Code    22  stm32f1xx_hal.o(i.HAL_Init)
    HAL_InitTick                             0x08001c65   Thumb Code    54  stm32f1xx_hal.o(i.HAL_InitTick)
    HAL_MspInit                              0x08001ca5   Thumb Code    52  stm32f1xx_hal_msp.o(i.HAL_MspInit)
    HAL_NVIC_EnableIRQ                       0x08001ce1   Thumb Code    26  stm32f1xx_hal_cortex.o(i.HAL_NVIC_EnableIRQ)
    HAL_NVIC_SetPriority                     0x08001cfd   Thumb Code    60  stm32f1xx_hal_cortex.o(i.HAL_NVIC_SetPriority)
    HAL_NVIC_SetPriorityGrouping             0x08001d3d   Thumb Code    26  stm32f1xx_hal_cortex.o(i.HAL_NVIC_SetPriorityGrouping)
    HAL_RCCEx_GetPeriphCLKFreq               0x08001d61   Thumb Code    86  stm32f1xx_hal_rcc_ex.o(i.HAL_RCCEx_GetPeriphCLKFreq)
    HAL_RCCEx_PeriphCLKConfig                0x08001dbd   Thumb Code   206  stm32f1xx_hal_rcc_ex.o(i.HAL_RCCEx_PeriphCLKConfig)
    HAL_RCC_ClockConfig                      0x08001e99   Thumb Code   214  stm32f1xx_hal_rcc.o(i.HAL_RCC_ClockConfig)
    HAL_RCC_GetPCLK1Freq                     0x08001f81   Thumb Code    20  stm32f1xx_hal_rcc.o(i.HAL_RCC_GetPCLK1Freq)
    HAL_RCC_GetPCLK2Freq                     0x08001fa1   Thumb Code    20  stm32f1xx_hal_rcc.o(i.HAL_RCC_GetPCLK2Freq)
    HAL_RCC_GetSysClockFreq                  0x08001fc1   Thumb Code    80  stm32f1xx_hal_rcc.o(i.HAL_RCC_GetSysClockFreq)
    HAL_RCC_OscConfig                        0x0800203d   Thumb Code   778  stm32f1xx_hal_rcc.o(i.HAL_RCC_OscConfig)
    HAL_SPI_Init                             0x0800235d   Thumb Code   114  stm32f1xx_hal_spi.o(i.HAL_SPI_Init)
    HAL_SPI_MspInit                          0x080023d1   Thumb Code    98  spi.o(i.HAL_SPI_MspInit)
    HAL_SPI_TransmitReceive                  0x08002441   Thumb Code   482  stm32f1xx_hal_spi.o(i.HAL_SPI_TransmitReceive)
    HAL_SYSTICK_CLKSourceConfig              0x08002623   Thumb Code    24  stm32f1xx_hal_cortex.o(i.HAL_SYSTICK_CLKSourceConfig)
    HAL_SYSTICK_Config                       0x0800263b   Thumb Code    40  stm32f1xx_hal_cortex.o(i.HAL_SYSTICK_Config)
    HAL_TIMEx_MasterConfigSynchronization    0x08002663   Thumb Code    66  stm32f1xx_hal_tim_ex.o(i.HAL_TIMEx_MasterConfigSynchronization)
    HAL_TIM_Encoder_Init                     0x080026a5   Thumb Code   152  stm32f1xx_hal_tim.o(i.HAL_TIM_Encoder_Init)
    HAL_TIM_Encoder_MspInit                  0x0800273d   Thumb Code   124  tim.o(i.HAL_TIM_Encoder_MspInit)
    HAL_UART_ErrorCallback                   0x080027c9   Thumb Code     2  stm32f1xx_hal_uart.o(i.HAL_UART_ErrorCallback)
    HAL_UART_IRQHandler                      0x080027cd   Thumb Code   266  stm32f1xx_hal_uart.o(i.HAL_UART_IRQHandler)
    HAL_UART_Init                            0x080028dd   Thumb Code    98  stm32f1xx_hal_uart.o(i.HAL_UART_Init)
    HAL_UART_MspInit                         0x08002941   Thumb Code   198  usart.o(i.HAL_UART_MspInit)
    HAL_UART_Receive_DMA                     0x08002a1d   Thumb Code   138  stm32f1xx_hal_uart.o(i.HAL_UART_Receive_DMA)
    HAL_UART_RxCpltCallback                  0x08002ab5   Thumb Code    12  main.o(i.HAL_UART_RxCpltCallback)
    HAL_UART_RxHalfCpltCallback              0x08002ac9   Thumb Code     2  stm32f1xx_hal_uart.o(i.HAL_UART_RxHalfCpltCallback)
    HAL_UART_Transmit                        0x08002acb   Thumb Code   186  stm32f1xx_hal_uart.o(i.HAL_UART_Transmit)
    HAL_UART_TxCpltCallback                  0x08002b85   Thumb Code     2  stm32f1xx_hal_uart.o(i.HAL_UART_TxCpltCallback)
    HardFault_Handler                        0x08002b87   Thumb Code     2  stm32f1xx_it.o(i.HardFault_Handler)
    I2C1_ER_IRQHandler                       0x08002b89   Thumb Code     6  stm32f1xx_it.o(i.I2C1_ER_IRQHandler)
    I2C1_EV_IRQHandler                       0x08002b95   Thumb Code     6  stm32f1xx_it.o(i.I2C1_EV_IRQHandler)
    MX_ADC1_Init                             0x08003665   Thumb Code   112  adc.o(i.MX_ADC1_Init)
    MX_DMA_Init                              0x080036dd   Thumb Code    72  dma.o(i.MX_DMA_Init)
    MX_GPIO_Init                             0x08003729   Thumb Code   254  gpio.o(i.MX_GPIO_Init)
    MX_I2C1_Init                             0x08003841   Thumb Code    50  i2c.o(i.MX_I2C1_Init)
    MX_SPI1_Init                             0x08003881   Thumb Code    62  spi.o(i.MX_SPI1_Init)
    MX_TIM2_Init                             0x080038c9   Thumb Code   102  tim.o(i.MX_TIM2_Init)
    MX_USART1_UART_Init                      0x08003935   Thumb Code    48  usart.o(i.MX_USART1_UART_Init)
    MemManage_Handler                        0x0800396d   Thumb Code     2  stm32f1xx_it.o(i.MemManage_Handler)
    NMI_Handler                              0x0800396f   Thumb Code     2  stm32f1xx_it.o(i.NMI_Handler)
    NRF24L01_Check                           0x08003971   Thumb Code    74  nrf24l01.o(i.NRF24L01_Check)
    NRF24L01_Init                            0x08003a0d   Thumb Code    60  nrf24l01.o(i.NRF24L01_Init)
    NRF24L01_Read_Buf                        0x08003aa9   Thumb Code    62  nrf24l01.o(i.NRF24L01_Read_Buf)
    NRF24L01_Read_Reg                        0x08003af1   Thumb Code    36  nrf24l01.o(i.NRF24L01_Read_Reg)
    NRF24L01_RxPacket                        0x08003b1d   Thumb Code    50  nrf24l01.o(i.NRF24L01_RxPacket)
    NRF24L01_TxPacket                        0x08003b51   Thumb Code    84  nrf24l01.o(i.NRF24L01_TxPacket)
    NRF24L01_Write_Buf                       0x08003bad   Thumb Code    62  nrf24l01.o(i.NRF24L01_Write_Buf)
    NRF24L01_Write_Reg                       0x08003bf5   Thumb Code    42  nrf24l01.o(i.NRF24L01_Write_Reg)
    OLED_ShowText                            0x08003c29   Thumb Code    82  oled12864.o(i.OLED_ShowText)
    OLED_Show_16x16HZ                        0x08003c85   Thumb Code   286  oled12864.o(i.OLED_Show_16x16HZ)
    PendSV_Handler                           0x08003dad   Thumb Code     2  stm32f1xx_it.o(i.PendSV_Handler)
    RX_Mode                                  0x08003db1   Thumb Code    78  nrf24l01.o(i.RX_Mode)
    SPIx_ReadWriteByte                       0x08003ebd   Thumb Code    32  nrf24l01.o(i.SPIx_ReadWriteByte)
    SSD1306_DrawPixel                        0x08003edd   Thumb Code    54  oled12864.o(i.SSD1306_DrawPixel)
    SSD1306_Fill                             0x08003f1d   Thumb Code    18  oled12864.o(i.SSD1306_Fill)
    SSD1306_GotoXY                           0x08003f35   Thumb Code     8  oled12864.o(i.SSD1306_GotoXY)
    SSD1306_Init                             0x08003f41   Thumb Code   260  oled12864.o(i.SSD1306_Init)
    SSD1306_Putc                             0x08004049   Thumb Code   218  oled12864.o(i.SSD1306_Putc)
    SSD1306_Puts                             0x08004129   Thumb Code    44  oled12864.o(i.SSD1306_Puts)
    SSD1306_UpdateScreen                     0x08004155   Thumb Code    56  oled12864.o(i.SSD1306_UpdateScreen)
    SSD1306_Write                            0x08004191   Thumb Code    38  oled12864.o(i.SSD1306_Write)
    SSD306_Write_DATA                        0x080041bd   Thumb Code    76  oled12864.o(i.SSD306_Write_DATA)
    SVC_Handler                              0x0800420d   Thumb Code     2  stm32f1xx_it.o(i.SVC_Handler)
    SysTick_Handler                          0x0800420f   Thumb Code     4  stm32f1xx_it.o(i.SysTick_Handler)
    SystemClock_Config                       0x08004213   Thumb Code    88  main.o(i.SystemClock_Config)
    SystemInit                               0x0800426d   Thumb Code    60  system_stm32f1xx.o(i.SystemInit)
    TIM_Base_SetConfig                       0x080042b9   Thumb Code   126  stm32f1xx_hal_tim.o(i.TIM_Base_SetConfig)
    TX_Mode                                  0x08004351   Thumb Code    90  nrf24l01.o(i.TX_Mode)
    USART1_IRQHandler                        0x08004711   Thumb Code     6  stm32f1xx_it.o(i.USART1_IRQHandler)
    UsageFault_Handler                       0x0800471d   Thumb Code     2  stm32f1xx_it.o(i.UsageFault_Handler)
    __0printf                                0x08004721   Thumb Code    22  printfa.o(i.__0printf)
    __1printf                                0x08004721   Thumb Code     0  printfa.o(i.__0printf)
    __2printf                                0x08004721   Thumb Code     0  printfa.o(i.__0printf)
    __c89printf                              0x08004721   Thumb Code     0  printfa.o(i.__0printf)
    printf                                   0x08004721   Thumb Code     0  printfa.o(i.__0printf)
    __0sprintf                               0x08004741   Thumb Code    34  printfa.o(i.__0sprintf)
    __1sprintf                               0x08004741   Thumb Code     0  printfa.o(i.__0sprintf)
    __2sprintf                               0x08004741   Thumb Code     0  printfa.o(i.__0sprintf)
    __c89sprintf                             0x08004741   Thumb Code     0  printfa.o(i.__0sprintf)
    sprintf                                  0x08004741   Thumb Code     0  printfa.o(i.__0sprintf)
    __scatterload_copy                       0x08004789   Thumb Code    14  handlers.o(i.__scatterload_copy)
    __scatterload_null                       0x08004797   Thumb Code     2  handlers.o(i.__scatterload_null)
    __scatterload_zeroinit                   0x08004799   Thumb Code    14  handlers.o(i.__scatterload_zeroinit)
    fputc                                    0x08005065   Thumb Code    20  usart.o(i.fputc)
    free                                     0x0800507d   Thumb Code    76  malloc.o(i.free)
    main                                     0x080050cd   Thumb Code   600  main.o(i.main)
    malloc                                   0x08005405   Thumb Code    92  malloc.o(i.malloc)
    AHBPrescTable                            0x08005470   Data          16  system_stm32f1xx.o(.constdata)
    APBPrescTable                            0x08005480   Data           8  system_stm32f1xx.o(.constdata)
    TX_ADDRESS                               0x08005488   Data           5  nrf24l01.o(.constdata)
    RX_ADDRESS                               0x0800548d   Data           5  nrf24l01.o(.constdata)
    Font8x16                                 0x08005492   Data        1520  fonts.o(.constdata)
    Region$$Table$$Base                      0x08005a84   Number         0  anon$$obj.o(Region$$Table)
    Region$$Table$$Limit                     0x08005aa4   Number         0  anon$$obj.o(Region$$Table)
    DHT22Status                              0x20000000   Data           1  main.o(.data)
    USART_RxBuffer                           0x20000001   Data           1  main.o(.data)
    uwTickFreq                               0x20000004   Data           1  stm32f1xx_hal.o(.data)
    uwTickPrio                               0x20000008   Data           4  stm32f1xx_hal.o(.data)
    uwTick                                   0x2000000c   Data           4  stm32f1xx_hal.o(.data)
    SystemCoreClock                          0x20000010   Data           4  system_stm32f1xx.o(.data)
    Font_8x16                                0x20000020   Data           8  fonts.o(.data)
    Hzk16x16                                 0x20000028   Data         875  fonts.o(.data)
    __stdout                                 0x20000394   Data           4  stdout.o(.data)
    __microlib_freelist                      0x20000398   Data           4  mvars.o(.data)
    __microlib_freelist_initialised          0x2000039c   Data           4  mvars.o(.data)
    hadc1                                    0x200003a0   Data          48  adc.o(.bss)
    hdma_adc1                                0x200003d0   Data          68  adc.o(.bss)
    hi2c1                                    0x20000414   Data          84  i2c.o(.bss)
    hspi1                                    0x20000468   Data          88  spi.o(.bss)
    htim2                                    0x200004c0   Data          64  tim.o(.bss)
    huart1                                   0x20000500   Data          64  usart.o(.bss)
    hdma_usart1_tx                           0x20000540   Data          68  usart.o(.bss)
    hdma_usart1_rx                           0x20000584   Data          68  usart.o(.bss)
    __heap_base                              0x200009c8   Data           0  startup_stm32f100xb.o(HEAP)
    __heap_limit                             0x20000bc8   Data           0  startup_stm32f100xb.o(HEAP)
    __initial_sp                             0x20000fc8   Data           0  startup_stm32f100xb.o(STACK)



==============================================================================

Memory Map of the image

  Image Entry point : 0x08000121

  Load Region LR_IROM1 (Base: 0x08000000, Size: 0x00005e44, Max: 0x00010000, ABSOLUTE, COMPRESSED[0x00005bf8])

    Execution Region ER_IROM1 (Exec base: 0x08000000, Load base: 0x08000000, Size: 0x00005aa4, Max: 0x00010000, ABSOLUTE)

    Exec Addr    Load Addr    Size         Type   Attr      Idx    E Section Name        Object

    0x08000000   0x08000000   0x00000120   Data   RO            3    RESET               startup_stm32f100xb.o
    0x08000120   0x08000120   0x00000000   Code   RO         4305  * .ARM.Collect$$$$00000000  mc_w.l(entry.o)
    0x08000120   0x08000120   0x00000004   Code   RO         4623    .ARM.Collect$$$$00000001  mc_w.l(entry2.o)
    0x08000124   0x08000124   0x00000004   Code   RO         4626    .ARM.Collect$$$$00000004  mc_w.l(entry5.o)
    0x08000128   0x08000128   0x00000000   Code   RO         4628    .ARM.Collect$$$$00000008  mc_w.l(entry7b.o)
    0x08000128   0x08000128   0x00000000   Code   RO         4630    .ARM.Collect$$$$0000000A  mc_w.l(entry8b.o)
    0x08000128   0x08000128   0x00000008   Code   RO         4631    .ARM.Collect$$$$0000000B  mc_w.l(entry9a.o)
    0x08000130   0x08000130   0x00000000   Code   RO         4633    .ARM.Collect$$$$0000000D  mc_w.l(entry10a.o)
    0x08000130   0x08000130   0x00000000   Code   RO         4635    .ARM.Collect$$$$0000000F  mc_w.l(entry11a.o)
    0x08000130   0x08000130   0x00000004   Code   RO         4624    .ARM.Collect$$$$00002712  mc_w.l(entry2.o)
    0x08000134   0x08000134   0x00000024   Code   RO            4    .text               startup_stm32f100xb.o
    0x08000158   0x08000158   0x00000020   Code   RO         4308    .text               mc_w.l(llushr.o)
    0x08000178   0x08000178   0x00000024   Code   RO         4310    .text               mc_w.l(memseta.o)
    0x0800019c   0x0800019c   0x000000b0   Code   RO         4603    .text               mf_w.l(fadd.o)
    0x0800024c   0x0800024c   0x0000014e   Code   RO         4605    .text               mf_w.l(dadd.o)
    0x0800039a   0x0800039a   0x000000e4   Code   RO         4607    .text               mf_w.l(dmul.o)
    0x0800047e   0x0800047e   0x000000de   Code   RO         4609    .text               mf_w.l(ddiv.o)
    0x0800055c   0x0800055c   0x0000000a   Code   RO         4611    .text               mf_w.l(ffltui.o)
    0x08000566   0x08000566   0x0000001a   Code   RO         4613    .text               mf_w.l(dfltui.o)
    0x08000580   0x08000580   0x00000028   Code   RO         4615    .text               mf_w.l(ffixui.o)
    0x080005a8   0x080005a8   0x00000032   Code   RO         4617    .text               mf_w.l(dfixui.o)
    0x080005da   0x080005da   0x00000026   Code   RO         4619    .text               mf_w.l(f2d.o)
    0x08000600   0x08000600   0x00000038   Code   RO         4621    .text               mf_w.l(d2f.o)
    0x08000638   0x08000638   0x0000002c   Code   RO         4638    .text               mc_w.l(uidiv.o)
    0x08000664   0x08000664   0x00000062   Code   RO         4640    .text               mc_w.l(uldiv.o)
    0x080006c6   0x080006c6   0x0000001e   Code   RO         4642    .text               mc_w.l(llshl.o)
    0x080006e4   0x080006e4   0x00000024   Code   RO         4644    .text               mc_w.l(llsshr.o)
    0x08000708   0x08000708   0x00000000   Code   RO         4652    .text               mc_w.l(iusefp.o)
    0x08000708   0x08000708   0x0000006e   Code   RO         4653    .text               mf_w.l(fepilogue.o)
    0x08000776   0x08000776   0x000000ba   Code   RO         4655    .text               mf_w.l(depilogue.o)
    0x08000830   0x08000830   0x00000030   Code   RO         4657    .text               mf_w.l(dfixul.o)
    0x08000860   0x08000860   0x00000030   Code   RO         4659    .text               mf_w.l(cdrcmple.o)
    0x08000890   0x08000890   0x00000024   Code   RO         4661    .text               mc_w.l(init.o)
    0x080008b4   0x080008b4   0x00000056   Code   RO         4671    .text               mc_w.l(__dczerorl2.o)
    0x0800090a   0x0800090a   0x00000002   PAD
    0x0800090c   0x0800090c   0x0000000c   Code   RO          475    i.ADC1_IRQHandler   stm32f1xx_it.o
    0x08000918   0x08000918   0x0000004c   Code   RO          653    i.ADC_ConversionStop_Disable  stm32f1xx_hal_adc.o
    0x08000964   0x08000964   0x00000070   Code   RO          657    i.ADC_Enable        stm32f1xx_hal_adc.o
    0x080009d4   0x080009d4   0x00000002   Code   RO          476    i.BusFault_Handler  stm32f1xx_it.o
    0x080009d6   0x080009d6   0x00000002   PAD
    0x080009d8   0x080009d8   0x00000064   Code   RO         4048    i.DHT11_Check       dht11.o
    0x08000a3c   0x08000a3c   0x00000064   Code   RO         4049    i.DHT11_Init        dht11.o
    0x08000aa0   0x08000aa0   0x0000004c   Code   RO         4050    i.DHT11_Read_Bit    dht11.o
    0x08000aec   0x08000aec   0x0000001a   Code   RO         4051    i.DHT11_Read_Byte   dht11.o
    0x08000b06   0x08000b06   0x00000002   PAD
    0x08000b08   0x08000b08   0x00000094   Code   RO         4053    i.DHT11_Read_Data_Float  dht11.o
    0x08000b9c   0x08000b9c   0x0000003c   Code   RO         4054    i.DHT11_Rst         dht11.o
    0x08000bd8   0x08000bd8   0x0000000c   Code   RO          477    i.DMA1_Channel1_IRQHandler  stm32f1xx_it.o
    0x08000be4   0x08000be4   0x0000000c   Code   RO          478    i.DMA1_Channel4_IRQHandler  stm32f1xx_it.o
    0x08000bf0   0x08000bf0   0x0000000c   Code   RO          479    i.DMA1_Channel5_IRQHandler  stm32f1xx_it.o
    0x08000bfc   0x08000bfc   0x0000002a   Code   RO         1283    i.DMA_SetConfig     stm32f1xx_hal_dma.o
    0x08000c26   0x08000c26   0x00000002   Code   RO          480    i.DebugMon_Handler  stm32f1xx_it.o
    0x08000c28   0x08000c28   0x00000038   Code   RO         3916    i.Delay_Init        delay.o
    0x08000c60   0x08000c60   0x00000030   Code   RO         3917    i.Delay_ms          delay.o
    0x08000c90   0x08000c90   0x00000030   Code   RO         3918    i.Delay_us          delay.o
    0x08000cc0   0x08000cc0   0x00000002   Code   RO           13    i.Error_Handler     main.o
    0x08000cc2   0x08000cc2   0x00000002   PAD
    0x08000cc4   0x08000cc4   0x000000c8   Code   RO          833    i.HAL_ADCEx_Calibration_Start  stm32f1xx_hal_adc_ex.o
    0x08000d8c   0x08000d8c   0x00000002   Code   RO          835    i.HAL_ADCEx_InjectedConvCpltCallback  stm32f1xx_hal_adc_ex.o
    0x08000d8e   0x08000d8e   0x00000002   PAD
    0x08000d90   0x08000d90   0x000000fc   Code   RO          659    i.HAL_ADC_ConfigChannel  stm32f1xx_hal_adc.o
    0x08000e8c   0x08000e8c   0x00000002   Code   RO          660    i.HAL_ADC_ConvCpltCallback  stm32f1xx_hal_adc.o
    0x08000e8e   0x08000e8e   0x000000e6   Code   RO          667    i.HAL_ADC_IRQHandler  stm32f1xx_hal_adc.o
    0x08000f74   0x08000f74   0x0000011c   Code   RO          668    i.HAL_ADC_Init      stm32f1xx_hal_adc.o
    0x08001090   0x08001090   0x00000002   Code   RO          669    i.HAL_ADC_LevelOutOfWindowCallback  stm32f1xx_hal_adc.o
    0x08001092   0x08001092   0x00000002   PAD
    0x08001094   0x08001094   0x000000a0   Code   RO          236    i.HAL_ADC_MspInit   adc.o
    0x08001134   0x08001134   0x00000098   Code   RO         1285    i.HAL_DMA_Abort_IT  stm32f1xx_hal_dma.o
    0x080011cc   0x080011cc   0x00000006   Code   RO         1288    i.HAL_DMA_GetState  stm32f1xx_hal_dma.o
    0x080011d2   0x080011d2   0x00000002   PAD
    0x080011d4   0x080011d4   0x00000154   Code   RO         1289    i.HAL_DMA_IRQHandler  stm32f1xx_hal_dma.o
    0x08001328   0x08001328   0x0000005c   Code   RO         1290    i.HAL_DMA_Init      stm32f1xx_hal_dma.o
    0x08001384   0x08001384   0x00000070   Code   RO         1294    i.HAL_DMA_Start_IT  stm32f1xx_hal_dma.o
    0x080013f4   0x080013f4   0x000001e0   Code   RO         1220    i.HAL_GPIO_Init     stm32f1xx_hal_gpio.o
    0x080015d4   0x080015d4   0x0000000a   Code   RO         1224    i.HAL_GPIO_WritePin  stm32f1xx_hal_gpio.o
    0x080015de   0x080015de   0x00000002   PAD
    0x080015e0   0x080015e0   0x0000000c   Code   RO          916    i.HAL_GetTick       stm32f1xx_hal.o
    0x080015ec   0x080015ec   0x00000002   Code   RO         1880    i.HAL_I2C_AbortCpltCallback  stm32f1xx_hal_i2c.o
    0x080015ee   0x080015ee   0x00000002   Code   RO         1881    i.HAL_I2C_AddrCallback  stm32f1xx_hal_i2c.o
    0x080015f0   0x080015f0   0x000000c4   Code   RO         1884    i.HAL_I2C_ER_IRQHandler  stm32f1xx_hal_i2c.o
    0x080016b4   0x080016b4   0x0000025a   Code   RO         1885    i.HAL_I2C_EV_IRQHandler  stm32f1xx_hal_i2c.o
    0x0800190e   0x0800190e   0x00000002   Code   RO         1887    i.HAL_I2C_ErrorCallback  stm32f1xx_hal_i2c.o
    0x08001910   0x08001910   0x00000174   Code   RO         1891    i.HAL_I2C_Init      stm32f1xx_hal_i2c.o
    0x08001a84   0x08001a84   0x00000002   Code   RO         1893    i.HAL_I2C_ListenCpltCallback  stm32f1xx_hal_i2c.o
    0x08001a86   0x08001a86   0x00000002   Code   RO         1894    i.HAL_I2C_MasterRxCpltCallback  stm32f1xx_hal_i2c.o
    0x08001a88   0x08001a88   0x00000002   Code   RO         1895    i.HAL_I2C_MasterTxCpltCallback  stm32f1xx_hal_i2c.o
    0x08001a8a   0x08001a8a   0x00000002   PAD
    0x08001a8c   0x08001a8c   0x0000012c   Code   RO         1904    i.HAL_I2C_Master_Transmit  stm32f1xx_hal_i2c.o
    0x08001bb8   0x08001bb8   0x00000002   Code   RO         1907    i.HAL_I2C_MemRxCpltCallback  stm32f1xx_hal_i2c.o
    0x08001bba   0x08001bba   0x00000002   Code   RO         1908    i.HAL_I2C_MemTxCpltCallback  stm32f1xx_hal_i2c.o
    0x08001bbc   0x08001bbc   0x0000007c   Code   RO          302    i.HAL_I2C_MspInit   i2c.o
    0x08001c38   0x08001c38   0x00000002   Code   RO         1917    i.HAL_I2C_SlaveRxCpltCallback  stm32f1xx_hal_i2c.o
    0x08001c3a   0x08001c3a   0x00000002   Code   RO         1918    i.HAL_I2C_SlaveTxCpltCallback  stm32f1xx_hal_i2c.o
    0x08001c3c   0x08001c3c   0x00000010   Code   RO          922    i.HAL_IncTick       stm32f1xx_hal.o
    0x08001c4c   0x08001c4c   0x00000016   Code   RO          923    i.HAL_Init          stm32f1xx_hal.o
    0x08001c62   0x08001c62   0x00000002   PAD
    0x08001c64   0x08001c64   0x00000040   Code   RO          924    i.HAL_InitTick      stm32f1xx_hal.o
    0x08001ca4   0x08001ca4   0x0000003c   Code   RO          593    i.HAL_MspInit       stm32f1xx_hal_msp.o
    0x08001ce0   0x08001ce0   0x0000001a   Code   RO         1380    i.HAL_NVIC_EnableIRQ  stm32f1xx_hal_cortex.o
    0x08001cfa   0x08001cfa   0x00000002   PAD
    0x08001cfc   0x08001cfc   0x00000040   Code   RO         1386    i.HAL_NVIC_SetPriority  stm32f1xx_hal_cortex.o
    0x08001d3c   0x08001d3c   0x00000024   Code   RO         1387    i.HAL_NVIC_SetPriorityGrouping  stm32f1xx_hal_cortex.o
    0x08001d60   0x08001d60   0x0000005c   Code   RO         1182    i.HAL_RCCEx_GetPeriphCLKFreq  stm32f1xx_hal_rcc_ex.o
    0x08001dbc   0x08001dbc   0x000000dc   Code   RO         1183    i.HAL_RCCEx_PeriphCLKConfig  stm32f1xx_hal_rcc_ex.o
    0x08001e98   0x08001e98   0x000000e8   Code   RO         1080    i.HAL_RCC_ClockConfig  stm32f1xx_hal_rcc.o
    0x08001f80   0x08001f80   0x00000020   Code   RO         1087    i.HAL_RCC_GetPCLK1Freq  stm32f1xx_hal_rcc.o
    0x08001fa0   0x08001fa0   0x00000020   Code   RO         1088    i.HAL_RCC_GetPCLK2Freq  stm32f1xx_hal_rcc.o
    0x08001fc0   0x08001fc0   0x0000007c   Code   RO         1089    i.HAL_RCC_GetSysClockFreq  stm32f1xx_hal_rcc.o
    0x0800203c   0x0800203c   0x00000320   Code   RO         1092    i.HAL_RCC_OscConfig  stm32f1xx_hal_rcc.o
    0x0800235c   0x0800235c   0x00000072   Code   RO         2313    i.HAL_SPI_Init      stm32f1xx_hal_spi.o
    0x080023ce   0x080023ce   0x00000002   PAD
    0x080023d0   0x080023d0   0x00000070   Code   RO          344    i.HAL_SPI_MspInit   spi.o
    0x08002440   0x08002440   0x000001e2   Code   RO         2322    i.HAL_SPI_TransmitReceive  stm32f1xx_hal_spi.o
    0x08002622   0x08002622   0x00000018   Code   RO         1389    i.HAL_SYSTICK_CLKSourceConfig  stm32f1xx_hal_cortex.o
    0x0800263a   0x0800263a   0x00000028   Code   RO         1391    i.HAL_SYSTICK_Config  stm32f1xx_hal_cortex.o
    0x08002662   0x08002662   0x00000042   Code   RO         3319    i.HAL_TIMEx_MasterConfigSynchronization  stm32f1xx_hal_tim_ex.o
    0x080026a4   0x080026a4   0x00000098   Code   RO         2644    i.HAL_TIM_Encoder_Init  stm32f1xx_hal_tim.o
    0x0800273c   0x0800273c   0x0000008c   Code   RO          386    i.HAL_TIM_Encoder_MspInit  tim.o
    0x080027c8   0x080027c8   0x00000002   Code   RO         3573    i.HAL_UART_ErrorCallback  stm32f1xx_hal_uart.o
    0x080027ca   0x080027ca   0x00000002   PAD
    0x080027cc   0x080027cc   0x00000110   Code   RO         3576    i.HAL_UART_IRQHandler  stm32f1xx_hal_uart.o
    0x080028dc   0x080028dc   0x00000062   Code   RO         3577    i.HAL_UART_Init     stm32f1xx_hal_uart.o
    0x0800293e   0x0800293e   0x00000002   PAD
    0x08002940   0x08002940   0x000000dc   Code   RO          428    i.HAL_UART_MspInit  usart.o
    0x08002a1c   0x08002a1c   0x00000098   Code   RO         3581    i.HAL_UART_Receive_DMA  stm32f1xx_hal_uart.o
    0x08002ab4   0x08002ab4   0x00000014   Code   RO           14    i.HAL_UART_RxCpltCallback  main.o
    0x08002ac8   0x08002ac8   0x00000002   Code   RO         3584    i.HAL_UART_RxHalfCpltCallback  stm32f1xx_hal_uart.o
    0x08002aca   0x08002aca   0x000000ba   Code   RO         3585    i.HAL_UART_Transmit  stm32f1xx_hal_uart.o
    0x08002b84   0x08002b84   0x00000002   Code   RO         3588    i.HAL_UART_TxCpltCallback  stm32f1xx_hal_uart.o
    0x08002b86   0x08002b86   0x00000002   Code   RO          481    i.HardFault_Handler  stm32f1xx_it.o
    0x08002b88   0x08002b88   0x0000000c   Code   RO          482    i.I2C1_ER_IRQHandler  stm32f1xx_it.o
    0x08002b94   0x08002b94   0x0000000c   Code   RO          483    i.I2C1_EV_IRQHandler  stm32f1xx_it.o
    0x08002ba0   0x08002ba0   0x0000007e   Code   RO         1929    i.I2C_DMAAbort      stm32f1xx_hal_i2c.o
    0x08002c1e   0x08002c1e   0x00000002   PAD
    0x08002c20   0x08002c20   0x00000140   Code   RO         1932    i.I2C_ITError       stm32f1xx_hal_i2c.o
    0x08002d60   0x08002d60   0x0000002e   Code   RO         1933    i.I2C_IsAcknowledgeFailed  stm32f1xx_hal_i2c.o
    0x08002d8e   0x08002d8e   0x000000d2   Code   RO         1934    i.I2C_MasterReceive_BTF  stm32f1xx_hal_i2c.o
    0x08002e60   0x08002e60   0x00000092   Code   RO         1935    i.I2C_MasterReceive_RXNE  stm32f1xx_hal_i2c.o
    0x08002ef2   0x08002ef2   0x00000002   PAD
    0x08002ef4   0x08002ef4   0x00000088   Code   RO         1937    i.I2C_MasterRequestWrite  stm32f1xx_hal_i2c.o
    0x08002f7c   0x08002f7c   0x00000082   Code   RO         1938    i.I2C_MasterTransmit_BTF  stm32f1xx_hal_i2c.o
    0x08002ffe   0x08002ffe   0x00000002   PAD
    0x08003000   0x08003000   0x00000104   Code   RO         1939    i.I2C_MasterTransmit_TXE  stm32f1xx_hal_i2c.o
    0x08003104   0x08003104   0x00000158   Code   RO         1940    i.I2C_Master_ADDR   stm32f1xx_hal_i2c.o
    0x0800325c   0x0800325c   0x0000008e   Code   RO         1941    i.I2C_Master_SB     stm32f1xx_hal_i2c.o
    0x080032ea   0x080032ea   0x00000002   PAD
    0x080032ec   0x080032ec   0x00000084   Code   RO         1944    i.I2C_Slave_AF      stm32f1xx_hal_i2c.o
    0x08003370   0x08003370   0x0000015c   Code   RO         1945    i.I2C_Slave_STOPF   stm32f1xx_hal_i2c.o
    0x080034cc   0x080034cc   0x0000004c   Code   RO         1946    i.I2C_WaitOnBTFFlagUntilTimeout  stm32f1xx_hal_i2c.o
    0x08003518   0x08003518   0x00000068   Code   RO         1947    i.I2C_WaitOnFlagUntilTimeout  stm32f1xx_hal_i2c.o
    0x08003580   0x08003580   0x00000096   Code   RO         1948    i.I2C_WaitOnMasterAddressFlagUntilTimeout  stm32f1xx_hal_i2c.o
    0x08003616   0x08003616   0x0000004c   Code   RO         1950    i.I2C_WaitOnTXEFlagUntilTimeout  stm32f1xx_hal_i2c.o
    0x08003662   0x08003662   0x00000002   PAD
    0x08003664   0x08003664   0x00000078   Code   RO          237    i.MX_ADC1_Init      adc.o
    0x080036dc   0x080036dc   0x0000004c   Code   RO          277    i.MX_DMA_Init       dma.o
    0x08003728   0x08003728   0x00000118   Code   RO          211    i.MX_GPIO_Init      gpio.o
    0x08003840   0x08003840   0x00000040   Code   RO          303    i.MX_I2C1_Init      i2c.o
    0x08003880   0x08003880   0x00000048   Code   RO          345    i.MX_SPI1_Init      spi.o
    0x080038c8   0x080038c8   0x0000006c   Code   RO          387    i.MX_TIM2_Init      tim.o
    0x08003934   0x08003934   0x00000038   Code   RO          429    i.MX_USART1_UART_Init  usart.o
    0x0800396c   0x0800396c   0x00000002   Code   RO          484    i.MemManage_Handler  stm32f1xx_it.o
    0x0800396e   0x0800396e   0x00000002   Code   RO          485    i.NMI_Handler       stm32f1xx_it.o
    0x08003970   0x08003970   0x0000009c   Code   RO         3954    i.NRF24L01_Check    nrf24l01.o
    0x08003a0c   0x08003a0c   0x0000009c   Code   RO         3955    i.NRF24L01_Init     nrf24l01.o
    0x08003aa8   0x08003aa8   0x00000048   Code   RO         3956    i.NRF24L01_Read_Buf  nrf24l01.o
    0x08003af0   0x08003af0   0x0000002c   Code   RO         3957    i.NRF24L01_Read_Reg  nrf24l01.o
    0x08003b1c   0x08003b1c   0x00000032   Code   RO         3958    i.NRF24L01_RxPacket  nrf24l01.o
    0x08003b4e   0x08003b4e   0x00000002   PAD
    0x08003b50   0x08003b50   0x0000005c   Code   RO         3959    i.NRF24L01_TxPacket  nrf24l01.o
    0x08003bac   0x08003bac   0x00000048   Code   RO         3960    i.NRF24L01_Write_Buf  nrf24l01.o
    0x08003bf4   0x08003bf4   0x00000034   Code   RO         3961    i.NRF24L01_Write_Reg  nrf24l01.o
    0x08003c28   0x08003c28   0x0000005c   Code   RO         4110    i.OLED_ShowText     oled12864.o
    0x08003c84   0x08003c84   0x00000128   Code   RO         4111    i.OLED_Show_16x16HZ  oled12864.o
    0x08003dac   0x08003dac   0x00000002   Code   RO          486    i.PendSV_Handler    stm32f1xx_it.o
    0x08003dae   0x08003dae   0x00000002   PAD
    0x08003db0   0x08003db0   0x00000058   Code   RO         3963    i.RX_Mode           nrf24l01.o
    0x08003e08   0x08003e08   0x00000020   Code   RO         2351    i.SPI_EndRxTxTransaction  stm32f1xx_hal_spi.o
    0x08003e28   0x08003e28   0x00000094   Code   RO         2356    i.SPI_WaitFlagStateUntilTimeout  stm32f1xx_hal_spi.o
    0x08003ebc   0x08003ebc   0x00000020   Code   RO         3964    i.SPIx_ReadWriteByte  nrf24l01.o
    0x08003edc   0x08003edc   0x00000040   Code   RO         4118    i.SSD1306_DrawPixel  oled12864.o
    0x08003f1c   0x08003f1c   0x00000018   Code   RO         4121    i.SSD1306_Fill      oled12864.o
    0x08003f34   0x08003f34   0x0000000c   Code   RO         4122    i.SSD1306_GotoXY    oled12864.o
    0x08003f40   0x08003f40   0x00000108   Code   RO         4123    i.SSD1306_Init      oled12864.o
    0x08004048   0x08004048   0x000000e0   Code   RO         4126    i.SSD1306_Putc      oled12864.o
    0x08004128   0x08004128   0x0000002c   Code   RO         4127    i.SSD1306_Puts      oled12864.o
    0x08004154   0x08004154   0x0000003c   Code   RO         4129    i.SSD1306_UpdateScreen  oled12864.o
    0x08004190   0x08004190   0x0000002c   Code   RO         4130    i.SSD1306_Write     oled12864.o
    0x080041bc   0x080041bc   0x00000050   Code   RO         4131    i.SSD306_Write_DATA  oled12864.o
    0x0800420c   0x0800420c   0x00000002   Code   RO          487    i.SVC_Handler       stm32f1xx_it.o
    0x0800420e   0x0800420e   0x00000004   Code   RO          488    i.SysTick_Handler   stm32f1xx_it.o
    0x08004212   0x08004212   0x00000058   Code   RO           15    i.SystemClock_Config  main.o
    0x0800426a   0x0800426a   0x00000002   PAD
    0x0800426c   0x0800426c   0x0000004c   Code   RO         3879    i.SystemInit        system_stm32f1xx.o
    0x080042b8   0x080042b8   0x00000098   Code   RO         2714    i.TIM_Base_SetConfig  stm32f1xx_hal_tim.o
    0x08004350   0x08004350   0x00000064   Code   RO         3965    i.TX_Mode           nrf24l01.o
    0x080043b4   0x080043b4   0x00000010   Code   RO         3590    i.UART_DMAAbortOnError  stm32f1xx_hal_uart.o
    0x080043c4   0x080043c4   0x0000004a   Code   RO         3591    i.UART_DMAError     stm32f1xx_hal_uart.o
    0x0800440e   0x0800440e   0x0000003c   Code   RO         3592    i.UART_DMAReceiveCplt  stm32f1xx_hal_uart.o
    0x0800444a   0x0800444a   0x0000000a   Code   RO         3594    i.UART_DMARxHalfCplt  stm32f1xx_hal_uart.o
    0x08004454   0x08004454   0x0000001c   Code   RO         3600    i.UART_EndRxTransfer  stm32f1xx_hal_uart.o
    0x08004470   0x08004470   0x00000012   Code   RO         3601    i.UART_EndTxTransfer  stm32f1xx_hal_uart.o
    0x08004482   0x08004482   0x00000096   Code   RO         3602    i.UART_Receive_IT   stm32f1xx_hal_uart.o
    0x08004518   0x08004518   0x00000130   Code   RO         3603    i.UART_SetConfig    stm32f1xx_hal_uart.o
    0x08004648   0x08004648   0x00000062   Code   RO         3604    i.UART_Transmit_IT  stm32f1xx_hal_uart.o
    0x080046aa   0x080046aa   0x00000064   Code   RO         3605    i.UART_WaitOnFlagUntilTimeout  stm32f1xx_hal_uart.o
    0x0800470e   0x0800470e   0x00000002   PAD
    0x08004710   0x08004710   0x0000000c   Code   RO          489    i.USART1_IRQHandler  stm32f1xx_it.o
    0x0800471c   0x0800471c   0x00000002   Code   RO          490    i.UsageFault_Handler  stm32f1xx_it.o
    0x0800471e   0x0800471e   0x00000002   PAD
    0x08004720   0x08004720   0x00000020   Code   RO         4547    i.__0printf         mc_w.l(printfa.o)
    0x08004740   0x08004740   0x00000028   Code   RO         4549    i.__0sprintf        mc_w.l(printfa.o)
    0x08004768   0x08004768   0x00000020   Code   RO         1393    i.__NVIC_SetPriority  stm32f1xx_hal_cortex.o
    0x08004788   0x08004788   0x0000000e   Code   RO         4665    i.__scatterload_copy  mc_w.l(handlers.o)
    0x08004796   0x08004796   0x00000002   Code   RO         4666    i.__scatterload_null  mc_w.l(handlers.o)
    0x08004798   0x08004798   0x0000000e   Code   RO         4667    i.__scatterload_zeroinit  mc_w.l(handlers.o)
    0x080047a6   0x080047a6   0x00000002   PAD
    0x080047a8   0x080047a8   0x00000184   Code   RO         4554    i._fp_digits        mc_w.l(printfa.o)
    0x0800492c   0x0800492c   0x000006dc   Code   RO         4555    i._printf_core      mc_w.l(printfa.o)
    0x08005008   0x08005008   0x00000024   Code   RO         4556    i._printf_post_padding  mc_w.l(printfa.o)
    0x0800502c   0x0800502c   0x0000002e   Code   RO         4557    i._printf_pre_padding  mc_w.l(printfa.o)
    0x0800505a   0x0800505a   0x0000000a   Code   RO         4559    i._sputc            mc_w.l(printfa.o)
    0x08005064   0x08005064   0x00000018   Code   RO          430    i.fputc             usart.o
    0x0800507c   0x0800507c   0x00000050   Code   RO         4575    i.free              mc_w.l(malloc.o)
    0x080050cc   0x080050cc   0x00000338   Code   RO           16    i.main              main.o
    0x08005404   0x08005404   0x0000006c   Code   RO         4576    i.malloc            mc_w.l(malloc.o)
    0x08005470   0x08005470   0x00000010   Data   RO         3880    .constdata          system_stm32f1xx.o
    0x08005480   0x08005480   0x00000008   Data   RO         3881    .constdata          system_stm32f1xx.o
    0x08005488   0x08005488   0x0000000a   Data   RO         3966    .constdata          nrf24l01.o
    0x08005492   0x08005492   0x000005f0   Data   RO         4274    .constdata          fonts.o
    0x08005a82   0x08005a82   0x00000002   PAD
    0x08005a84   0x08005a84   0x00000020   Data   RO         4663    Region$$Table       anon$$obj.o


    Execution Region RW_IRAM1 (Exec base: 0x20000000, Load base: 0x08005aa4, Size: 0x00000fc8, Max: 0x00002000, ABSOLUTE, COMPRESSED[0x00000154])

    Exec Addr    Load Addr    Size         Type   Attr      Idx    E Section Name        Object

    0x20000000   COMPRESSED   0x00000002   Data   RW           18    .data               main.o
    0x20000002   COMPRESSED   0x00000002   PAD
    0x20000004   COMPRESSED   0x0000000c   Data   RW          930    .data               stm32f1xx_hal.o
    0x20000010   COMPRESSED   0x00000004   Data   RW         3882    .data               system_stm32f1xx.o
    0x20000014   COMPRESSED   0x00000004   Data   RW         3919    .data               delay.o
    0x20000018   COMPRESSED   0x00000006   Data   RW         4133    .data               oled12864.o
    0x2000001e   COMPRESSED   0x00000002   PAD
    0x20000020   COMPRESSED   0x00000008   Data   RW         4277    .data               fonts.o
    0x20000028   COMPRESSED   0x0000036b   Data   RW         4279    .data               fonts.o
    0x20000393   COMPRESSED   0x00000001   PAD
    0x20000394   COMPRESSED   0x00000004   Data   RW         4637    .data               mc_w.l(stdout.o)
    0x20000398   COMPRESSED   0x00000004   Data   RW         4650    .data               mc_w.l(mvars.o)
    0x2000039c   COMPRESSED   0x00000004   Data   RW         4651    .data               mc_w.l(mvars.o)
    0x200003a0        -       0x00000074   Zero   RW          238    .bss                adc.o
    0x20000414        -       0x00000054   Zero   RW          304    .bss                i2c.o
    0x20000468        -       0x00000058   Zero   RW          346    .bss                spi.o
    0x200004c0        -       0x00000040   Zero   RW          388    .bss                tim.o
    0x20000500        -       0x000000c8   Zero   RW          431    .bss                usart.o
    0x200005c8        -       0x00000400   Zero   RW         4132    .bss                oled12864.o
    0x200009c8        -       0x00000200   Zero   RW            2    HEAP                startup_stm32f100xb.o
    0x20000bc8        -       0x00000400   Zero   RW            1    STACK               startup_stm32f100xb.o


==============================================================================

Image component sizes


      Code (inc. data)   RO Data    RW Data    ZI Data      Debug   Object Name

       280         30          0          0        116       1651   adc.o
       152         24          0          4          0       1639   delay.o
       510        100          0          0          0       3718   dht11.o
        76          4          0          0          0        702   dma.o
         0          0       1520        883          0       1316   fonts.o
       280         26          0          0          0        959   gpio.o
       188         26          0          0         84       1509   i2c.o
       934        232          0          2          0     314237   main.o
       914        244         10          0          0       8224   nrf24l01.o
      1204         64          0          6       1024       8258   oled12864.o
       184         24          0          0         88       1517   spi.o
        36          8        288          0       1536        780   startup_stm32f100xb.o
       114         20          0         12          0       5433   stm32f1xx_hal.o
       958         32          0          0          0       5664   stm32f1xx_hal_adc.o
       202          6          0          0          0       1875   stm32f1xx_hal_adc_ex.o
       222         14          0          0          0      29365   stm32f1xx_hal_cortex.o
       744         36          0          0          0       4705   stm32f1xx_hal_dma.o
       490         34          0          0          0       2820   stm32f1xx_hal_gpio.o
      4236         58          0          0          0      25167   stm32f1xx_hal_i2c.o
        60          8          0          0          0        794   stm32f1xx_hal_msp.o
      1220        108          0          0          0       4956   stm32f1xx_hal_rcc.o
       312         20          0          0          0       2161   stm32f1xx_hal_rcc_ex.o
       776          0          0          0          0       4397   stm32f1xx_hal_spi.o
       304         26          0          0          0       2922   stm32f1xx_hal_tim.o
        66          0          0          0          0       1256   stm32f1xx_hal_tim_ex.o
      1572         24          0          0          0      11806   stm32f1xx_hal_uart.o
       104         42          0          0          0       6431   stm32f1xx_it.o
        76         16         24          4          0       1091   system_stm32f1xx.o
       248         22          0          0         64       1673   tim.o
       300         34          0          0        200       2232   usart.o

    ----------------------------------------------------------------------
     16808       1282       1876        916       3112     459258   Object Totals
         0          0         32          0          0          0   (incl. Generated)
        46          0          2          5          0          0   (incl. Padding)

    ----------------------------------------------------------------------

      Code (inc. data)   RO Data    RW Data    ZI Data      Debug   Library Member Name

        86          0          0          0          0          0   __dczerorl2.o
         0          0          0          0          0          0   entry.o
         0          0          0          0          0          0   entry10a.o
         0          0          0          0          0          0   entry11a.o
         8          4          0          0          0          0   entry2.o
         4          0          0          0          0          0   entry5.o
         0          0          0          0          0          0   entry7b.o
         0          0          0          0          0          0   entry8b.o
         8          4          0          0          0          0   entry9a.o
        30          0          0          0          0          0   handlers.o
        36          8          0          0          0         68   init.o
         0          0          0          0          0          0   iusefp.o
        30          0          0          0          0         68   llshl.o
        36          0          0          0          0         68   llsshr.o
        32          0          0          0          0         68   llushr.o
       188         20          0          0          0        160   malloc.o
        36          0          0          0          0        108   memseta.o
         0          0          0          8          0          0   mvars.o
      2308         96          0          0          0        604   printfa.o
         0          0          0          4          0          0   stdout.o
        44          0          0          0          0         80   uidiv.o
        98          0          0          0          0         92   uldiv.o
        48          0          0          0          0         68   cdrcmple.o
        56          0          0          0          0         88   d2f.o
       334          0          0          0          0        148   dadd.o
       222          0          0          0          0        100   ddiv.o
       186          0          0          0          0        176   depilogue.o
        50          0          0          0          0         76   dfixui.o
        48          0          0          0          0         68   dfixul.o
        26          0          0          0          0         76   dfltui.o
       228          0          0          0          0         96   dmul.o
        38          0          0          0          0         68   f2d.o
       176          0          0          0          0        140   fadd.o
       110          0          0          0          0        168   fepilogue.o
        40          0          0          0          0         68   ffixui.o
        10          0          0          0          0         68   ffltui.o

    ----------------------------------------------------------------------
      4520        132          0         12          0       2724   Library Totals
         4          0          0          0          0          0   (incl. Padding)

    ----------------------------------------------------------------------

      Code (inc. data)   RO Data    RW Data    ZI Data      Debug   Library Name

      2944        132          0         12          0       1316   mc_w.l
      1572          0          0          0          0       1408   mf_w.l

    ----------------------------------------------------------------------
      4520        132          0         12          0       2724   Library Totals

    ----------------------------------------------------------------------

==============================================================================


      Code (inc. data)   RO Data    RW Data    ZI Data      Debug   

     21328       1414       1876        928       3112     452958   Grand Totals
     21328       1414       1876        340       3112     452958   ELF Image Totals (compressed)
     21328       1414       1876        340          0          0   ROM Totals

==============================================================================

    Total RO  Size (Code + RO Data)                23204 (  22.66kB)
    Total RW  Size (RW Data + ZI Data)              4040 (   3.95kB)
    Total ROM Size (Code + RO Data + RW Data)      23544 (  22.99kB)

==============================================================================

