Component: ARM Compiler 5.06 update 6 (build 750) Tool: armlink [4d35ed]

==============================================================================

Section Cross References

    startup_stm32f100xb.o(RESET) refers to startup_stm32f100xb.o(STACK) for __initial_sp
    startup_stm32f100xb.o(RESET) refers to startup_stm32f100xb.o(.text) for Reset_Handler
    startup_stm32f100xb.o(RESET) refers to stm32f1xx_it.o(i.NMI_Handler) for NMI_Handler
    startup_stm32f100xb.o(RESET) refers to stm32f1xx_it.o(i.HardFault_Handler) for HardFault_Handler
    startup_stm32f100xb.o(RESET) refers to stm32f1xx_it.o(i.MemManage_Handler) for MemManage_Handler
    startup_stm32f100xb.o(RESET) refers to stm32f1xx_it.o(i.BusFault_Handler) for BusFault_Handler
    startup_stm32f100xb.o(RESET) refers to stm32f1xx_it.o(i.UsageFault_Handler) for UsageFault_Handler
    startup_stm32f100xb.o(RESET) refers to stm32f1xx_it.o(i.SVC_Handler) for SVC_Handler
    startup_stm32f100xb.o(RESET) refers to stm32f1xx_it.o(i.DebugMon_Handler) for DebugMon_Handler
    startup_stm32f100xb.o(RESET) refers to stm32f1xx_it.o(i.PendSV_Handler) for PendSV_Handler
    startup_stm32f100xb.o(RESET) refers to stm32f1xx_it.o(i.SysTick_Handler) for SysTick_Handler
    startup_stm32f100xb.o(RESET) refers to stm32f1xx_it.o(i.RTC_IRQHandler) for RTC_IRQHandler
    startup_stm32f100xb.o(RESET) refers to stm32f1xx_it.o(i.DMA1_Channel1_IRQHandler) for DMA1_Channel1_IRQHandler
    startup_stm32f100xb.o(RESET) refers to stm32f1xx_it.o(i.DMA1_Channel4_IRQHandler) for DMA1_Channel4_IRQHandler
    startup_stm32f100xb.o(RESET) refers to stm32f1xx_it.o(i.DMA1_Channel5_IRQHandler) for DMA1_Channel5_IRQHandler
    startup_stm32f100xb.o(RESET) refers to stm32f1xx_it.o(i.DMA1_Channel6_IRQHandler) for DMA1_Channel6_IRQHandler
    startup_stm32f100xb.o(RESET) refers to stm32f1xx_it.o(i.DMA1_Channel7_IRQHandler) for DMA1_Channel7_IRQHandler
    startup_stm32f100xb.o(RESET) refers to stm32f1xx_it.o(i.ADC1_IRQHandler) for ADC1_IRQHandler
    startup_stm32f100xb.o(RESET) refers to stm32f1xx_it.o(i.I2C1_EV_IRQHandler) for I2C1_EV_IRQHandler
    startup_stm32f100xb.o(RESET) refers to stm32f1xx_it.o(i.I2C1_ER_IRQHandler) for I2C1_ER_IRQHandler
    startup_stm32f100xb.o(RESET) refers to stm32f1xx_it.o(i.USART1_IRQHandler) for USART1_IRQHandler
    startup_stm32f100xb.o(RESET) refers to stm32f1xx_it.o(i.USART2_IRQHandler) for USART2_IRQHandler
    startup_stm32f100xb.o(RESET) refers to stm32f1xx_it.o(i.RTC_Alarm_IRQHandler) for RTC_Alarm_IRQHandler
    startup_stm32f100xb.o(.text) refers to system_stm32f1xx.o(i.SystemInit) for SystemInit
    startup_stm32f100xb.o(.text) refers to entry.o(.ARM.Collect$$$$00000000) for __main
    main.o(i.HAL_RTCEx_RTCEventCallback) refers to stm32f1xx_hal_rtc.o(i.HAL_RTC_GetTime) for HAL_RTC_GetTime
    main.o(i.HAL_RTCEx_RTCEventCallback) refers to printfa.o(i.__0sprintf) for __2sprintf
    main.o(i.HAL_RTCEx_RTCEventCallback) refers to oled12864.o(i.SSD1306_GotoXY) for SSD1306_GotoXY
    main.o(i.HAL_RTCEx_RTCEventCallback) refers to oled12864.o(i.SSD1306_Puts) for SSD1306_Puts
    main.o(i.HAL_RTCEx_RTCEventCallback) refers to stm32f1xx_hal_adc.o(i.HAL_ADC_Start_DMA) for HAL_ADC_Start_DMA
    main.o(i.HAL_RTCEx_RTCEventCallback) refers to dfltui.o(.text) for __aeabi_ui2d
    main.o(i.HAL_RTCEx_RTCEventCallback) refers to dmul.o(.text) for __aeabi_dmul
    main.o(i.HAL_RTCEx_RTCEventCallback) refers to dscalb.o(.text) for __ARM_scalbn
    main.o(i.HAL_RTCEx_RTCEventCallback) refers to d2f.o(.text) for __aeabi_d2f
    main.o(i.HAL_RTCEx_RTCEventCallback) refers to f2d.o(.text) for __aeabi_f2d
    main.o(i.HAL_RTCEx_RTCEventCallback) refers to oled12864.o(i.SSD1306_UpdateScreen) for SSD1306_UpdateScreen
    main.o(i.HAL_RTCEx_RTCEventCallback) refers to main.o(.data) for .data
    main.o(i.HAL_RTCEx_RTCEventCallback) refers to fonts.o(.data) for Font_6x8
    main.o(i.HAL_RTCEx_RTCEventCallback) refers to adc.o(.bss) for hadc1
    main.o(i.HAL_RTC_AlarmAEventCallback) refers to printfa.o(i.__0printf) for __2printf
    main.o(i.HAL_UART_RxCpltCallback) refers to stm32f1xx_hal_uart.o(i.HAL_UART_Transmit) for HAL_UART_Transmit
    main.o(i.HAL_UART_RxCpltCallback) refers to main.o(.data) for .data
    main.o(i.HAL_UART_RxCpltCallback) refers to usart.o(.bss) for huart1
    main.o(i.SystemClock_Config) refers to memseta.o(.text) for __aeabi_memclr4
    main.o(i.SystemClock_Config) refers to stm32f1xx_hal_rcc.o(i.HAL_RCC_OscConfig) for HAL_RCC_OscConfig
    main.o(i.SystemClock_Config) refers to stm32f1xx_hal_rcc.o(i.HAL_RCC_ClockConfig) for HAL_RCC_ClockConfig
    main.o(i.SystemClock_Config) refers to stm32f1xx_hal_rcc_ex.o(i.HAL_RCCEx_PeriphCLKConfig) for HAL_RCCEx_PeriphCLKConfig
    main.o(i.main) refers to stm32f1xx_hal.o(i.HAL_Init) for HAL_Init
    main.o(i.main) refers to delay.o(i.Delay_Init) for Delay_Init
    main.o(i.main) refers to main.o(i.SystemClock_Config) for SystemClock_Config
[...]
    i.DMA1_Channel5_IRQHandler               0x08000928   Section        0  stm32f1xx_it.o(i.DMA1_Channel5_IRQHandler)
    i.DMA1_Channel6_IRQHandler               0x08000934   Section        0  stm32f1xx_it.o(i.DMA1_Channel6_IRQHandler)
    i.DMA1_Channel7_IRQHandler               0x08000940   Section        0  stm32f1xx_it.o(i.DMA1_Channel7_IRQHandler)
    i.DMA_SetConfig                          0x0800094c   Section        0  stm32f1xx_hal_dma.o(i.DMA_SetConfig)
    DMA_SetConfig                            0x0800094d   Thumb Code    42  stm32f1xx_hal_dma.o(i.DMA_SetConfig)
    i.DebugMon_Handler                       0x08000976   Section        0  stm32f1xx_it.o(i.DebugMon_Handler)
    i.Delay_Init                             0x08000978   Section        0  delay.o(i.Delay_Init)
    i.Delay_ms                               0x080009b0   Section        0  delay.o(i.Delay_ms)
    i.Error_Handler                          0x080009e0   Section        0  main.o(i.Error_Handler)
    i.HAL_ADCEx_Calibration_Start            0x080009e4   Section        0  stm32f1xx_hal_adc_ex.o(i.HAL_ADCEx_Calibration_Start)
    i.HAL_ADCEx_InjectedConvCpltCallback     0x08000aac   Section        0  stm32f1xx_hal_adc_ex.o(i.HAL_ADCEx_InjectedConvCpltCallback)
    i.HAL_ADC_ConfigChannel                  0x08000ab0   Section        0  stm32f1xx_hal_adc.o(i.HAL_ADC_ConfigChannel)
    i.HAL_ADC_ConvCpltCallback               0x08000bac   Section        0  stm32f1xx_hal_adc.o(i.HAL_ADC_ConvCpltCallback)
    i.HAL_ADC_ConvHalfCpltCallback           0x08000bae   Section        0  stm32f1xx_hal_adc.o(i.HAL_ADC_ConvHalfCpltCallback)
    i.HAL_ADC_ErrorCallback                  0x08000bb0   Section        0  stm32f1xx_hal_adc.o(i.HAL_ADC_ErrorCallback)
    i.HAL_ADC_IRQHandler                     0x08000bb2   Section        0  stm32f1xx_hal_adc.o(i.HAL_ADC_IRQHandler)
    i.HAL_ADC_Init                           0x08000c98   Section        0  stm32f1xx_hal_adc.o(i.HAL_ADC_Init)
    i.HAL_ADC_LevelOutOfWindowCallback       0x08000db4   Section        0  stm32f1xx_hal_adc.o(i.HAL_ADC_LevelOutOfWindowCallback)
    i.HAL_ADC_MspInit                        0x08000db8   Section        0  adc.o(i.HAL_ADC_MspInit)
    i.HAL_ADC_Start_DMA                      0x08000e58   Section        0  stm32f1xx_hal_adc.o(i.HAL_ADC_Start_DMA)
    i.HAL_CRC_Init                           0x08000f28   Section        0  stm32f1xx_hal_crc.o(i.HAL_CRC_Init)
    i.HAL_CRC_MspInit                        0x08000f4c   Section        0  crc.o(i.HAL_CRC_MspInit)
    i.HAL_DMA_Abort_IT                       0x08000f74   Section        0  stm32f1xx_hal_dma.o(i.HAL_DMA_Abort_IT)
    i.HAL_DMA_GetState                       0x0800100c   Section        0  stm32f1xx_hal_dma.o(i.HAL_DMA_GetState)
    i.HAL_DMA_IRQHandler                     0x08001014   Section        0  stm32f1xx_hal_dma.o(i.HAL_DMA_IRQHandler)
    i.HAL_DMA_Init                           0x08001168   Section        0  stm32f1xx_hal_dma.o(i.HAL_DMA_Init)
    i.HAL_DMA_Start_IT                       0x080011c4   Section        0  stm32f1xx_hal_dma.o(i.HAL_DMA_Start_IT)
    i.HAL_GPIO_Init                          0x08001234   Section        0  stm32f1xx_hal_gpio.o(i.HAL_GPIO_Init)
    i.HAL_GPIO_WritePin                      0x08001414   Section        0  stm32f1xx_hal_gpio.o(i.HAL_GPIO_WritePin)
    i.HAL_GetTick                            0x08001420   Section        0  stm32f1xx_hal.o(i.HAL_GetTick)
    i.HAL_I2C_AbortCpltCallback              0x0800142c   Section        0  stm32f1xx_hal_i2c.o(i.HAL_I2C_AbortCpltCallback)
    i.HAL_I2C_AddrCallback                   0x0800142e   Section        0  stm32f1xx_hal_i2c.o(i.HAL_I2C_AddrCallback)
    i.HAL_I2C_ER_IRQHandler                  0x08001430   Section        0  stm32f1xx_hal_i2c.o(i.HAL_I2C_ER_IRQHandler)
    i.HAL_I2C_EV_IRQHandler                  0x080014f4   Section        0  stm32f1xx_hal_i2c.o(i.HAL_I2C_EV_IRQHandler)
    i.HAL_I2C_ErrorCallback                  0x0800174e   Section        0  stm32f1xx_hal_i2c.o(i.HAL_I2C_ErrorCallback)
    i.HAL_I2C_Init                           0x08001750   Section        0  stm32f1xx_hal_i2c.o(i.HAL_I2C_Init)
    i.HAL_I2C_ListenCpltCallback             0x080018c4   Section        0  stm32f1xx_hal_i2c.o(i.HAL_I2C_ListenCpltCallback)
    i.HAL_I2C_MasterRxCpltCallback           0x080018c6   Section        0  stm32f1xx_hal_i2c.o(i.HAL_I2C_MasterRxCpltCallback)
    i.HAL_I2C_MasterTxCpltCallback           0x080018c8   Section        0  stm32f1xx_hal_i2c.o(i.HAL_I2C_MasterTxCpltCallback)
    i.HAL_I2C_Master_Transmit                0x080018cc   Section        0  stm32f1xx_hal_i2c.o(i.HAL_I2C_Master_Transmit)
    i.HAL_I2C_MemRxCpltCallback              0x080019f8   Section        0  stm32f1xx_hal_i2c.o(i.HAL_I2C_MemRxCpltCallback)
    i.HAL_I2C_MemTxCpltCallback              0x080019fa   Section        0  stm32f1xx_hal_i2c.o(i.HAL_I2C_MemTxCpltCallback)
    i.HAL_I2C_MspInit                        0x080019fc   Section        0  i2c.o(i.HAL_I2C_MspInit)
    i.HAL_I2C_SlaveRxCpltCallback            0x08001a78   Section        0  stm32f1xx_hal_i2c.o(i.HAL_I2C_SlaveRxCpltCallback)
    i.HAL_I2C_SlaveTxCpltCallback            0x08001a7a   Section        0  stm32f1xx_hal_i2c.o(i.HAL_I2C_SlaveTxCpltCallback)
    i.HAL_IncTick                            0x08001a7c   Section        0  stm32f1xx_hal.o(i.HAL_IncTick)
    i.HAL_Init                               0x08001a8c   Section        0  stm32f1xx_hal.o(i.HAL_Init)
    i.HAL_InitTick                           0x08001aa4   Section        0  stm32f1xx_hal.o(i.HAL_InitTick)
    i.HAL_MspInit                            0x08001ae4   Section        0  stm32f1xx_hal_msp.o(i.HAL_MspInit)
    i.HAL_NVIC_EnableIRQ                     0x08001b20   Section        0  stm32f1xx_hal_cortex.o(i.HAL_NVIC_EnableIRQ)
    i.HAL_NVIC_SetPriority                   0x08001b3c   Section        0  stm32f1xx_hal_cortex.o(i.HAL_NVIC_SetPriority)
    i.HAL_NVIC_SetPriorityGrouping           0x08001b7c   Section        0  stm32f1xx_hal_cortex.o(i.HAL_NVIC_SetPriorityGrouping)
    i.HAL_PWR_EnableBkUpAccess               0x08001ba0   Section        0  stm32f1xx_hal_pwr.o(i.HAL_PWR_EnableBkUpAccess)
    i.HAL_RCCEx_GetPeriphCLKFreq             0x08001bac   Section        0  stm32f1xx_hal_rcc_ex.o(i.HAL_RCCEx_GetPeriphCLKFreq)
    i.HAL_RCCEx_PeriphCLKConfig              0x08001c08   Section        0  stm32f1xx_hal_rcc_ex.o(i.HAL_RCCEx_PeriphCLKConfig)
    i.HAL_RCC_ClockConfig                    0x08001ce4   Section        0  stm32f1xx_hal_rcc.o(i.HAL_RCC_ClockConfig)
    i.HAL_RCC_GetPCLK1Freq                   0x08001dcc   Section        0  stm32f1xx_hal_rcc.o(i.HAL_RCC_GetPCLK1Freq)
    i.HAL_RCC_GetPCLK2Freq                   0x08001dec   Section        0  stm32f1xx_hal_rcc.o(i.HAL_RCC_GetPCLK2Freq)
    i.HAL_RCC_GetSysClockFreq                0x08001e0c   Section        0  stm32f1xx_hal_rcc.o(i.HAL_RCC_GetSysClockFreq)
    i.HAL_RCC_OscConfig                      0x08001e88   Section        0  stm32f1xx_hal_rcc.o(i.HAL_RCC_OscConfig)
    i.HAL_RTCEx_BKUPRead                     0x080021a8   Section        0  stm32f1xx_hal_rtc_ex.o(i.HAL_RTCEx_BKUPRead)
    i.HAL_RTCEx_BKUPWrite                    0x080021b8   Section        0  stm32f1xx_hal_rtc_ex.o(i.HAL_RTCEx_BKUPWrite)
    i.HAL_RTCEx_RTCEventCallback             0x080021c8   Section        0  main.o(i.HAL_RTCEx_RTCEventCallback)
    i.HAL_RTCEx_RTCEventErrorCallback        0x08002280   Section        0  stm32f1xx_hal_rtc_ex.o(i.HAL_RTCEx_RTCEventErrorCallback)
    i.HAL_RTCEx_RTCIRQHandler                0x08002282   Section        0  stm32f1xx_hal_rtc_ex.o(i.HAL_RTCEx_RTCIRQHandler)
    i.HAL_RTCEx_SetSecond_IT                 0x080022be   Section        0  stm32f1xx_hal_rtc_ex.o(i.HAL_RTCEx_SetSecond_IT)
    i.HAL_RTC_AlarmAEventCallback            0x080022ec   Section        0  main.o(i.HAL_RTC_AlarmAEventCallback)
    i.HAL_RTC_AlarmIRQHandler                0x08002308   Section        0  stm32f1xx_hal_rtc.o(i.HAL_RTC_AlarmIRQHandler)
    i.HAL_RTC_GetTime                        0x0800233c   Section        0  stm32f1xx_hal_rtc.o(i.HAL_RTC_GetTime)
    i.HAL_RTC_Init                           0x08002414   Section        0  stm32f1xx_hal_rtc.o(i.HAL_RTC_Init)
    i.HAL_RTC_MspInit                        0x080024b4   Section        0  rtc.o(i.HAL_RTC_MspInit)
    i.HAL_RTC_SetAlarm_IT                    0x0800250c   Section        0  stm32f1xx_hal_rtc.o(i.HAL_RTC_SetAlarm_IT)
    i.HAL_RTC_SetDate                        0x080025f4   Section        0  stm32f1xx_hal_rtc.o(i.HAL_RTC_SetDate)
    i.HAL_RTC_SetTime                        0x080026b8   Section        0  stm32f1xx_hal_rtc.o(i.HAL_RTC_SetTime)
    i.HAL_RTC_WaitForSynchro                 0x08002764   Section        0  stm32f1xx_hal_rtc.o(i.HAL_RTC_WaitForSynchro)
    i.HAL_SYSTICK_CLKSourceConfig            0x0800279e   Section        0  stm32f1xx_hal_cortex.o(i.HAL_SYSTICK_CLKSourceConfig)
    i.HAL_SYSTICK_Config                     0x080027b6   Section        0  stm32f1xx_hal_cortex.o(i.HAL_SYSTICK_Config)
    i.HAL_TIMEx_MasterConfigSynchronization  0x080027de   Section        0  stm32f1xx_hal_tim_ex.o(i.HAL_TIMEx_MasterConfigSynchronization)
    i.HAL_TIM_Encoder_Init                   0x08002820   Section        0  stm32f1xx_hal_tim.o(i.HAL_TIM_Encoder_Init)
    i.HAL_TIM_Encoder_MspInit                0x080028b8   Section        0  tim.o(i.HAL_TIM_Encoder_MspInit)
    i.HAL_UART_ErrorCallback                 0x08002944   Section        0  stm32f1xx_hal_uart.o(i.HAL_UART_ErrorCallback)
    i.HAL_UART_IRQHandler                    0x08002948   Section        0  stm32f1xx_hal_uart.o(i.HAL_UART_IRQHandler)
    i.HAL_UART_Init                          0x08002a58   Section        0  stm32f1xx_hal_uart.o(i.HAL_UART_Init)
    i.HAL_UART_MspInit                       0x08002abc   Section        0  usart.o(i.HAL_UART_MspInit)
    i.HAL_UART_Receive_DMA                   0x08002c50   Section        0  stm32f1xx_hal_uart.o(i.HAL_UART_Receive_DMA)
    i.HAL_UART_RxCpltCallback                0x08002ce8   Section        0  main.o(i.HAL_UART_RxCpltCallback)
    i.HAL_UART_RxHalfCpltCallback            0x08002cfc   Section        0  stm32f1xx_hal_uart.o(i.HAL_UART_RxHalfCpltCallback)
    i.HAL_UART_Transmit                      0x08002cfe   Section        0  stm32f1xx_hal_uart.o(i.HAL_UART_Transmit)
    i.HAL_UART_TxCpltCallback                0x08002db8   Section        0  stm32f1xx_hal_uart.o(i.HAL_UART_TxCpltCallback)
    i.HardFault_Handler                      0x08002dba   Section        0  stm32f1xx_it.o(i.HardFault_Handler)
    i.I2C1_ER_IRQHandler                     0x08002dbc   Section        0  stm32f1xx_it.o(i.I2C1_ER_IRQHandler)
    i.I2C1_EV_IRQHandler                     0x08002dc8   Section        0  stm32f1xx_it.o(i.I2C1_EV_IRQHandler)
    i.I2C_DMAAbort                           0x08002dd4   Section        0  stm32f1xx_hal_i2c.o(i.I2C_DMAAbort)
    I2C_DMAAbort                             0x08002dd5   Thumb Code   126  stm32f1xx_hal_i2c.o(i.I2C_DMAAbort)
    i.I2C_ITError                            0x08002e54   Section        0  stm32f1xx_hal_i2c.o(i.I2C_ITError)
    I2C_ITError                              0x08002e55   Thumb Code   312  stm32f1xx_hal_i2c.o(i.I2C_ITError)
    i.I2C_IsAcknowledgeFailed                0x08002f94   Section        0  stm32f1xx_hal_i2c.o(i.I2C_IsAcknowledgeFailed)
    I2C_IsAcknowledgeFailed                  0x08002f95   Thumb Code    46  stm32f1xx_hal_i2c.o(i.I2C_IsAcknowledgeFailed)
    i.I2C_MasterReceive_BTF                  0x08002fc2   Section        0  stm32f1xx_hal_i2c.o(i.I2C_MasterReceive_BTF)
    I2C_MasterReceive_BTF                    0x08002fc3   Thumb Code   210  stm32f1xx_hal_i2c.o(i.I2C_MasterReceive_BTF)
    i.I2C_MasterReceive_RXNE                 0x08003094   Section        0  stm32f1xx_hal_i2c.o(i.I2C_MasterReceive_RXNE)
    I2C_MasterReceive_RXNE                   0x08003095   Thumb Code   146  stm32f1xx_hal_i2c.o(i.I2C_MasterReceive_RXNE)
    i.I2C_MasterRequestWrite                 0x08003128   Section        0  stm32f1xx_hal_i2c.o(i.I2C_MasterRequestWrite)
    I2C_MasterRequestWrite                   0x08003129   Thumb Code   132  stm32f1xx_hal_i2c.o(i.I2C_MasterRequestWrite)
    i.I2C_MasterTransmit_BTF                 0x080031b0   Section        0  stm32f1xx_hal_i2c.o(i.I2C_MasterTransmit_BTF)
    I2C_MasterTransmit_BTF                   0x080031b1   Thumb Code   130  stm32f1xx_hal_i2c.o(i.I2C_MasterTransmit_BTF)
    i.I2C_MasterTransmit_TXE                 0x08003234   Section        0  stm32f1xx_hal_i2c.o(i.I2C_MasterTransmit_TXE)
    I2C_MasterTransmit_TXE                   0x08003235   Thumb Code   260  stm32f1xx_hal_i2c.o(i.I2C_MasterTransmit_TXE)
    i.I2C_Master_ADDR                        0x08003338   Section        0  stm32f1xx_hal_i2c.o(i.I2C_Master_ADDR)
    I2C_Master_ADDR                          0x08003339   Thumb Code   340  stm32f1xx_hal_i2c.o(i.I2C_Master_ADDR)
    i.I2C_Master_SB                          0x08003490   Section        0  stm32f1xx_hal_i2c.o(i.I2C_Master_SB)
    I2C_Master_SB                            0x08003491   Thumb Code   142  stm32f1xx_hal_i2c.o(i.I2C_Master_SB)
    i.I2C_Slave_AF                           0x08003520   Section        0  stm32f1xx_hal_i2c.o(i.I2C_Slave_AF)
    I2C_Slave_AF                             0x08003521   Thumb Code   126  stm32f1xx_hal_i2c.o(i.I2C_Slave_AF)
    i.I2C_Slave_STOPF                        0x080035a4   Section        0  stm32f1xx_hal_i2c.o(i.I2C_Slave_STOPF)
    I2C_Slave_STOPF                          0x080035a5   Thumb Code   338  stm32f1xx_hal_i2c.o(i.I2C_Slave_STOPF)
    i.I2C_WaitOnBTFFlagUntilTimeout          0x08003700   Section        0  stm32f1xx_hal_i2c.o(i.I2C_WaitOnBTFFlagUntilTimeout)
    I2C_WaitOnBTFFlagUntilTimeout            0x08003701   Thumb Code    76  stm32f1xx_hal_i2c.o(i.I2C_WaitOnBTFFlagUntilTimeout)
    i.I2C_WaitOnFlagUntilTimeout             0x0800374c   Section        0  stm32f1xx_hal_i2c.o(i.I2C_WaitOnFlagUntilTimeout)
    I2C_WaitOnFlagUntilTimeout               0x0800374d   Thumb Code   104  stm32f1xx_hal_i2c.o(i.I2C_WaitOnFlagUntilTimeout)
    i.I2C_WaitOnMasterAddressFlagUntilTimeout 0x080037b4   Section        0  stm32f1xx_hal_i2c.o(i.I2C_WaitOnMasterAddressFlagUntilTimeout)
    I2C_WaitOnMasterAddressFlagUntilTimeout  0x080037b5   Thumb Code   150  stm32f1xx_hal_i2c.o(i.I2C_WaitOnMasterAddressFlagUntilTimeout)
    i.I2C_WaitOnTXEFlagUntilTimeout          0x0800384a   Section        0  stm32f1xx_hal_i2c.o(i.I2C_WaitOnTXEFlagUntilTimeout)
    I2C_WaitOnTXEFlagUntilTimeout            0x0800384b   Thumb Code    76  stm32f1xx_hal_i2c.o(i.I2C_WaitOnTXEFlagUntilTimeout)
    i.MX_ADC1_Init                           0x08003898   Section        0  adc.o(i.MX_ADC1_Init)
    i.MX_CRC_Init                            0x080038e8   Section        0  crc.o(i.MX_CRC_Init)
    i.MX_DMA_Init                            0x0800390c   Section        0  dma.o(i.MX_DMA_Init)
    i.MX_GPIO_Init                           0x08003978   Section        0  gpio.o(i.MX_GPIO_Init)
    i.MX_I2C1_Init                           0x08003a08   Section        0  i2c.o(i.MX_I2C1_Init)
    i.MX_RTC_Init                            0x08003a48   Section        0  rtc.o(i.MX_RTC_Init)
    i.MX_TIM2_Init                           0x08003acc   Section        0  tim.o(i.MX_TIM2_Init)
    i.MX_USART1_UART_Init                    0x08003b38   Section        0  usart.o(i.MX_USART1_UART_Init)
    i.MX_USART2_UART_Init                    0x08003b70   Section        0  usart.o(i.MX_USART2_UART_Init)
    i.MemManage_Handler                      0x08003ba8   Section        0  stm32f1xx_it.o(i.MemManage_Handler)
    i.NMI_Handler                            0x08003baa   Section        0  stm32f1xx_it.o(i.NMI_Handler)
    i.PendSV_Handler                         0x08003bac   Section        0  stm32f1xx_it.o(i.PendSV_Handler)
    i.RTC_Alarm_IRQHandler                   0x08003bb0   Section        0  stm32f1xx_it.o(i.RTC_Alarm_IRQHandler)
    i.RTC_Bcd2ToByte                         0x08003bbc   Section        0  stm32f1xx_hal_rtc.o(i.RTC_Bcd2ToByte)
    RTC_Bcd2ToByte                           0x08003bbd   Thumb Code    18  stm32f1xx_hal_rtc.o(i.RTC_Bcd2ToByte)
    i.RTC_ByteToBcd2                         0x08003bce   Section        0  stm32f1xx_hal_rtc.o(i.RTC_ByteToBcd2)
    RTC_ByteToBcd2                           0x08003bcf   Thumb Code    22  stm32f1xx_hal_rtc.o(i.RTC_ByteToBcd2)
    i.RTC_DateUpdate                         0x08003be4   Section        0  stm32f1xx_hal_rtc.o(i.RTC_DateUpdate)
    RTC_DateUpdate                           0x08003be5   Thumb Code   174  stm32f1xx_hal_rtc.o(i.RTC_DateUpdate)
    i.RTC_EnterInitMode                      0x08003c92   Section        0  stm32f1xx_hal_rtc.o(i.RTC_EnterInitMode)
    RTC_EnterInitMode                        0x08003c93   Thumb Code    52  stm32f1xx_hal_rtc.o(i.RTC_EnterInitMode)
    i.RTC_ExitInitMode                       0x08003cc8   Section        0  stm32f1xx_hal_rtc.o(i.RTC_ExitInitMode)
    RTC_ExitInitMode                         0x08003cc9   Thumb Code    54  stm32f1xx_hal_rtc.o(i.RTC_ExitInitMode)
    i.RTC_IRQHandler                         0x08003d00   Section        0  stm32f1xx_it.o(i.RTC_IRQHandler)
    i.RTC_ReadAlarmCounter                   0x08003d0c   Section        0  stm32f1xx_hal_rtc.o(i.RTC_ReadAlarmCounter)
    RTC_ReadAlarmCounter                     0x08003d0d   Thumb Code    14  stm32f1xx_hal_rtc.o(i.RTC_ReadAlarmCounter)
    i.RTC_ReadTimeCounter                    0x08003d1a   Section        0  stm32f1xx_hal_rtc.o(i.RTC_ReadTimeCounter)
    RTC_ReadTimeCounter                      0x08003d1b   Thumb Code    32  stm32f1xx_hal_rtc.o(i.RTC_ReadTimeCounter)
    i.RTC_WeekDayNum                         0x08003d3a   Section        0  stm32f1xx_hal_rtc.o(i.RTC_WeekDayNum)
    RTC_WeekDayNum                           0x08003d3b   Thumb Code    86  stm32f1xx_hal_rtc.o(i.RTC_WeekDayNum)
    i.RTC_WriteAlarmCounter                  0x08003d90   Section        0  stm32f1xx_hal_rtc.o(i.RTC_WriteAlarmCounter)
    RTC_WriteAlarmCounter                    0x08003d91   Thumb Code    40  stm32f1xx_hal_rtc.o(i.RTC_WriteAlarmCounter)
    i.RTC_WriteTimeCounter                   0x08003db8   Section        0  stm32f1xx_hal_rtc.o(i.RTC_WriteTimeCounter)
    RTC_WriteTimeCounter                     0x08003db9   Thumb Code    40  stm32f1xx_hal_rtc.o(i.RTC_WriteTimeCounter)
    i.SSD1306_DrawLine2                      0x08003de0   Section        0  oled12864.o(i.SSD1306_DrawLine2)
    i.SSD1306_DrawPixel                      0x08003e24   Section        0  oled12864.o(i.SSD1306_DrawPixel)
    i.SSD1306_Fill                           0x08003e64   Section        0  oled12864.o(i.SSD1306_Fill)
    i.SSD1306_GotoXY                         0x08003e7c   Section        0  oled12864.o(i.SSD1306_GotoXY)
    i.SSD1306_Init                           0x08003e88   Section        0  oled12864.o(i.SSD1306_Init)
    i.SSD1306_Putc                           0x08003f90   Section        0  oled12864.o(i.SSD1306_Putc)
    i.SSD1306_Puts                           0x08004070   Section        0  oled12864.o(i.SSD1306_Puts)
    i.SSD1306_UpdateScreen                   0x0800409c   Section        0  oled12864.o(i.SSD1306_UpdateScreen)
    i.SSD1306_Write                          0x080040d8   Section        0  oled12864.o(i.SSD1306_Write)
    i.SSD306_Write_DATA                      0x08004104   Section        0  oled12864.o(i.SSD306_Write_DATA)
    i.SVC_Handler                            0x08004154   Section        0  stm32f1xx_it.o(i.SVC_Handler)
    i.SysTick_Handler                        0x08004156   Section        0  stm32f1xx_it.o(i.SysTick_Handler)
    i.SystemClock_Config                     0x0800415a   Section        0  main.o(i.SystemClock_Config)
    i.SystemInit                             0x080041c0   Section        0  system_stm32f1xx.o(i.SystemInit)
    i.TIM_Base_SetConfig                     0x0800420c   Section        0  stm32f1xx_hal_tim.o(i.TIM_Base_SetConfig)
    i.UART_DMAAbortOnError                   0x080042a4   Section        0  stm32f1xx_hal_uart.o(i.UART_DMAAbortOnError)
    UART_DMAAbortOnError                     0x080042a5   Thumb Code    16  stm32f1xx_hal_uart.o(i.UART_DMAAbortOnError)
    i.UART_DMAError                          0x080042b4   Section        0  stm32f1xx_hal_uart.o(i.UART_DMAError)
    UART_DMAError                            0x080042b5   Thumb Code    74  stm32f1xx_hal_uart.o(i.UART_DMAError)
    i.UART_DMAReceiveCplt                    0x080042fe   Section        0  stm32f1xx_hal_uart.o(i.UART_DMAReceiveCplt)
    UART_DMAReceiveCplt                      0x080042ff   Thumb Code    60  stm32f1xx_hal_uart.o(i.UART_DMAReceiveCplt)
    i.UART_DMARxHalfCplt                     0x0800433a   Section        0  stm32f1xx_hal_uart.o(i.UART_DMARxHalfCplt)
    UART_DMARxHalfCplt                       0x0800433b   Thumb Code    10  stm32f1xx_hal_uart.o(i.UART_DMARxHalfCplt)
    i.UART_EndRxTransfer                     0x08004344   Section        0  stm32f1xx_hal_uart.o(i.UART_EndRxTransfer)
    UART_EndRxTransfer                       0x08004345   Thumb Code    28  stm32f1xx_hal_uart.o(i.UART_EndRxTransfer)
    i.UART_EndTxTransfer                     0x08004360   Section        0  stm32f1xx_hal_uart.o(i.UART_EndTxTransfer)
    UART_EndTxTransfer                       0x08004361   Thumb Code    18  stm32f1xx_hal_uart.o(i.UART_EndTxTransfer)
    i.UART_Receive_IT                        0x08004372   Section        0  stm32f1xx_hal_uart.o(i.UART_Receive_IT)
    UART_Receive_IT                          0x08004373   Thumb Code   150  stm32f1xx_hal_uart.o(i.UART_Receive_IT)
    i.UART_SetConfig                         0x08004408   Section        0  stm32f1xx_hal_uart.o(i.UART_SetConfig)
    UART_SetConfig                           0x08004409   Thumb Code   300  stm32f1xx_hal_uart.o(i.UART_SetConfig)
    i.UART_Transmit_IT                       0x08004538   Section        0  stm32f1xx_hal_uart.o(i.UART_Transmit_IT)
    UART_Transmit_IT                         0x08004539   Thumb Code    98  stm32f1xx_hal_uart.o(i.UART_Transmit_IT)
    i.UART_WaitOnFlagUntilTimeout            0x0800459a   Section        0  stm32f1xx_hal_uart.o(i.UART_WaitOnFlagUntilTimeout)
    UART_WaitOnFlagUntilTimeout              0x0800459b   Thumb Code   100  stm32f1xx_hal_uart.o(i.UART_WaitOnFlagUntilTimeout)
    i.USART1_IRQHandler                      0x08004600   Section        0  stm32f1xx_it.o(i.USART1_IRQHandler)
    i.USART2_IRQHandler                      0x0800460c   Section        0  stm32f1xx_it.o(i.USART2_IRQHandler)
    i.UsageFault_Handler                     0x08004618   Section        0  stm32f1xx_it.o(i.UsageFault_Handler)
    i.__0printf                              0x0800461c   Section        0  printfa.o(i.__0printf)
    i.__0sprintf                             0x0800463c   Section        0  printfa.o(i.__0sprintf)
    i.__NVIC_SetPriority                     0x08004664   Section        0  stm32f1xx_hal_cortex.o(i.__NVIC_SetPriority)
    __NVIC_SetPriority                       0x08004665   Thumb Code    32  stm32f1xx_hal_cortex.o(i.__NVIC_SetPriority)
    i.__scatterload_copy                     0x08004684   Section       14  handlers.o(i.__scatterload_copy)
    i.__scatterload_null                     0x08004692   Section        2  handlers.o(i.__scatterload_null)
    i.__scatterload_zeroinit                 0x08004694   Section       14  handlers.o(i.__scatterload_zeroinit)
    i._fp_digits                             0x080046a4   Section        0  printfa.o(i._fp_digits)
    _fp_digits                               0x080046a5   Thumb Code   366  printfa.o(i._fp_digits)
    i._printf_core                           0x08004828   Section        0  printfa.o(i._printf_core)
    _printf_core                             0x08004829   Thumb Code  1744  printfa.o(i._printf_core)
    i._printf_post_padding                   0x08004f04   Section        0  printfa.o(i._printf_post_padding)
    _printf_post_padding                     0x08004f05   Thumb Code    36  printfa.o(i._printf_post_padding)
    i._printf_pre_padding                    0x08004f28   Section        0  printfa.o(i._printf_pre_padding)
    _printf_pre_padding                      0x08004f29   Thumb Code    46  printfa.o(i._printf_pre_padding)
    i._sputc                                 0x08004f56   Section        0  printfa.o(i._sputc)
    _sputc                                   0x08004f57   Thumb Code    10  printfa.o(i._sputc)
    i.fputc                                  0x08004f60   Section        0  usart.o(i.fputc)
    i.free                                   0x08004f78   Section        0  malloc.o(i.free)
    i.main                                   0x08004fc8   Section        0  main.o(i.main)
    i.malloc                                 0x08005114   Section        0  malloc.o(i.malloc)
    i.setAlarm                               0x08005180   Section        0  rtc.o(i.setAlarm)
    .constdata                               0x080051c4   Section       16  system_stm32f1xx.o(.constdata)
    .constdata                               0x080051d4   Section        8  system_stm32f1xx.o(.constdata)
    .constdata                               0x080051dc   Section      552  fonts.o(.constdata)
    .data                                    0x20000000   Section       21  main.o(.data)
    .data                                    0x20000018   Section        8  crc.o(.data)
    .data                                    0x20000020   Section       12  stm32f1xx_hal.o(.data)
    .data                                    0x2000002c   Section        4  system_stm32f1xx.o(.data)
    .data                                    0x20000030   Section        4  delay.o(.data)
    D_us                                     0x20000030   Data           1  delay.o(.data)
    D_ms                                     0x20000032   Data           2  delay.o(.data)
    .data                                    0x20000034   Section        6  oled12864.o(.data)
    SSD1306                                  0x20000034   Data           6  oled12864.o(.data)
    .data                                    0x2000003c   Section        8  fonts.o(.data)
    .data                                    0x20000044   Section        4  stdout.o(.data)
    .data                                    0x20000048   Section        4  mvars.o(.data)
    .data                                    0x2000004c   Section        4  mvars.o(.data)
    .bss                                     0x20000050   Section      116  adc.o(.bss)
    .bss                                     0x200000c4   Section       84  i2c.o(.bss)
    .bss                                     0x20000118   Section       20  rtc.o(.bss)
    .bss                                     0x2000012c   Section       64  tim.o(.bss)
    .bss                                     0x2000016c   Section      400  usart.o(.bss)
    .bss                                     0x200002fc   Section     1024  oled12864.o(.bss)
    SSD1306_Buffer                           0x200002fc   Data        1024  oled12864.o(.bss)
    HEAP                                     0x20000700   Section      512  startup_stm32f100xb.o(HEAP)
    STACK                                    0x20000900   Section     1024  startup_stm32f100xb.o(STACK)

    Global Symbols

    Symbol Name                              Value     Ov Type        Size  Object(Section)

    BuildAttributes$$THM_ISAv4$P$D$K$B$S$PE$A:L22UL41UL21$X:L11$S22US41US21$IEEE1$IW$USESV6$~STKCKD$USESV7$~SHL$OTIME$ROPI$EBA8$MICROLIB$REQ8$PRES8$EABIv2 0x00000000   Number         0  anon$$obj.o ABSOLUTE
    __ARM_use_no_argv                        0x00000000   Number         0  main.o ABSOLUTE
    _printf_a                                0x00000000   Number         0  stubs.o ABSOLUTE
    _printf_c                                0x00000000   Number         0  stubs.o ABSOLUTE
    _printf_charcount                        0x00000000   Number         0  stubs.o ABSOLUTE
    _printf_d                                0x00000000   Number         0  stubs.o ABSOLUTE
    _printf_e                                0x00000000   Number         0  stubs.o ABSOLUTE
    _printf_f                                0x00000000   Number         0  stubs.o ABSOLUTE
    _printf_flags                            0x00000000   Number         0  stubs.o ABSOLUTE
    _printf_fp_dec                           0x00000000   Number         0  stubs.o ABSOLUTE
    _printf_fp_hex                           0x00000000   Number         0  stubs.o ABSOLUTE
    _printf_g                                0x00000000   Number         0  stubs.o ABSOLUTE
    _printf_i                                0x00000000   Number         0  stubs.o ABSOLUTE
    _printf_int_dec                          0x00000000   Number         0  stubs.o ABSOLUTE
    _printf_l                                0x00000000   Number         0  stubs.o ABSOLUTE
    _printf_lc                               0x00000000   Number         0  stubs.o ABSOLUTE
    _printf_ll                               0x00000000   Number         0  stubs.o ABSOLUTE
    _printf_lld                              0x00000000   Number         0  stubs.o ABSOLUTE
    _printf_lli                              0x00000000   Number         0  stubs.o ABSOLUTE
    _printf_llo                              0x00000000   Number         0  stubs.o ABSOLUTE
    _printf_llu                              0x00000000   Number         0  stubs.o ABSOLUTE
    _printf_llx                              0x00000000   Number         0  stubs.o ABSOLUTE
    _printf_longlong_dec                     0x00000000   Number         0  stubs.o ABSOLUTE
    _printf_longlong_hex                     0x00000000   Number         0  stubs.o ABSOLUTE
    _printf_longlong_oct                     0x00000000   Number         0  stubs.o ABSOLUTE
    _printf_ls                               0x00000000   Number         0  stubs.o ABSOLUTE
    _printf_mbtowc                           0x00000000   Number         0  stubs.o ABSOLUTE
    _printf_n                                0x00000000   Number         0  stubs.o ABSOLUTE
    _printf_o                                0x00000000   Number         0  stubs.o ABSOLUTE
    _printf_p                                0x00000000   Number         0  stubs.o ABSOLUTE
    _printf_percent                          0x00000000   Number         0  stubs.o ABSOLUTE
    _printf_pre_padding                      0x00000000   Number         0  stubs.o ABSOLUTE
    _printf_return_value                     0x00000000   Number         0  stubs.o ABSOLUTE
    _printf_s                                0x00000000   Number         0  stubs.o ABSOLUTE
    _printf_sizespec                         0x00000000   Number         0  stubs.o ABSOLUTE
    _printf_str                              0x00000000   Number         0  stubs.o ABSOLUTE
    _printf_truncate_signed                  0x00000000   Number         0  stubs.o ABSOLUTE
    _printf_truncate_unsigned                0x00000000   Number         0  stubs.o ABSOLUTE
    _printf_u                                0x00000000   Number         0  stubs.o ABSOLUTE
    _printf_wc                               0x00000000   Number         0  stubs.o ABSOLUTE
    _printf_wctomb                           0x00000000   Number         0  stubs.o ABSOLUTE
    _printf_widthprec                        0x00000000   Number         0  stubs.o ABSOLUTE
    _printf_x                                0x00000000   Number         0  stubs.o ABSOLUTE
    __cpp_initialize__aeabi_                  - Undefined Weak Reference
    __cxa_finalize                            - Undefined Weak Reference
    __decompress                              - Undefined Weak Reference
    _clock_init                               - Undefined Weak Reference
    _microlib_exit                            - Undefined Weak Reference
    __Vectors_Size                           0x00000120   Number         0  startup_stm32f100xb.o ABSOLUTE
    __Vectors                                0x08000000   Data           4  startup_stm32f100xb.o(RESET)
    __Vectors_End                            0x08000120   Data           0  startup_stm32f100xb.o(RESET)
    __main                                   0x08000121   Thumb Code     0  entry.o(.ARM.Collect$$$$00000000)
    _main_stk                                0x08000121   Thumb Code     0  entry2.o(.ARM.Collect$$$$00000001)
    _main_scatterload                        0x08000125   Thumb Code     0  entry5.o(.ARM.Collect$$$$00000004)
    __main_after_scatterload                 0x08000129   Thumb Code     0  entry5.o(.ARM.Collect$$$$00000004)
    _main_clock                              0x08000129   Thumb Code     0  entry7b.o(.ARM.Collect$$$$00000008)
    _main_cpp_init                           0x08000129   Thumb Code     0  entry8b.o(.ARM.Collect$$$$0000000A)
    _main_init                               0x08000129   Thumb Code     0  entry9a.o(.ARM.Collect$$$$0000000B)
    __rt_final_cpp                           0x08000131   Thumb Code     0  entry10a.o(.ARM.Collect$$$$0000000D)
    __rt_final_exit                          0x08000131   Thumb Code     0  entry11a.o(.ARM.Collect$$$$0000000F)
    Reset_Handler                            0x08000135   Thumb Code     8  startup_stm32f100xb.o(.text)
    CEC_IRQHandler                           0x0800014f   Thumb Code     0  startup_stm32f100xb.o(.text)
    DMA1_Channel2_IRQHandler                 0x0800014f   Thumb Code     0  startup_stm32f100xb.o(.text)
    DMA1_Channel3_IRQHandler                 0x0800014f   Thumb Code     0  startup_stm32f100xb.o(.text)
    EXTI0_IRQHandler                         0x0800014f   Thumb Code     0  startup_stm32f100xb.o(.text)
    EXTI15_10_IRQHandler                     0x0800014f   Thumb Code     0  startup_stm32f100xb.o(.text)
    EXTI1_IRQHandler                         0x0800014f   Thumb Code     0  startup_stm32f100xb.o(.text)
    EXTI2_IRQHandler                         0x0800014f   Thumb Code     0  startup_stm32f100xb.o(.text)
    EXTI3_IRQHandler                         0x0800014f   Thumb Code     0  startup_stm32f100xb.o(.text)
    EXTI4_IRQHandler                         0x0800014f   Thumb Code     0  startup_stm32f100xb.o(.text)
    EXTI9_5_IRQHandler                       0x0800014f   Thumb Code     0  startup_stm32f100xb.o(.text)
    FLASH_IRQHandler                         0x0800014f   Thumb Code     0  startup_stm32f100xb.o(.text)
    I2C2_ER_IRQHandler                       0x0800014f   Thumb Code     0  startup_stm32f100xb.o(.text)
    I2C2_EV_IRQHandler                       0x0800014f   Thumb Code     0  startup_stm32f100xb.o(.text)
    PVD_IRQHandler                           0x0800014f   Thumb Code     0  startup_stm32f100xb.o(.text)
    RCC_IRQHandler                           0x0800014f   Thumb Code     0  startup_stm32f100xb.o(.text)
    SPI1_IRQHandler                          0x0800014f   Thumb Code     0  startup_stm32f100xb.o(.text)
    SPI2_IRQHandler                          0x0800014f   Thumb Code     0  startup_stm32f100xb.o(.text)
    TAMPER_IRQHandler                        0x0800014f   Thumb Code     0  startup_stm32f100xb.o(.text)
    TIM1_BRK_TIM15_IRQHandler                0x0800014f   Thumb Code     0  startup_stm32f100xb.o(.text)
    TIM1_CC_IRQHandler                       0x0800014f   Thumb Code     0  startup_stm32f100xb.o(.text)
    TIM1_TRG_COM_TIM17_IRQHandler            0x0800014f   Thumb Code     0  startup_stm32f100xb.o(.text)
    TIM1_UP_TIM16_IRQHandler                 0x0800014f   Thumb Code     0  startup_stm32f100xb.o(.text)
    TIM2_IRQHandler                          0x0800014f   Thumb Code     0  startup_stm32f100xb.o(.text)
    TIM3_IRQHandler                          0x0800014f   Thumb Code     0  startup_stm32f100xb.o(.text)
    TIM4_IRQHandler                          0x0800014f   Thumb Code     0  startup_stm32f100xb.o(.text)
    TIM6_DAC_IRQHandler                      0x0800014f   Thumb Code     0  startup_stm32f100xb.o(.text)
    TIM7_IRQHandler                          0x0800014f   Thumb Code     0  startup_stm32f100xb.o(.text)
    USART3_IRQHandler                        0x0800014f   Thumb Code     0  startup_stm32f100xb.o(.text)
    WWDG_IRQHandler                          0x0800014f   Thumb Code     0  startup_stm32f100xb.o(.text)
    __aeabi_llsr                             0x08000159   Thumb Code    32  llushr.o(.text)
    _ll_ushift_r                             0x08000159   Thumb Code     0  llushr.o(.text)
    __aeabi_memset                           0x08000179   Thumb Code    14  memseta.o(.text)
    __aeabi_memset4                          0x08000179   Thumb Code     0  memseta.o(.text)
    __aeabi_memset8                          0x08000179   Thumb Code     0  memseta.o(.text)
    __aeabi_memclr                           0x08000187   Thumb Code     4  memseta.o(.text)
    __aeabi_memclr4                          0x08000187   Thumb Code     0  memseta.o(.text)
    __aeabi_memclr8                          0x08000187   Thumb Code     0  memseta.o(.text)
    _memset$wrapper                          0x0800018b   Thumb Code    18  memseta.o(.text)
    __aeabi_dmul                             0x0800019d   Thumb Code   228  dmul.o(.text)
    __ARM_scalbn                             0x08000281   Thumb Code    46  dscalb.o(.text)
    scalbn                                   0x08000281   Thumb Code     0  dscalb.o(.text)
    __aeabi_ui2d                             0x080002af   Thumb Code    26  dfltui.o(.text)
    __aeabi_f2d                              0x080002c9   Thumb Code    38  f2d.o(.text)
    __aeabi_d2f                              0x080002ef   Thumb Code    56  d2f.o(.text)
    __aeabi_uidiv                            0x08000327   Thumb Code     0  uidiv.o(.text)
    __aeabi_uidivmod                         0x08000327   Thumb Code    44  uidiv.o(.text)
    __aeabi_uldivmod                         0x08000353   Thumb Code    98  uldiv.o(.text)
    __I$use$fp                               0x080003b5   Thumb Code     0  iusefp.o(.text)
    _float_round                             0x080003b5   Thumb Code    18  fepilogue.o(.text)
    _float_epilogue                          0x080003c7   Thumb Code    92  fepilogue.o(.text)
    _double_round                            0x08000423   Thumb Code    30  depilogue.o(.text)
    _double_epilogue                         0x08000441   Thumb Code   156  depilogue.o(.text)
    __aeabi_dadd                             0x080004dd   Thumb Code   322  dadd.o(.text)
    __aeabi_dsub                             0x0800061f   Thumb Code     6  dadd.o(.text)
    __aeabi_drsub                            0x08000625   Thumb Code     6  dadd.o(.text)
    __aeabi_ddiv                             0x0800062b   Thumb Code   222  ddiv.o(.text)
    __aeabi_d2ulz                            0x08000709   Thumb Code    48  dfixul.o(.text)
    __aeabi_cdrcmple                         0x08000739   Thumb Code    48  cdrcmple.o(.text)
    __scatterload                            0x08000769   Thumb Code    28  init.o(.text)
    __scatterload_rt2                        0x08000769   Thumb Code     0  init.o(.text)
    __aeabi_llsl                             0x0800078d   Thumb Code    30  llshl.o(.text)
    _ll_shift_l                              0x0800078d   Thumb Code     0  llshl.o(.text)
    __aeabi_lasr                             0x080007ab   Thumb Code    36  llsshr.o(.text)
    _ll_sshift_r                             0x080007ab   Thumb Code     0  llsshr.o(.text)
    ADC1_IRQHandler                          0x080007d1   Thumb Code     6  stm32f1xx_it.o(i.ADC1_IRQHandler)
    ADC_ConversionStop_Disable               0x080007dd   Thumb Code    76  stm32f1xx_hal_adc.o(i.ADC_ConversionStop_Disable)
    ADC_DMAConvCplt                          0x08000829   Thumb Code    78  stm32f1xx_hal_adc.o(i.ADC_DMAConvCplt)
    ADC_DMAError                             0x08000877   Thumb Code    26  stm32f1xx_hal_adc.o(i.ADC_DMAError)
    ADC_DMAHalfConvCplt                      0x08000891   Thumb Code    10  stm32f1xx_hal_adc.o(i.ADC_DMAHalfConvCplt)
    ADC_Enable                               0x0800089d   Thumb Code   104  stm32f1xx_hal_adc.o(i.ADC_Enable)
    BusFault_Handler                         0x0800090d   Thumb Code     2  stm32f1xx_it.o(i.BusFault_Handler)
    DMA1_Channel1_IRQHandler                 0x08000911   Thumb Code     6  stm32f1xx_it.o(i.DMA1_Channel1_IRQHandler)
    DMA1_Channel4_IRQHandler                 0x0800091d   Thumb Code     6  stm32f1xx_it.o(i.DMA1_Channel4_IRQHandler)
    DMA1_Channel5_IRQHandler                 0x08000929   Thumb Code     6  stm32f1xx_it.o(i.DMA1_Channel5_IRQHandler)
    DMA1_Channel6_IRQHandler                 0x08000935   Thumb Code     6  stm32f1xx_it.o(i.DMA1_Channel6_IRQHandler)
    DMA1_Channel7_IRQHandler                 0x08000941   Thumb Code     6  stm32f1xx_it.o(i.DMA1_Channel7_IRQHandler)
    DebugMon_Handler                         0x08000977   Thumb Code     2  stm32f1xx_it.o(i.DebugMon_Handler)
    Delay_Init                               0x08000979   Thumb Code    44  delay.o(i.Delay_Init)
    Delay_ms                                 0x080009b1   Thumb Code    42  delay.o(i.Delay_ms)
    Error_Handler                            0x080009e1   Thumb Code     2  main.o(i.Error_Handler)
    HAL_ADCEx_Calibration_Start              0x080009e5   Thumb Code   194  stm32f1xx_hal_adc_ex.o(i.HAL_ADCEx_Calibration_Start)
    HAL_ADCEx_InjectedConvCpltCallback       0x08000aad   Thumb Code     2  stm32f1xx_hal_adc_ex.o(i.HAL_ADCEx_InjectedConvCpltCallback)
    HAL_ADC_ConfigChannel                    0x08000ab1   Thumb Code   240  stm32f1xx_hal_adc.o(i.HAL_ADC_ConfigChannel)
    HAL_ADC_ConvCpltCallback                 0x08000bad   Thumb Code     2  stm32f1xx_hal_adc.o(i.HAL_ADC_ConvCpltCallback)
    HAL_ADC_ConvHalfCpltCallback             0x08000baf   Thumb Code     2  stm32f1xx_hal_adc.o(i.HAL_ADC_ConvHalfCpltCallback)
    HAL_ADC_ErrorCallback                    0x08000bb1   Thumb Code     2  stm32f1xx_hal_adc.o(i.HAL_ADC_ErrorCallback)
    HAL_ADC_IRQHandler                       0x08000bb3   Thumb Code   230  stm32f1xx_hal_adc.o(i.HAL_ADC_IRQHandler)
    HAL_ADC_Init                             0x08000c99   Thumb Code   272  stm32f1xx_hal_adc.o(i.HAL_ADC_Init)
    HAL_ADC_LevelOutOfWindowCallback         0x08000db5   Thumb Code     2  stm32f1xx_hal_adc.o(i.HAL_ADC_LevelOutOfWindowCallback)
    HAL_ADC_MspInit                          0x08000db9   Thumb Code   138  adc.o(i.HAL_ADC_MspInit)
    HAL_ADC_Start_DMA                        0x08000e59   Thumb Code   194  stm32f1xx_hal_adc.o(i.HAL_ADC_Start_DMA)
    HAL_CRC_Init                             0x08000f29   Thumb Code    34  stm32f1xx_hal_crc.o(i.HAL_CRC_Init)
    HAL_CRC_MspInit                          0x08000f4d   Thumb Code    30  crc.o(i.HAL_CRC_MspInit)
    HAL_DMA_Abort_IT                         0x08000f75   Thumb Code   148  stm32f1xx_hal_dma.o(i.HAL_DMA_Abort_IT)
    HAL_DMA_GetState                         0x0800100d   Thumb Code     6  stm32f1xx_hal_dma.o(i.HAL_DMA_GetState)
    HAL_DMA_IRQHandler                       0x08001015   Thumb Code   316  stm32f1xx_hal_dma.o(i.HAL_DMA_IRQHandler)
    HAL_DMA_Init                             0x08001169   Thumb Code    84  stm32f1xx_hal_dma.o(i.HAL_DMA_Init)
    HAL_DMA_Start_IT                         0x080011c5   Thumb Code   112  stm32f1xx_hal_dma.o(i.HAL_DMA_Start_IT)
    HAL_GPIO_Init                            0x08001235   Thumb Code   446  stm32f1xx_hal_gpio.o(i.HAL_GPIO_Init)
    HAL_GPIO_WritePin                        0x08001415   Thumb Code    10  stm32f1xx_hal_gpio.o(i.HAL_GPIO_WritePin)
    HAL_GetTick                              0x08001421   Thumb Code     6  stm32f1xx_hal.o(i.HAL_GetTick)
    HAL_I2C_AbortCpltCallback                0x0800142d   Thumb Code     2  stm32f1xx_hal_i2c.o(i.HAL_I2C_AbortCpltCallback)
    HAL_I2C_AddrCallback                     0x0800142f   Thumb Code     2  stm32f1xx_hal_i2c.o(i.HAL_I2C_AddrCallback)
    HAL_I2C_ER_IRQHandler                    0x08001431   Thumb Code   196  stm32f1xx_hal_i2c.o(i.HAL_I2C_ER_IRQHandler)
    HAL_I2C_EV_IRQHandler                    0x080014f5   Thumb Code   602  stm32f1xx_hal_i2c.o(i.HAL_I2C_EV_IRQHandler)
    HAL_I2C_ErrorCallback                    0x0800174f   Thumb Code     2  stm32f1xx_hal_i2c.o(i.HAL_I2C_ErrorCallback)
    HAL_I2C_Init                             0x08001751   Thumb Code   356  stm32f1xx_hal_i2c.o(i.HAL_I2C_Init)
    HAL_I2C_ListenCpltCallback               0x080018c5   Thumb Code     2  stm32f1xx_hal_i2c.o(i.HAL_I2C_ListenCpltCallback)
    HAL_I2C_MasterRxCpltCallback             0x080018c7   Thumb Code     2  stm32f1xx_hal_i2c.o(i.HAL_I2C_MasterRxCpltCallback)
    HAL_I2C_MasterTxCpltCallback             0x080018c9   Thumb Code     2  stm32f1xx_hal_i2c.o(i.HAL_I2C_MasterTxCpltCallback)
    HAL_I2C_Master_Transmit                  0x080018cd   Thumb Code   290  stm32f1xx_hal_i2c.o(i.HAL_I2C_Master_Transmit)
    HAL_I2C_MemRxCpltCallback                0x080019f9   Thumb Code     2  stm32f1xx_hal_i2c.o(i.HAL_I2C_MemRxCpltCallback)
    HAL_I2C_MemTxCpltCallback                0x080019fb   Thumb Code     2  stm32f1xx_hal_i2c.o(i.HAL_I2C_MemTxCpltCallback)
    HAL_I2C_MspInit                          0x080019fd   Thumb Code   112  i2c.o(i.HAL_I2C_MspInit)
    HAL_I2C_SlaveRxCpltCallback              0x08001a79   Thumb Code     2  stm32f1xx_hal_i2c.o(i.HAL_I2C_SlaveRxCpltCallback)
    HAL_I2C_SlaveTxCpltCallback              0x08001a7b   Thumb Code     2  stm32f1xx_hal_i2c.o(i.HAL_I2C_SlaveTxCpltCallback)
    HAL_IncTick                              0x08001a7d   Thumb Code    12  stm32f1xx_hal.o(i.HAL_IncTick)
    HAL_Init                                 0x08001a8d   Thumb Code    22  stm32f1xx_hal.o(i.HAL_Init)
    HAL_InitTick                             0x08001aa5   Thumb Code    54  stm32f1xx_hal.o(i.HAL_InitTick)
    HAL_MspInit                              0x08001ae5   Thumb Code    52  stm32f1xx_hal_msp.o(i.HAL_MspInit)
    HAL_NVIC_EnableIRQ                       0x08001b21   Thumb Code    26  stm32f1xx_hal_cortex.o(i.HAL_NVIC_EnableIRQ)
    HAL_NVIC_SetPriority                     0x08001b3d   Thumb Code    60  stm32f1xx_hal_cortex.o(i.HAL_NVIC_SetPriority)
    HAL_NVIC_SetPriorityGrouping             0x08001b7d   Thumb Code    26  stm32f1xx_hal_cortex.o(i.HAL_NVIC_SetPriorityGrouping)
    HAL_PWR_EnableBkUpAccess                 0x08001ba1   Thumb Code     8  stm32f1xx_hal_pwr.o(i.HAL_PWR_EnableBkUpAccess)
    HAL_RCCEx_GetPeriphCLKFreq               0x08001bad   Thumb Code    86  stm32f1xx_hal_rcc_ex.o(i.HAL_RCCEx_GetPeriphCLKFreq)
    HAL_RCCEx_PeriphCLKConfig                0x08001c09   Thumb Code   206  stm32f1xx_hal_rcc_ex.o(i.HAL_RCCEx_PeriphCLKConfig)
    HAL_RCC_ClockConfig                      0x08001ce5   Thumb Code   214  stm32f1xx_hal_rcc.o(i.HAL_RCC_ClockConfig)
    HAL_RCC_GetPCLK1Freq                     0x08001dcd   Thumb Code    20  stm32f1xx_hal_rcc.o(i.HAL_RCC_GetPCLK1Freq)
    HAL_RCC_GetPCLK2Freq                     0x08001ded   Thumb Code    20  stm32f1xx_hal_rcc.o(i.HAL_RCC_GetPCLK2Freq)
    HAL_RCC_GetSysClockFreq                  0x08001e0d   Thumb Code    80  stm32f1xx_hal_rcc.o(i.HAL_RCC_GetSysClockFreq)
    HAL_RCC_OscConfig                        0x08001e89   Thumb Code   778  stm32f1xx_hal_rcc.o(i.HAL_RCC_OscConfig)
    HAL_RTCEx_BKUPRead                       0x080021a9   Thumb Code    10  stm32f1xx_hal_rtc_ex.o(i.HAL_RTCEx_BKUPRead)
    HAL_RTCEx_BKUPWrite                      0x080021b9   Thumb Code    12  stm32f1xx_hal_rtc_ex.o(i.HAL_RTCEx_BKUPWrite)
    HAL_RTCEx_RTCEventCallback               0x080021c9   Thumb Code   142  main.o(i.HAL_RTCEx_RTCEventCallback)
    HAL_RTCEx_RTCEventErrorCallback          0x08002281   Thumb Code     2  stm32f1xx_hal_rtc_ex.o(i.HAL_RTCEx_RTCEventErrorCallback)
    HAL_RTCEx_RTCIRQHandler                  0x08002283   Thumb Code    60  stm32f1xx_hal_rtc_ex.o(i.HAL_RTCEx_RTCIRQHandler)
    HAL_RTCEx_SetSecond_IT                   0x080022bf   Thumb Code    44  stm32f1xx_hal_rtc_ex.o(i.HAL_RTCEx_SetSecond_IT)
    HAL_RTC_AlarmAEventCallback              0x080022ed   Thumb Code     6  main.o(i.HAL_RTC_AlarmAEventCallback)
    HAL_RTC_AlarmIRQHandler                  0x08002309   Thumb Code    46  stm32f1xx_hal_rtc.o(i.HAL_RTC_AlarmIRQHandler)
    HAL_RTC_GetTime                          0x0800233d   Thumb Code   216  stm32f1xx_hal_rtc.o(i.HAL_RTC_GetTime)
    HAL_RTC_Init                             0x08002415   Thumb Code   154  stm32f1xx_hal_rtc.o(i.HAL_RTC_Init)
    HAL_RTC_MspInit                          0x080024b5   Thumb Code    76  rtc.o(i.HAL_RTC_MspInit)
    HAL_RTC_SetAlarm_IT                      0x0800250d   Thumb Code   224  stm32f1xx_hal_rtc.o(i.HAL_RTC_SetAlarm_IT)
    HAL_RTC_SetDate                          0x080025f5   Thumb Code   192  stm32f1xx_hal_rtc.o(i.HAL_RTC_SetDate)
    HAL_RTC_SetTime                          0x080026b9   Thumb Code   168  stm32f1xx_hal_rtc.o(i.HAL_RTC_SetTime)
    HAL_RTC_WaitForSynchro                   0x08002765   Thumb Code    58  stm32f1xx_hal_rtc.o(i.HAL_RTC_WaitForSynchro)
    HAL_SYSTICK_CLKSourceConfig              0x0800279f   Thumb Code    24  stm32f1xx_hal_cortex.o(i.HAL_SYSTICK_CLKSourceConfig)
    HAL_SYSTICK_Config                       0x080027b7   Thumb Code    40  stm32f1xx_hal_cortex.o(i.HAL_SYSTICK_Config)
    HAL_TIMEx_MasterConfigSynchronization    0x080027df   Thumb Code    66  stm32f1xx_hal_tim_ex.o(i.HAL_TIMEx_MasterConfigSynchronization)
    HAL_TIM_Encoder_Init                     0x08002821   Thumb Code   152  stm32f1xx_hal_tim.o(i.HAL_TIM_Encoder_Init)
    HAL_TIM_Encoder_MspInit                  0x080028b9   Thumb Code   124  tim.o(i.HAL_TIM_Encoder_MspInit)
    HAL_UART_ErrorCallback                   0x08002945   Thumb Code     2  stm32f1xx_hal_uart.o(i.HAL_UART_ErrorCallback)
    HAL_UART_IRQHandler                      0x08002949   Thumb Code   266  stm32f1xx_hal_uart.o(i.HAL_UART_IRQHandler)
    HAL_UART_Init                            0x08002a59   Thumb Code    98  stm32f1xx_hal_uart.o(i.HAL_UART_Init)
    HAL_UART_MspInit                         0x08002abd   Thumb Code   378  usart.o(i.HAL_UART_MspInit)
    HAL_UART_Receive_DMA                     0x08002c51   Thumb Code   138  stm32f1xx_hal_uart.o(i.HAL_UART_Receive_DMA)
    HAL_UART_RxCpltCallback                  0x08002ce9   Thumb Code    12  main.o(i.HAL_UART_RxCpltCallback)
    HAL_UART_RxHalfCpltCallback              0x08002cfd   Thumb Code     2  stm32f1xx_hal_uart.o(i.HAL_UART_RxHalfCpltCallback)
    HAL_UART_Transmit                        0x08002cff   Thumb Code   186  stm32f1xx_hal_uart.o(i.HAL_UART_Transmit)
    HAL_UART_TxCpltCallback                  0x08002db9   Thumb Code     2  stm32f1xx_hal_uart.o(i.HAL_UART_TxCpltCallback)
    HardFault_Handler                        0x08002dbb   Thumb Code     2  stm32f1xx_it.o(i.HardFault_Handler)
    I2C1_ER_IRQHandler                       0x08002dbd   Thumb Code     6  stm32f1xx_it.o(i.I2C1_ER_IRQHandler)
    I2C1_EV_IRQHandler                       0x08002dc9   Thumb Code     6  stm32f1xx_it.o(i.I2C1_EV_IRQHandler)
    MX_ADC1_Init                             0x08003899   Thumb Code    70  adc.o(i.MX_ADC1_Init)
    MX_CRC_Init                              0x080038e9   Thumb Code    28  crc.o(i.MX_CRC_Init)
    MX_DMA_Init                              0x0800390d   Thumb Code   104  dma.o(i.MX_DMA_Init)
    MX_GPIO_Init                             0x08003979   Thumb Code   130  gpio.o(i.MX_GPIO_Init)
    MX_I2C1_Init                             0x08003a09   Thumb Code    50  i2c.o(i.MX_I2C1_Init)
    MX_RTC_Init                              0x08003a49   Thumb Code   124  rtc.o(i.MX_RTC_Init)
    MX_TIM2_Init                             0x08003acd   Thumb Code   102  tim.o(i.MX_TIM2_Init)
    MX_USART1_UART_Init                      0x08003b39   Thumb Code    48  usart.o(i.MX_USART1_UART_Init)
    MX_USART2_UART_Init                      0x08003b71   Thumb Code    48  usart.o(i.MX_USART2_UART_Init)
    MemManage_Handler                        0x08003ba9   Thumb Code     2  stm32f1xx_it.o(i.MemManage_Handler)
    NMI_Handler                              0x08003bab   Thumb Code     2  stm32f1xx_it.o(i.NMI_Handler)
    PendSV_Handler                           0x08003bad   Thumb Code     2  stm32f1xx_it.o(i.PendSV_Handler)
    RTC_Alarm_IRQHandler                     0x08003bb1   Thumb Code     6  stm32f1xx_it.o(i.RTC_Alarm_IRQHandler)
    RTC_IRQHandler                           0x08003d01   Thumb Code     6  stm32f1xx_it.o(i.RTC_IRQHandler)
    SSD1306_DrawLine2                        0x08003de1   Thumb Code    66  oled12864.o(i.SSD1306_DrawLine2)
    SSD1306_DrawPixel                        0x08003e25   Thumb Code    54  oled12864.o(i.SSD1306_DrawPixel)
    SSD1306_Fill                             0x08003e65   Thumb Code    18  oled12864.o(i.SSD1306_Fill)
    SSD1306_GotoXY                           0x08003e7d   Thumb Code     8  oled12864.o(i.SSD1306_GotoXY)
    SSD1306_Init                             0x08003e89   Thumb Code   260  oled12864.o(i.SSD1306_Init)
    SSD1306_Putc                             0x08003f91   Thumb Code   218  oled12864.o(i.SSD1306_Putc)
    SSD1306_Puts                             0x08004071   Thumb Code    44  oled12864.o(i.SSD1306_Puts)
    SSD1306_UpdateScreen                     0x0800409d   Thumb Code    56  oled12864.o(i.SSD1306_UpdateScreen)
    SSD1306_Write                            0x080040d9   Thumb Code    38  oled12864.o(i.SSD1306_Write)
    SSD306_Write_DATA                        0x08004105   Thumb Code    76  oled12864.o(i.SSD306_Write_DATA)
    SVC_Handler                              0x08004155   Thumb Code     2  stm32f1xx_it.o(i.SVC_Handler)
    SysTick_Handler                          0x08004157   Thumb Code     4  stm32f1xx_it.o(i.SysTick_Handler)
    SystemClock_Config                       0x0800415b   Thumb Code   100  main.o(i.SystemClock_Config)
    SystemInit                               0x080041c1   Thumb Code    60  system_stm32f1xx.o(i.SystemInit)
    TIM_Base_SetConfig                       0x0800420d   Thumb Code   126  stm32f1xx_hal_tim.o(i.TIM_Base_SetConfig)
    USART1_IRQHandler                        0x08004601   Thumb Code     6  stm32f1xx_it.o(i.USART1_IRQHandler)
    USART2_IRQHandler                        0x0800460d   Thumb Code     6  stm32f1xx_it.o(i.USART2_IRQHandler)
    UsageFault_Handler                       0x08004619   Thumb Code     2  stm32f1xx_it.o(i.UsageFault_Handler)
    __0printf                                0x0800461d   Thumb Code    22  printfa.o(i.__0printf)
    __1printf                                0x0800461d   Thumb Code     0  printfa.o(i.__0printf)
    __2printf                                0x0800461d   Thumb Code     0  printfa.o(i.__0printf)
    __c89printf                              0x0800461d   Thumb Code     0  printfa.o(i.__0printf)
    printf                                   0x0800461d   Thumb Code     0  printfa.o(i.__0printf)
    __0sprintf                               0x0800463d   Thumb Code    34  printfa.o(i.__0sprintf)
    __1sprintf                               0x0800463d   Thumb Code     0  printfa.o(i.__0sprintf)
    __2sprintf                               0x0800463d   Thumb Code     0  printfa.o(i.__0sprintf)
    __c89sprintf                             0x0800463d   Thumb Code     0  printfa.o(i.__0sprintf)
    sprintf                                  0x0800463d   Thumb Code     0  printfa.o(i.__0sprintf)
    __scatterload_copy                       0x08004685   Thumb Code    14  handlers.o(i.__scatterload_copy)
    __scatterload_null                       0x08004693   Thumb Code     2  handlers.o(i.__scatterload_null)
    __scatterload_zeroinit                   0x08004695   Thumb Code    14  handlers.o(i.__scatterload_zeroinit)
    fputc                                    0x08004f61   Thumb Code    20  usart.o(i.fputc)
    free                                     0x08004f79   Thumb Code    76  malloc.o(i.free)
    main                                     0x08004fc9   Thumb Code   232  main.o(i.main)
    malloc                                   0x08005115   Thumb Code    92  malloc.o(i.malloc)
    setAlarm                                 0x08005181   Thumb Code    64  rtc.o(i.setAlarm)
    AHBPrescTable                            0x080051c4   Data          16  system_stm32f1xx.o(.constdata)
    APBPrescTable                            0x080051d4   Data           8  system_stm32f1xx.o(.constdata)
    Font6x8                                  0x080051dc   Data         552  fonts.o(.constdata)
    Region$$Table$$Base                      0x08005404   Number         0  anon$$obj.o(Region$$Table)
    Region$$Table$$Limit                     0x08005424   Number         0  anon$$obj.o(Region$$Table)
    USART_RxBuffer                           0x20000000   Data           1  main.o(.data)
    stimestructure                           0x20000001   Data           3  main.o(.data)
    AD_DMA_1                                 0x20000004   Data           4  main.o(.data)
    AD_STR                                   0x20000008   Data           4  main.o(.data)
    time_                                    0x2000000c   Data           9  main.o(.data)
    hcrc                                     0x20000018   Data           8  crc.o(.data)
    uwTickFreq                               0x20000020   Data           1  stm32f1xx_hal.o(.data)
    uwTickPrio                               0x20000024   Data           4  stm32f1xx_hal.o(.data)
    uwTick                                   0x20000028   Data           4  stm32f1xx_hal.o(.data)
    SystemCoreClock                          0x2000002c   Data           4  system_stm32f1xx.o(.data)
    Font_6x8                                 0x2000003c   Data           8  fonts.o(.data)
    __stdout                                 0x20000044   Data           4  stdout.o(.data)
    __microlib_freelist                      0x20000048   Data           4  mvars.o(.data)
    __microlib_freelist_initialised          0x2000004c   Data           4  mvars.o(.data)
    hadc1                                    0x20000050   Data          48  adc.o(.bss)
    hdma_adc1                                0x20000080   Data          68  adc.o(.bss)
    hi2c1                                    0x200000c4   Data          84  i2c.o(.bss)
    hrtc                                     0x20000118   Data          20  rtc.o(.bss)
    htim2                                    0x2000012c   Data          64  tim.o(.bss)
    huart1                                   0x2000016c   Data          64  usart.o(.bss)
    huart2                                   0x200001ac   Data          64  usart.o(.bss)
    hdma_usart1_tx                           0x200001ec   Data          68  usart.o(.bss)
    hdma_usart1_rx                           0x20000230   Data          68  usart.o(.bss)
    hdma_usart2_tx                           0x20000274   Data          68  usart.o(.bss)
    hdma_usart2_rx                           0x200002b8   Data          68  usart.o(.bss)
    __heap_base                              0x20000700   Data           0  startup_stm32f100xb.o(HEAP)
    __heap_limit                             0x20000900   Data           0  startup_stm32f100xb.o(HEAP)
    __initial_sp                             0x20000d00   Data           0  startup_stm32f100xb.o(STACK)



==============================================================================

Memory Map of the image

  Image Entry point : 0x08000121

  Load Region LR_IROM1 (Base: 0x08000000, Size: 0x00005474, Max: 0x00010000, ABSOLUTE)

    Execution Region ER_IROM1 (Exec base: 0x08000000, Load base: 0x08000000, Size: 0x00005424, Max: 0x00010000, ABSOLUTE)

    Exec Addr    Load Addr    Size         Type   Attr      Idx    E Section Name        Object

    0x08000000   0x08000000   0x00000120   Data   RO            3    RESET               startup_stm32f100xb.o
    0x08000120   0x08000120   0x00000000   Code   RO         4313  * .ARM.Collect$$$$00000000  mc_w.l(entry.o)
    0x08000120   0x08000120   0x00000004   Code   RO         4621    .ARM.Collect$$$$00000001  mc_w.l(entry2.o)
    0x08000124   0x08000124   0x00000004   Code   RO         4624    .ARM.Collect$$$$00000004  mc_w.l(entry5.o)
    0x08000128   0x08000128   0x00000000   Code   RO         4626    .ARM.Collect$$$$00000008  mc_w.l(entry7b.o)
    0x08000128   0x08000128   0x00000000   Code   RO         4628    .ARM.Collect$$$$0000000A  mc_w.l(entry8b.o)
    0x08000128   0x08000128   0x00000008   Code   RO         4629    .ARM.Collect$$$$0000000B  mc_w.l(entry9a.o)
    0x08000130   0x08000130   0x00000000   Code   RO         4631    .ARM.Collect$$$$0000000D  mc_w.l(entry10a.o)
    0x08000130   0x08000130   0x00000000   Code   RO         4633    .ARM.Collect$$$$0000000F  mc_w.l(entry11a.o)
    0x08000130   0x08000130   0x00000004   Code   RO         4622    .ARM.Collect$$$$00002712  mc_w.l(entry2.o)
    0x08000134   0x08000134   0x00000024   Code   RO            4    .text               startup_stm32f100xb.o
    0x08000158   0x08000158   0x00000020   Code   RO         4316    .text               mc_w.l(llushr.o)
    0x08000178   0x08000178   0x00000024   Code   RO         4318    .text               mc_w.l(memseta.o)
    0x0800019c   0x0800019c   0x000000e4   Code   RO         4611    .text               mf_w.l(dmul.o)
    0x08000280   0x08000280   0x0000002e   Code   RO         4613    .text               mf_w.l(dscalb.o)
    0x080002ae   0x080002ae   0x0000001a   Code   RO         4615    .text               mf_w.l(dfltui.o)
    0x080002c8   0x080002c8   0x00000026   Code   RO         4617    .text               mf_w.l(f2d.o)
    0x080002ee   0x080002ee   0x00000038   Code   RO         4619    .text               mf_w.l(d2f.o)
    0x08000326   0x08000326   0x0000002c   Code   RO         4636    .text               mc_w.l(uidiv.o)
    0x08000352   0x08000352   0x00000062   Code   RO         4638    .text               mc_w.l(uldiv.o)
    0x080003b4   0x080003b4   0x00000000   Code   RO         4646    .text               mc_w.l(iusefp.o)
    0x080003b4   0x080003b4   0x0000006e   Code   RO         4647    .text               mf_w.l(fepilogue.o)
    0x08000422   0x08000422   0x000000ba   Code   RO         4649    .text               mf_w.l(depilogue.o)
    0x080004dc   0x080004dc   0x0000014e   Code   RO         4651    .text               mf_w.l(dadd.o)
    0x0800062a   0x0800062a   0x000000de   Code   RO         4653    .text               mf_w.l(ddiv.o)
    0x08000708   0x08000708   0x00000030   Code   RO         4655    .text               mf_w.l(dfixul.o)
    0x08000738   0x08000738   0x00000030   Code   RO         4657    .text               mf_w.l(cdrcmple.o)
    0x08000768   0x08000768   0x00000024   Code   RO         4659    .text               mc_w.l(init.o)
    0x0800078c   0x0800078c   0x0000001e   Code   RO         4661    .text               mc_w.l(llshl.o)
    0x080007aa   0x080007aa   0x00000024   Code   RO         4663    .text               mc_w.l(llsshr.o)
    0x080007ce   0x080007ce   0x00000002   PAD
    0x080007d0   0x080007d0   0x0000000c   Code   RO          561    i.ADC1_IRQHandler   stm32f1xx_it.o
    0x080007dc   0x080007dc   0x0000004c   Code   RO          769    i.ADC_ConversionStop_Disable  stm32f1xx_hal_adc.o
    0x08000828   0x08000828   0x0000004e   Code   RO          770    i.ADC_DMAConvCplt   stm32f1xx_hal_adc.o
    0x08000876   0x08000876   0x0000001a   Code   RO          771    i.ADC_DMAError      stm32f1xx_hal_adc.o
    0x08000890   0x08000890   0x0000000a   Code   RO          772    i.ADC_DMAHalfConvCplt  stm32f1xx_hal_adc.o
    0x0800089a   0x0800089a   0x00000002   PAD
    0x0800089c   0x0800089c   0x00000070   Code   RO          773    i.ADC_Enable        stm32f1xx_hal_adc.o
    0x0800090c   0x0800090c   0x00000002   Code   RO          562    i.BusFault_Handler  stm32f1xx_it.o
    0x0800090e   0x0800090e   0x00000002   PAD
    0x08000910   0x08000910   0x0000000c   Code   RO          563    i.DMA1_Channel1_IRQHandler  stm32f1xx_it.o
    0x0800091c   0x0800091c   0x0000000c   Code   RO          564    i.DMA1_Channel4_IRQHandler  stm32f1xx_it.o
    0x08000928   0x08000928   0x0000000c   Code   RO          565    i.DMA1_Channel5_IRQHandler  stm32f1xx_it.o
    0x08000934   0x08000934   0x0000000c   Code   RO          566    i.DMA1_Channel6_IRQHandler  stm32f1xx_it.o
    0x08000940   0x08000940   0x0000000c   Code   RO          567    i.DMA1_Channel7_IRQHandler  stm32f1xx_it.o
    0x0800094c   0x0800094c   0x0000002a   Code   RO         1399    i.DMA_SetConfig     stm32f1xx_hal_dma.o
    0x08000976   0x08000976   0x00000002   Code   RO          568    i.DebugMon_Handler  stm32f1xx_it.o
    0x08000978   0x08000978   0x00000038   Code   RO         4042    i.Delay_Init        delay.o
    0x080009b0   0x080009b0   0x00000030   Code   RO         4043    i.Delay_ms          delay.o
    0x080009e0   0x080009e0   0x00000002   Code   RO           13    i.Error_Handler     main.o
    0x080009e2   0x080009e2   0x00000002   PAD
    0x080009e4   0x080009e4   0x000000c8   Code   RO          949    i.HAL_ADCEx_Calibration_Start  stm32f1xx_hal_adc_ex.o
    0x08000aac   0x08000aac   0x00000002   Code   RO          951    i.HAL_ADCEx_InjectedConvCpltCallback  stm32f1xx_hal_adc_ex.o
    0x08000aae   0x08000aae   0x00000002   PAD
    0x08000ab0   0x08000ab0   0x000000fc   Code   RO          775    i.HAL_ADC_ConfigChannel  stm32f1xx_hal_adc.o
    0x08000bac   0x08000bac   0x00000002   Code   RO          776    i.HAL_ADC_ConvCpltCallback  stm32f1xx_hal_adc.o
    0x08000bae   0x08000bae   0x00000002   Code   RO          777    i.HAL_ADC_ConvHalfCpltCallback  stm32f1xx_hal_adc.o
    0x08000bb0   0x08000bb0   0x00000002   Code   RO          779    i.HAL_ADC_ErrorCallback  stm32f1xx_hal_adc.o
    0x08000bb2   0x08000bb2   0x000000e6   Code   RO          783    i.HAL_ADC_IRQHandler  stm32f1xx_hal_adc.o
    0x08000c98   0x08000c98   0x0000011c   Code   RO          784    i.HAL_ADC_Init      stm32f1xx_hal_adc.o
    0x08000db4   0x08000db4   0x00000002   Code   RO          785    i.HAL_ADC_LevelOutOfWindowCallback  stm32f1xx_hal_adc.o
    0x08000db6   0x08000db6   0x00000002   PAD
    0x08000db8   0x08000db8   0x000000a0   Code   RO          256    i.HAL_ADC_MspInit   adc.o
    0x08000e58   0x08000e58   0x000000d0   Code   RO          791    i.HAL_ADC_Start_DMA  stm32f1xx_hal_adc.o
    0x08000f28   0x08000f28   0x00000022   Code   RO         2000    i.HAL_CRC_Init      stm32f1xx_hal_crc.o
    0x08000f4a   0x08000f4a   0x00000002   PAD
    0x08000f4c   0x08000f4c   0x00000028   Code   RO          298    i.HAL_CRC_MspInit   crc.o
    0x08000f74   0x08000f74   0x00000098   Code   RO         1401    i.HAL_DMA_Abort_IT  stm32f1xx_hal_dma.o
    0x0800100c   0x0800100c   0x00000006   Code   RO         1404    i.HAL_DMA_GetState  stm32f1xx_hal_dma.o
    0x08001012   0x08001012   0x00000002   PAD
    0x08001014   0x08001014   0x00000154   Code   RO         1405    i.HAL_DMA_IRQHandler  stm32f1xx_hal_dma.o
    0x08001168   0x08001168   0x0000005c   Code   RO         1406    i.HAL_DMA_Init      stm32f1xx_hal_dma.o
    0x080011c4   0x080011c4   0x00000070   Code   RO         1410    i.HAL_DMA_Start_IT  stm32f1xx_hal_dma.o
    0x08001234   0x08001234   0x000001e0   Code   RO         1336    i.HAL_GPIO_Init     stm32f1xx_hal_gpio.o
    0x08001414   0x08001414   0x0000000a   Code   RO         1340    i.HAL_GPIO_WritePin  stm32f1xx_hal_gpio.o
    0x0800141e   0x0800141e   0x00000002   PAD
    0x08001420   0x08001420   0x0000000c   Code   RO         1032    i.HAL_GetTick       stm32f1xx_hal.o
    0x0800142c   0x0800142c   0x00000002   Code   RO         2056    i.HAL_I2C_AbortCpltCallback  stm32f1xx_hal_i2c.o
    0x0800142e   0x0800142e   0x00000002   Code   RO         2057    i.HAL_I2C_AddrCallback  stm32f1xx_hal_i2c.o
    0x08001430   0x08001430   0x000000c4   Code   RO         2060    i.HAL_I2C_ER_IRQHandler  stm32f1xx_hal_i2c.o
    0x080014f4   0x080014f4   0x0000025a   Code   RO         2061    i.HAL_I2C_EV_IRQHandler  stm32f1xx_hal_i2c.o
    0x0800174e   0x0800174e   0x00000002   Code   RO         2063    i.HAL_I2C_ErrorCallback  stm32f1xx_hal_i2c.o
    0x08001750   0x08001750   0x00000174   Code   RO         2067    i.HAL_I2C_Init      stm32f1xx_hal_i2c.o
    0x080018c4   0x080018c4   0x00000002   Code   RO         2069    i.HAL_I2C_ListenCpltCallback  stm32f1xx_hal_i2c.o
    0x080018c6   0x080018c6   0x00000002   Code   RO         2070    i.HAL_I2C_MasterRxCpltCallback  stm32f1xx_hal_i2c.o
    0x080018c8   0x080018c8   0x00000002   Code   RO         2071    i.HAL_I2C_MasterTxCpltCallback  stm32f1xx_hal_i2c.o
    0x080018ca   0x080018ca   0x00000002   PAD
    0x080018cc   0x080018cc   0x0000012c   Code   RO         2080    i.HAL_I2C_Master_Transmit  stm32f1xx_hal_i2c.o
    0x080019f8   0x080019f8   0x00000002   Code   RO         2083    i.HAL_I2C_MemRxCpltCallback  stm32f1xx_hal_i2c.o
    0x080019fa   0x080019fa   0x00000002   Code   RO         2084    i.HAL_I2C_MemTxCpltCallback  stm32f1xx_hal_i2c.o
    0x080019fc   0x080019fc   0x0000007c   Code   RO          364    i.HAL_I2C_MspInit   i2c.o
    0x08001a78   0x08001a78   0x00000002   Code   RO         2093    i.HAL_I2C_SlaveRxCpltCallback  stm32f1xx_hal_i2c.o
    0x08001a7a   0x08001a7a   0x00000002   Code   RO         2094    i.HAL_I2C_SlaveTxCpltCallback  stm32f1xx_hal_i2c.o
    0x08001a7c   0x08001a7c   0x00000010   Code   RO         1038    i.HAL_IncTick       stm32f1xx_hal.o
    0x08001a8c   0x08001a8c   0x00000016   Code   RO         1039    i.HAL_Init          stm32f1xx_hal.o
    0x08001aa2   0x08001aa2   0x00000002   PAD
    0x08001aa4   0x08001aa4   0x00000040   Code   RO         1040    i.HAL_InitTick      stm32f1xx_hal.o
    0x08001ae4   0x08001ae4   0x0000003c   Code   RO          709    i.HAL_MspInit       stm32f1xx_hal_msp.o
    0x08001b20   0x08001b20   0x0000001a   Code   RO         1496    i.HAL_NVIC_EnableIRQ  stm32f1xx_hal_cortex.o
    0x08001b3a   0x08001b3a   0x00000002   PAD
    0x08001b3c   0x08001b3c   0x00000040   Code   RO         1502    i.HAL_NVIC_SetPriority  stm32f1xx_hal_cortex.o
    0x08001b7c   0x08001b7c   0x00000024   Code   RO         1503    i.HAL_NVIC_SetPriorityGrouping  stm32f1xx_hal_cortex.o
    0x08001ba0   0x08001ba0   0x0000000c   Code   RO         1618    i.HAL_PWR_EnableBkUpAccess  stm32f1xx_hal_pwr.o
    0x08001bac   0x08001bac   0x0000005c   Code   RO         1298    i.HAL_RCCEx_GetPeriphCLKFreq  stm32f1xx_hal_rcc_ex.o
    0x08001c08   0x08001c08   0x000000dc   Code   RO         1299    i.HAL_RCCEx_PeriphCLKConfig  stm32f1xx_hal_rcc_ex.o
    0x08001ce4   0x08001ce4   0x000000e8   Code   RO         1196    i.HAL_RCC_ClockConfig  stm32f1xx_hal_rcc.o
    0x08001dcc   0x08001dcc   0x00000020   Code   RO         1203    i.HAL_RCC_GetPCLK1Freq  stm32f1xx_hal_rcc.o
    0x08001dec   0x08001dec   0x00000020   Code   RO         1204    i.HAL_RCC_GetPCLK2Freq  stm32f1xx_hal_rcc.o
    0x08001e0c   0x08001e0c   0x0000007c   Code   RO         1205    i.HAL_RCC_GetSysClockFreq  stm32f1xx_hal_rcc.o
    0x08001e88   0x08001e88   0x00000320   Code   RO         1208    i.HAL_RCC_OscConfig  stm32f1xx_hal_rcc.o
    0x080021a8   0x080021a8   0x00000010   Code   RO         2648    i.HAL_RTCEx_BKUPRead  stm32f1xx_hal_rtc_ex.o
    0x080021b8   0x080021b8   0x00000010   Code   RO         2649    i.HAL_RTCEx_BKUPWrite  stm32f1xx_hal_rtc_ex.o
    0x080021c8   0x080021c8   0x000000b8   Code   RO           14    i.HAL_RTCEx_RTCEventCallback  main.o
    0x08002280   0x08002280   0x00000002   Code   RO         2654    i.HAL_RTCEx_RTCEventErrorCallback  stm32f1xx_hal_rtc_ex.o
    0x08002282   0x08002282   0x0000003c   Code   RO         2655    i.HAL_RTCEx_RTCIRQHandler  stm32f1xx_hal_rtc_ex.o
    0x080022be   0x080022be   0x0000002c   Code   RO         2656    i.HAL_RTCEx_SetSecond_IT  stm32f1xx_hal_rtc_ex.o
    0x080022ea   0x080022ea   0x00000002   PAD
    0x080022ec   0x080022ec   0x0000001c   Code   RO           15    i.HAL_RTC_AlarmAEventCallback  main.o
    0x08002308   0x08002308   0x00000034   Code   RO         2479    i.HAL_RTC_AlarmIRQHandler  stm32f1xx_hal_rtc.o
    0x0800233c   0x0800233c   0x000000d8   Code   RO         2485    i.HAL_RTC_GetTime   stm32f1xx_hal_rtc.o
    0x08002414   0x08002414   0x000000a0   Code   RO         2486    i.HAL_RTC_Init      stm32f1xx_hal_rtc.o
    0x080024b4   0x080024b4   0x00000058   Code   RO          406    i.HAL_RTC_MspInit   rtc.o
    0x0800250c   0x0800250c   0x000000e8   Code   RO         2491    i.HAL_RTC_SetAlarm_IT  stm32f1xx_hal_rtc.o
    0x080025f4   0x080025f4   0x000000c4   Code   RO         2492    i.HAL_RTC_SetDate   stm32f1xx_hal_rtc.o
    0x080026b8   0x080026b8   0x000000ac   Code   RO         2493    i.HAL_RTC_SetTime   stm32f1xx_hal_rtc.o
    0x08002764   0x08002764   0x0000003a   Code   RO         2494    i.HAL_RTC_WaitForSynchro  stm32f1xx_hal_rtc.o
    0x0800279e   0x0800279e   0x00000018   Code   RO         1505    i.HAL_SYSTICK_CLKSourceConfig  stm32f1xx_hal_cortex.o
    0x080027b6   0x080027b6   0x00000028   Code   RO         1507    i.HAL_SYSTICK_Config  stm32f1xx_hal_cortex.o
    0x080027de   0x080027de   0x00000042   Code   RO         3445    i.HAL_TIMEx_MasterConfigSynchronization  stm32f1xx_hal_tim_ex.o
    0x08002820   0x08002820   0x00000098   Code   RO         2770    i.HAL_TIM_Encoder_Init  stm32f1xx_hal_tim.o
    0x080028b8   0x080028b8   0x0000008c   Code   RO          466    i.HAL_TIM_Encoder_MspInit  tim.o
    0x08002944   0x08002944   0x00000002   Code   RO         3699    i.HAL_UART_ErrorCallback  stm32f1xx_hal_uart.o
    0x08002946   0x08002946   0x00000002   PAD
    0x08002948   0x08002948   0x00000110   Code   RO         3702    i.HAL_UART_IRQHandler  stm32f1xx_hal_uart.o
    0x08002a58   0x08002a58   0x00000062   Code   RO         3703    i.HAL_UART_Init     stm32f1xx_hal_uart.o
    0x08002aba   0x08002aba   0x00000002   PAD
    0x08002abc   0x08002abc   0x00000194   Code   RO          508    i.HAL_UART_MspInit  usart.o
    0x08002c50   0x08002c50   0x00000098   Code   RO         3707    i.HAL_UART_Receive_DMA  stm32f1xx_hal_uart.o
    0x08002ce8   0x08002ce8   0x00000014   Code   RO           16    i.HAL_UART_RxCpltCallback  main.o
    0x08002cfc   0x08002cfc   0x00000002   Code   RO         3710    i.HAL_UART_RxHalfCpltCallback  stm32f1xx_hal_uart.o
    0x08002cfe   0x08002cfe   0x000000ba   Code   RO         3711    i.HAL_UART_Transmit  stm32f1xx_hal_uart.o
    0x08002db8   0x08002db8   0x00000002   Code   RO         3714    i.HAL_UART_TxCpltCallback  stm32f1xx_hal_uart.o
    0x08002dba   0x08002dba   0x00000002   Code   RO          569    i.HardFault_Handler  stm32f1xx_it.o
    0x08002dbc   0x08002dbc   0x0000000c   Code   RO          570    i.I2C1_ER_IRQHandler  stm32f1xx_it.o
    0x08002dc8   0x08002dc8   0x0000000c   Code   RO          571    i.I2C1_EV_IRQHandler  stm32f1xx_it.o
    0x08002dd4   0x08002dd4   0x0000007e   Code   RO         2105    i.I2C_DMAAbort      stm32f1xx_hal_i2c.o
    0x08002e52   0x08002e52   0x00000002   PAD
    0x08002e54   0x08002e54   0x00000140   Code   RO         2108    i.I2C_ITError       stm32f1xx_hal_i2c.o
    0x08002f94   0x08002f94   0x0000002e   Code   RO         2109    i.I2C_IsAcknowledgeFailed  stm32f1xx_hal_i2c.o
    0x08002fc2   0x08002fc2   0x000000d2   Code   RO         2110    i.I2C_MasterReceive_BTF  stm32f1xx_hal_i2c.o
    0x08003094   0x08003094   0x00000092   Code   RO         2111    i.I2C_MasterReceive_RXNE  stm32f1xx_hal_i2c.o
    0x08003126   0x08003126   0x00000002   PAD
    0x08003128   0x08003128   0x00000088   Code   RO         2113    i.I2C_MasterRequestWrite  stm32f1xx_hal_i2c.o
    0x080031b0   0x080031b0   0x00000082   Code   RO         2114    i.I2C_MasterTransmit_BTF  stm32f1xx_hal_i2c.o
    0x08003232   0x08003232   0x00000002   PAD
    0x08003234   0x08003234   0x00000104   Code   RO         2115    i.I2C_MasterTransmit_TXE  stm32f1xx_hal_i2c.o
    0x08003338   0x08003338   0x00000158   Code   RO         2116    i.I2C_Master_ADDR   stm32f1xx_hal_i2c.o
    0x08003490   0x08003490   0x0000008e   Code   RO         2117    i.I2C_Master_SB     stm32f1xx_hal_i2c.o
    0x0800351e   0x0800351e   0x00000002   PAD
    0x08003520   0x08003520   0x00000084   Code   RO         2120    i.I2C_Slave_AF      stm32f1xx_hal_i2c.o
    0x080035a4   0x080035a4   0x0000015c   Code   RO         2121    i.I2C_Slave_STOPF   stm32f1xx_hal_i2c.o
    0x08003700   0x08003700   0x0000004c   Code   RO         2122    i.I2C_WaitOnBTFFlagUntilTimeout  stm32f1xx_hal_i2c.o
    0x0800374c   0x0800374c   0x00000068   Code   RO         2123    i.I2C_WaitOnFlagUntilTimeout  stm32f1xx_hal_i2c.o
    0x080037b4   0x080037b4   0x00000096   Code   RO         2124    i.I2C_WaitOnMasterAddressFlagUntilTimeout  stm32f1xx_hal_i2c.o
    0x0800384a   0x0800384a   0x0000004c   Code   RO         2126    i.I2C_WaitOnTXEFlagUntilTimeout  stm32f1xx_hal_i2c.o
    0x08003896   0x08003896   0x00000002   PAD
    0x08003898   0x08003898   0x00000050   Code   RO          257    i.MX_ADC1_Init      adc.o
    0x080038e8   0x080038e8   0x00000024   Code   RO          299    i.MX_CRC_Init       crc.o
    0x0800390c   0x0800390c   0x0000006c   Code   RO          339    i.MX_DMA_Init       dma.o
    0x08003978   0x08003978   0x00000090   Code   RO          231    i.MX_GPIO_Init      gpio.o
    0x08003a08   0x08003a08   0x00000040   Code   RO          365    i.MX_I2C1_Init      i2c.o
    0x08003a48   0x08003a48   0x00000084   Code   RO          407    i.MX_RTC_Init       rtc.o
    0x08003acc   0x08003acc   0x0000006c   Code   RO          467    i.MX_TIM2_Init      tim.o
    0x08003b38   0x08003b38   0x00000038   Code   RO          509    i.MX_USART1_UART_Init  usart.o
    0x08003b70   0x08003b70   0x00000038   Code   RO          510    i.MX_USART2_UART_Init  usart.o
    0x08003ba8   0x08003ba8   0x00000002   Code   RO          572    i.MemManage_Handler  stm32f1xx_it.o
    0x08003baa   0x08003baa   0x00000002   Code   RO          573    i.NMI_Handler       stm32f1xx_it.o
    0x08003bac   0x08003bac   0x00000002   Code   RO          574    i.PendSV_Handler    stm32f1xx_it.o
    0x08003bae   0x08003bae   0x00000002   PAD
    0x08003bb0   0x08003bb0   0x0000000c   Code   RO          575    i.RTC_Alarm_IRQHandler  stm32f1xx_it.o
    0x08003bbc   0x08003bbc   0x00000012   Code   RO         2495    i.RTC_Bcd2ToByte    stm32f1xx_hal_rtc.o
    0x08003bce   0x08003bce   0x00000016   Code   RO         2496    i.RTC_ByteToBcd2    stm32f1xx_hal_rtc.o
    0x08003be4   0x08003be4   0x000000ae   Code   RO         2497    i.RTC_DateUpdate    stm32f1xx_hal_rtc.o
    0x08003c92   0x08003c92   0x00000034   Code   RO         2498    i.RTC_EnterInitMode  stm32f1xx_hal_rtc.o
    0x08003cc6   0x08003cc6   0x00000002   PAD
    0x08003cc8   0x08003cc8   0x00000036   Code   RO         2499    i.RTC_ExitInitMode  stm32f1xx_hal_rtc.o
    0x08003cfe   0x08003cfe   0x00000002   PAD
    0x08003d00   0x08003d00   0x0000000c   Code   RO          576    i.RTC_IRQHandler    stm32f1xx_it.o
    0x08003d0c   0x08003d0c   0x0000000e   Code   RO         2500    i.RTC_ReadAlarmCounter  stm32f1xx_hal_rtc.o
    0x08003d1a   0x08003d1a   0x00000020   Code   RO         2501    i.RTC_ReadTimeCounter  stm32f1xx_hal_rtc.o
    0x08003d3a   0x08003d3a   0x00000056   Code   RO         2502    i.RTC_WeekDayNum    stm32f1xx_hal_rtc.o
    0x08003d90   0x08003d90   0x00000028   Code   RO         2503    i.RTC_WriteAlarmCounter  stm32f1xx_hal_rtc.o
    0x08003db8   0x08003db8   0x00000028   Code   RO         2504    i.RTC_WriteTimeCounter  stm32f1xx_hal_rtc.o
    0x08003de0   0x08003de0   0x00000042   Code   RO         4090    i.SSD1306_DrawLine2  oled12864.o
    0x08003e22   0x08003e22   0x00000002   PAD
    0x08003e24   0x08003e24   0x00000040   Code   RO         4091    i.SSD1306_DrawPixel  oled12864.o
    0x08003e64   0x08003e64   0x00000018   Code   RO         4094    i.SSD1306_Fill      oled12864.o
    0x08003e7c   0x08003e7c   0x0000000c   Code   RO         4095    i.SSD1306_GotoXY    oled12864.o
    0x08003e88   0x08003e88   0x00000108   Code   RO         4096    i.SSD1306_Init      oled12864.o
    0x08003f90   0x08003f90   0x000000e0   Code   RO         4099    i.SSD1306_Putc      oled12864.o
    0x08004070   0x08004070   0x0000002c   Code   RO         4100    i.SSD1306_Puts      oled12864.o
    0x0800409c   0x0800409c   0x0000003c   Code   RO         4102    i.SSD1306_UpdateScreen  oled12864.o
    0x080040d8   0x080040d8   0x0000002c   Code   RO         4103    i.SSD1306_Write     oled12864.o
    0x08004104   0x08004104   0x00000050   Code   RO         4104    i.SSD306_Write_DATA  oled12864.o
    0x08004154   0x08004154   0x00000002   Code   RO          577    i.SVC_Handler       stm32f1xx_it.o
    0x08004156   0x08004156   0x00000004   Code   RO          578    i.SysTick_Handler   stm32f1xx_it.o
    0x0800415a   0x0800415a   0x00000064   Code   RO           17    i.SystemClock_Config  main.o
    0x080041be   0x080041be   0x00000002   PAD
    0x080041c0   0x080041c0   0x0000004c   Code   RO         4005    i.SystemInit        system_stm32f1xx.o
    0x0800420c   0x0800420c   0x00000098   Code   RO         2840    i.TIM_Base_SetConfig  stm32f1xx_hal_tim.o
    0x080042a4   0x080042a4   0x00000010   Code   RO         3716    i.UART_DMAAbortOnError  stm32f1xx_hal_uart.o
    0x080042b4   0x080042b4   0x0000004a   Code   RO         3717    i.UART_DMAError     stm32f1xx_hal_uart.o
    0x080042fe   0x080042fe   0x0000003c   Code   RO         3718    i.UART_DMAReceiveCplt  stm32f1xx_hal_uart.o
    0x0800433a   0x0800433a   0x0000000a   Code   RO         3720    i.UART_DMARxHalfCplt  stm32f1xx_hal_uart.o
    0x08004344   0x08004344   0x0000001c   Code   RO         3726    i.UART_EndRxTransfer  stm32f1xx_hal_uart.o
    0x08004360   0x08004360   0x00000012   Code   RO         3727    i.UART_EndTxTransfer  stm32f1xx_hal_uart.o
    0x08004372   0x08004372   0x00000096   Code   RO         3728    i.UART_Receive_IT   stm32f1xx_hal_uart.o
    0x08004408   0x08004408   0x00000130   Code   RO         3729    i.UART_SetConfig    stm32f1xx_hal_uart.o
    0x08004538   0x08004538   0x00000062   Code   RO         3730    i.UART_Transmit_IT  stm32f1xx_hal_uart.o
    0x0800459a   0x0800459a   0x00000064   Code   RO         3731    i.UART_WaitOnFlagUntilTimeout  stm32f1xx_hal_uart.o
    0x080045fe   0x080045fe   0x00000002   PAD
    0x08004600   0x08004600   0x0000000c   Code   RO          579    i.USART1_IRQHandler  stm32f1xx_it.o
    0x0800460c   0x0800460c   0x0000000c   Code   RO          580    i.USART2_IRQHandler  stm32f1xx_it.o
    0x08004618   0x08004618   0x00000002   Code   RO          581    i.UsageFault_Handler  stm32f1xx_it.o
    0x0800461a   0x0800461a   0x00000002   PAD
    0x0800461c   0x0800461c   0x00000020   Code   RO         4555    i.__0printf         mc_w.l(printfa.o)
    0x0800463c   0x0800463c   0x00000028   Code   RO         4557    i.__0sprintf        mc_w.l(printfa.o)
    0x08004664   0x08004664   0x00000020   Code   RO         1509    i.__NVIC_SetPriority  stm32f1xx_hal_cortex.o
    0x08004684   0x08004684   0x0000000e   Code   RO         4667    i.__scatterload_copy  mc_w.l(handlers.o)
    0x08004692   0x08004692   0x00000002   Code   RO         4668    i.__scatterload_null  mc_w.l(handlers.o)
    0x08004694   0x08004694   0x0000000e   Code   RO         4669    i.__scatterload_zeroinit  mc_w.l(handlers.o)
    0x080046a2   0x080046a2   0x00000002   PAD
    0x080046a4   0x080046a4   0x00000184   Code   RO         4562    i._fp_digits        mc_w.l(printfa.o)
    0x08004828   0x08004828   0x000006dc   Code   RO         4563    i._printf_core      mc_w.l(printfa.o)
    0x08004f04   0x08004f04   0x00000024   Code   RO         4564    i._printf_post_padding  mc_w.l(printfa.o)
    0x08004f28   0x08004f28   0x0000002e   Code   RO         4565    i._printf_pre_padding  mc_w.l(printfa.o)
    0x08004f56   0x08004f56   0x0000000a   Code   RO         4567    i._sputc            mc_w.l(printfa.o)
    0x08004f60   0x08004f60   0x00000018   Code   RO          511    i.fputc             usart.o
    0x08004f78   0x08004f78   0x00000050   Code   RO         4583    i.free              mc_w.l(malloc.o)
    0x08004fc8   0x08004fc8   0x0000014c   Code   RO           18    i.main              main.o
    0x08005114   0x08005114   0x0000006c   Code   RO         4584    i.malloc            mc_w.l(malloc.o)
    0x08005180   0x08005180   0x00000044   Code   RO          408    i.setAlarm          rtc.o
    0x080051c4   0x080051c4   0x00000010   Data   RO         4006    .constdata          system_stm32f1xx.o
    0x080051d4   0x080051d4   0x00000008   Data   RO         4007    .constdata          system_stm32f1xx.o
    0x080051dc   0x080051dc   0x00000228   Data   RO         4251    .constdata          fonts.o
    0x08005404   0x08005404   0x00000020   Data   RO         4665    Region$$Table       anon$$obj.o


    Execution Region RW_IRAM1 (Exec base: 0x20000000, Load base: 0x08005424, Size: 0x00000d00, Max: 0x00002000, ABSOLUTE)

    Exec Addr    Load Addr    Size         Type   Attr      Idx    E Section Name        Object

    0x20000000   0x08005424   0x00000015   Data   RW           20    .data               main.o
    0x20000015   0x08005439   0x00000003   PAD
    0x20000018   0x0800543c   0x00000008   Data   RW          300    .data               crc.o
    0x20000020   0x08005444   0x0000000c   Data   RW         1046    .data               stm32f1xx_hal.o
    0x2000002c   0x08005450   0x00000004   Data   RW         4008    .data               system_stm32f1xx.o
    0x20000030   0x08005454   0x00000004   Data   RW         4045    .data               delay.o
    0x20000034   0x08005458   0x00000006   Data   RW         4106    .data               oled12864.o
    0x2000003a   0x0800545e   0x00000002   PAD
    0x2000003c   0x08005460   0x00000008   Data   RW         4254    .data               fonts.o
    0x20000044   0x08005468   0x00000004   Data   RW         4635    .data               mc_w.l(stdout.o)
    0x20000048   0x0800546c   0x00000004   Data   RW         4644    .data               mc_w.l(mvars.o)
    0x2000004c   0x08005470   0x00000004   Data   RW         4645    .data               mc_w.l(mvars.o)
    0x20000050        -       0x00000074   Zero   RW          258    .bss                adc.o
    0x200000c4        -       0x00000054   Zero   RW          366    .bss                i2c.o
    0x20000118        -       0x00000014   Zero   RW          411    .bss                rtc.o
    0x2000012c        -       0x00000040   Zero   RW          468    .bss                tim.o
    0x2000016c        -       0x00000190   Zero   RW          512    .bss                usart.o
    0x200002fc        -       0x00000400   Zero   RW         4105    .bss                oled12864.o
    0x200006fc   0x08005474   0x00000004   PAD
    0x20000700        -       0x00000200   Zero   RW            2    HEAP                startup_stm32f100xb.o
    0x20000900        -       0x00000400   Zero   RW            1    STACK               startup_stm32f100xb.o


==============================================================================

Image component sizes


      Code (inc. data)   RO Data    RW Data    ZI Data      Debug   Object Name

       240         32          0          0        116       1607   adc.o
        76         18          0          8          0       1347   crc.o
       104         18          0          4          0       1136   delay.o
       108          4          0          0          0        718   dma.o
         0          0        552          8          0       1316   fonts.o
       144         14          0          0          0        851   gpio.o
       188         26          0          0         84       1509   i2c.o
       666        172          0         21          0     316980   main.o
       882         44          0          6       1024       7578   oled12864.o
       288         24          0          0         20       2114   rtc.o
        36          8        288          0       1536        780   startup_stm32f100xb.o
       114         20          0         12          0       5433   stm32f1xx_hal.o
      1284         46          0          0          0       9406   stm32f1xx_hal_adc.o
       202          6          0          0          0       1875   stm32f1xx_hal_adc_ex.o
       222         14          0          0          0      29365   stm32f1xx_hal_cortex.o
        34          0          0          0          0        979   stm32f1xx_hal_crc.o
       744         36          0          0          0       4705   stm32f1xx_hal_dma.o
       490         34          0          0          0       2820   stm32f1xx_hal_gpio.o
      4236         58          0          0          0      25167   stm32f1xx_hal_i2c.o
        60          8          0          0          0        794   stm32f1xx_hal_msp.o
        12          4          0          0          0        491   stm32f1xx_hal_pwr.o
      1220        108          0          0          0       4956   stm32f1xx_hal_rcc.o
       312         20          0          0          0       2161   stm32f1xx_hal_rcc_ex.o
      1618         28          0          0          0      13110   stm32f1xx_hal_rtc.o
       138         10          0          0          0       3328   stm32f1xx_hal_rtc_ex.o
       304         26          0          0          0       2922   stm32f1xx_hal_tim.o
        66          0          0          0          0       1256   stm32f1xx_hal_tim_ex.o
      1572         24          0          0          0      11806   stm32f1xx_hal_uart.o
       164         72          0          0          0       8465   stm32f1xx_it.o
        76         16         24          4          0       1091   system_stm32f1xx.o
       248         22          0          0         64       1673   tim.o
       540         46          0          0        400       3035   usart.o

    ----------------------------------------------------------------------
     16440        958        896         68       3248     470774   Object Totals
         0          0         32          0          0          0   (incl. Generated)
        52          0          0          5          4          0   (incl. Padding)

    ----------------------------------------------------------------------

      Code (inc. data)   RO Data    RW Data    ZI Data      Debug   Library Member Name

         0          0          0          0          0          0   entry.o
         0          0          0          0          0          0   entry10a.o
         0          0          0          0          0          0   entry11a.o
         8          4          0          0          0          0   entry2.o
         4          0          0          0          0          0   entry5.o
         0          0          0          0          0          0   entry7b.o
         0          0          0          0          0          0   entry8b.o
         8          4          0          0          0          0   entry9a.o
        30          0          0          0          0          0   handlers.o
        36          8          0          0          0         68   init.o
         0          0          0          0          0          0   iusefp.o
        30          0          0          0          0         68   llshl.o
        36          0          0          0          0         68   llsshr.o
        32          0          0          0          0         68   llushr.o
       188         20          0          0          0        160   malloc.o
        36          0          0          0          0        108   memseta.o
         0          0          0          8          0          0   mvars.o
      2308         96          0          0          0        604   printfa.o
         0          0          0          4          0          0   stdout.o
        44          0          0          0          0         80   uidiv.o
        98          0          0          0          0         92   uldiv.o
        48          0          0          0          0         68   cdrcmple.o
        56          0          0          0          0         88   d2f.o
       334          0          0          0          0        148   dadd.o
       222          0          0          0          0        100   ddiv.o
       186          0          0          0          0        176   depilogue.o
        48          0          0          0          0         68   dfixul.o
        26          0          0          0          0         76   dfltui.o
       228          0          0          0          0         96   dmul.o
        46          0          0          0          0         80   dscalb.o
        38          0          0          0          0         68   f2d.o
       110          0          0          0          0        168   fepilogue.o

    ----------------------------------------------------------------------
      4204        132          0         12          0       2452   Library Totals
         4          0          0          0          0          0   (incl. Padding)

    ----------------------------------------------------------------------

      Code (inc. data)   RO Data    RW Data    ZI Data      Debug   Library Name

      2858        132          0         12          0       1316   mc_w.l
      1342          0          0          0          0       1136   mf_w.l

    ----------------------------------------------------------------------
      4204        132          0         12          0       2452   Library Totals

    ----------------------------------------------------------------------

==============================================================================


      Code (inc. data)   RO Data    RW Data    ZI Data      Debug   

     20644       1090        896         80       3248     463342   Grand Totals
     20644       1090        896         80       3248     463342   ELF Image Totals
     20644       1090        896         80          0          0   ROM Totals

==============================================================================

    Total RO  Size (Code + RO Data)                21540 (  21.04kB)
    Total RW  Size (RW Data + ZI Data)              3328 (   3.25kB)
    Total ROM Size (Code + RO Data + RW Data)      21620 (  21.11kB)

==============================================================================

